2025-09-21 14:19:32,835 - INFO - ============================================================
2025-09-21 14:19:32,836 - INFO - Instagram Following Accounts Auto Scraper Starting
2025-09-21 14:19:32,836 - INFO - ============================================================
2025-09-21 14:19:32,836 - INFO - Starting Instagram Following Accounts Auto Scraper
2025-09-21 14:19:32,840 - INFO - Account Categories:
2025-09-21 14:19:32,840 - INFO -   unprocessed: 381 accounts (20.5%)
2025-09-21 14:19:32,840 - INFO -   incomplete: 1202 accounts (64.6%)
2025-09-21 14:19:32,840 - INFO -   rate_limited: 2 accounts (0.1%)
2025-09-21 14:19:32,840 - INFO -   complete: 109 accounts (5.9%)
2025-09-21 14:19:32,840 - INFO -   skipped: 141 accounts (7.6%)
2025-09-21 14:19:32,840 - INFO -   empty: 27 accounts (1.5%)
2025-09-21 14:19:32,840 - INFO - 
============================================================
2025-09-21 14:19:32,840 - INFO - PROGRESS SUMMARY
2025-09-21 14:19:32,840 - INFO - ============================================================
2025-09-21 14:19:32,840 - INFO - Total accounts to scrape: 1862
2025-09-21 14:19:32,840 - INFO - ✓ Fully completed: 109 (5.9%)
2025-09-21 14:19:32,840 - INFO - ⚠ Partially scraped: 1202 (64.6%)
2025-09-21 14:19:32,840 - INFO - ✗ Not attempted: 381 (20.5%)
2025-09-21 14:19:32,840 - INFO - 
Estimated to complete: ~197 sessions (~9.8 days)
2025-09-21 14:19:32,840 - INFO - ============================================================

2025-09-21 14:19:32,843 - INFO - Account Categories:
2025-09-21 14:19:32,843 - INFO -   unprocessed: 381 accounts (20.5%)
2025-09-21 14:19:32,843 - INFO -   incomplete: 1202 accounts (64.6%)
2025-09-21 14:19:32,843 - INFO -   rate_limited: 2 accounts (0.1%)
2025-09-21 14:19:32,843 - INFO -   complete: 109 accounts (5.9%)
2025-09-21 14:19:32,843 - INFO -   skipped: 141 accounts (7.6%)
2025-09-21 14:19:32,843 - INFO -   empty: 27 accounts (1.5%)
2025-09-21 14:19:32,843 - INFO - Saved data to instagram_data/daily_sessions.json
2025-09-21 14:19:32,843 - INFO - Calculated batch size: 9
2025-09-21 14:19:32,844 - INFO - Starting following scraping session with batch size 9
