2025-09-21 10:23:32,825 - INFO - ============================================================
2025-09-21 10:23:32,825 - INFO - Instagram Following Accounts Auto Scraper Starting
2025-09-21 10:23:32,825 - INFO - ============================================================
2025-09-21 10:23:32,825 - INFO - Starting Instagram Following Accounts Auto Scraper
2025-09-21 10:23:32,830 - INFO - Account Categories:
2025-09-21 10:23:32,830 - INFO -   unprocessed: 388 accounts (20.8%)
2025-09-21 10:23:32,830 - INFO -   incomplete: 1198 accounts (64.3%)
2025-09-21 10:23:32,830 - INFO -   rate_limited: 2 accounts (0.1%)
2025-09-21 10:23:32,830 - INFO -   complete: 109 accounts (5.9%)
2025-09-21 10:23:32,830 - INFO -   skipped: 139 accounts (7.5%)
2025-09-21 10:23:32,830 - INFO -   empty: 26 accounts (1.4%)
2025-09-21 10:23:32,830 - INFO - 
============================================================
2025-09-21 10:23:32,830 - INFO - PROGRESS SUMMARY
2025-09-21 10:23:32,830 - INFO - ============================================================
2025-09-21 10:23:32,830 - INFO - Total accounts to scrape: 1862
2025-09-21 10:23:32,830 - INFO - ✓ Fully completed: 109 (5.9%)
2025-09-21 10:23:32,830 - INFO - ⚠ Partially scraped: 1198 (64.3%)
2025-09-21 10:23:32,830 - INFO - ✗ Not attempted: 388 (20.8%)
2025-09-21 10:23:32,830 - INFO - 
Estimated to complete: ~198 sessions (~9.9 days)
2025-09-21 10:23:32,830 - INFO - ============================================================

2025-09-21 10:23:32,833 - INFO - Account Categories:
2025-09-21 10:23:32,833 - INFO -   unprocessed: 388 accounts (20.8%)
2025-09-21 10:23:32,833 - INFO -   incomplete: 1198 accounts (64.3%)
2025-09-21 10:23:32,833 - INFO -   rate_limited: 2 accounts (0.1%)
2025-09-21 10:23:32,834 - INFO -   complete: 109 accounts (5.9%)
2025-09-21 10:23:32,834 - INFO -   skipped: 139 accounts (7.5%)
2025-09-21 10:23:32,834 - INFO -   empty: 26 accounts (1.4%)
2025-09-21 10:23:32,834 - INFO - Saved data to instagram_data/daily_sessions.json
2025-09-21 10:23:32,834 - INFO - Calculated batch size: 9
2025-09-21 10:23:32,834 - INFO - Starting following scraping session with batch size 9
2025-09-21 10:25:21,248 - INFO - SCRAPER: Loaded scraping progress: 1476 accounts processed
2025-09-21 10:25:21,248 - INFO - SCRAPER: Will process 9 accounts in this session
2025-09-21 10:25:21,248 - INFO - SCRAPER: Logged in using button: //button[contains(.,'Log in')]
2025-09-21 10:25:21,248 - INFO - SCRAPER: Login might have failed. Current URL still shows login page.
2025-09-21 10:25:21,248 - INFO - SCRAPER: Rate limit statistics: 2 accounts marked as rate-limited
2025-09-21 10:25:21,248 - INFO - SCRAPER: Examples of rate-limited accounts: ['benton.down', 'yuukakazami0']
2025-09-21 10:25:21,248 - INFO - SCRAPER: Loaded 1862 links from instagram_data/followingLinks.txt
2025-09-21 10:25:21,248 - INFO - SCRAPER: Loaded adjacency list from instagram_data/adjList.txt
2025-09-21 10:25:21,248 - INFO - SCRAPER: Deduplicating adjacency list...
2025-09-21 10:25:21,248 - INFO - SCRAPER: No duplicates found in adjList.txt
2025-09-21 10:25:21,248 - INFO - SCRAPER: Found 6161 accounts that have already been processed
2025-09-21 10:25:21,248 - INFO - SCRAPER: Starting batch processing of 9 accounts
2025-09-21 10:25:21,248 - INFO - SCRAPER: Pre-checking accounts to prioritize ones with reasonable follower/following counts...
2025-09-21 10:25:21,249 - INFO - SCRAPER: ✓ soloslop.memes: Good candidate with 79 followers, 63 following
2025-09-21 10:25:21,249 - INFO - SCRAPER: ✓ phillipsauction: Good candidate with 462 followers, 441 following
2025-09-21 10:25:21,249 - INFO - SCRAPER: ✓ filmmovement: Good candidate with 0 followers, 0 following
2025-09-21 10:25:21,249 - INFO - SCRAPER: ✓ asian_redbozicowboy: Good candidate with 63 followers, 158 following
2025-09-21 10:25:21,249 - INFO - SCRAPER: ✓ ccpxi_8964: Good candidate with 50 followers, 120 following
2025-09-21 10:25:21,249 - INFO - SCRAPER: ✓ ngr.ev: Good candidate with 392 followers, 306 following
2025-09-21 10:25:21,249 - INFO - SCRAPER: ✓ cinema_nighttt: Good candidate with 431 followers, 17 following
2025-09-21 10:25:21,249 - INFO - SCRAPER: ✓ thedizzyviper: Good candidate with 183 followers, 959 following
2025-09-21 10:25:21,249 - INFO - SCRAPER: ✓ laclefrevival: Good candidate with 0 followers, 0 following
2025-09-21 10:25:21,249 - INFO - SCRAPER: ✓ byboyfantasy: Good candidate with 0 followers, 0 following
2025-09-21 10:25:21,249 - INFO - SCRAPER: ✓ manofdutch: Good candidate with 40 followers, 78 following
2025-09-21 10:25:21,249 - INFO - SCRAPER: ✓ thefineartcollective: Good candidate with 0 followers, 0 following
2025-09-21 10:25:21,249 - INFO - SCRAPER: Found 12 accounts with reasonable follower/following counts
2025-09-21 10:25:21,249 - INFO - SCRAPER: Links reordered to prioritize accounts with reasonable follower/following counts
2025-09-21 10:25:21,249 - INFO - SCRAPER: Randomly selecting 9 accounts from 1862 available accounts
2025-09-21 10:25:21,249 - INFO - SCRAPER: Processing: https://www.instagram.com/ckminty/
2025-09-21 10:25:21,249 - INFO - SCRAPER: Account ckminty already fully processed. Skipping.
2025-09-21 10:25:21,249 - INFO - SCRAPER: Added 0 new relationships to adjacency list (total: 25025)
2025-09-21 10:25:21,249 - INFO - SCRAPER: Completed 1/9 accounts. 1862 remaining in queue.
2025-09-21 10:25:21,249 - INFO - SCRAPER: Waiting 5 seconds before next account...
2025-09-21 10:25:21,249 - INFO - SCRAPER: Processing: https://www.instagram.com/daphnefitzpatrick/
2025-09-21 10:25:21,249 - INFO - SCRAPER: Account daphnefitzpatrick already fully processed. Skipping.
2025-09-21 10:25:21,249 - INFO - SCRAPER: Added 0 new relationships to adjacency list (total: 25025)
2025-09-21 10:25:21,249 - INFO - SCRAPER: Completed 2/9 accounts. 1862 remaining in queue.
2025-09-21 10:25:21,249 - INFO - SCRAPER: Waiting 5 seconds before next account...
2025-09-21 10:25:21,249 - INFO - SCRAPER: Processing: https://www.instagram.com/lsmartfund/
2025-09-21 10:25:21,249 - INFO - SCRAPER: Account lsmartfund already fully processed. Skipping.
2025-09-21 10:25:21,249 - INFO - SCRAPER: Added 0 new relationships to adjacency list (total: 25025)
2025-09-21 10:25:21,249 - INFO - SCRAPER: Completed 3/9 accounts. 1862 remaining in queue.
2025-09-21 10:25:21,249 - INFO - SCRAPER: Waiting 5 seconds before next account...
2025-09-21 10:25:21,249 - INFO - SCRAPER: Processing: https://www.instagram.com/oneice/
2025-09-21 10:25:21,249 - INFO - SCRAPER: Account oneice already fully processed. Skipping.
2025-09-21 10:25:21,249 - INFO - SCRAPER: Added 0 new relationships to adjacency list (total: 25025)
2025-09-21 10:25:21,249 - INFO - SCRAPER: Completed 4/9 accounts. 1862 remaining in queue.
2025-09-21 10:25:21,249 - INFO - SCRAPER: Waiting 5 seconds before next account...
2025-09-21 10:25:21,249 - INFO - SCRAPER: Processing: https://www.instagram.com/neonnights11.11/
2025-09-21 10:25:21,249 - INFO - SCRAPER: Account neonnights11.11 already fully processed. Skipping.
2025-09-21 10:25:21,249 - INFO - SCRAPER: Added 0 new relationships to adjacency list (total: 25025)
2025-09-21 10:25:21,249 - INFO - SCRAPER: Completed 5/9 accounts. 1862 remaining in queue.
2025-09-21 10:25:21,249 - INFO - SCRAPER: Waiting 5 seconds before next account...
2025-09-21 10:25:21,249 - INFO - SCRAPER: Processing: https://www.instagram.com/alphachanneling/
2025-09-21 10:25:21,249 - INFO - SCRAPER: Account alphachanneling already fully processed. Skipping.
2025-09-21 10:25:21,249 - INFO - SCRAPER: Added 0 new relationships to adjacency list (total: 25025)
2025-09-21 10:25:21,249 - INFO - SCRAPER: Completed 6/9 accounts. 1862 remaining in queue.
2025-09-21 10:25:21,249 - INFO - SCRAPER: Waiting 5 seconds before next account...
2025-09-21 10:25:21,249 - INFO - SCRAPER: Processing: https://www.instagram.com/healthyactivest/
2025-09-21 10:25:21,249 - INFO - SCRAPER: Account healthyactivest already fully processed. Skipping.
2025-09-21 10:25:21,249 - INFO - SCRAPER: Added 0 new relationships to adjacency list (total: 25025)
2025-09-21 10:25:21,249 - INFO - SCRAPER: Completed 7/9 accounts. 1862 remaining in queue.
2025-09-21 10:25:21,249 - INFO - SCRAPER: Waiting 5 seconds before next account...
2025-09-21 10:25:21,249 - INFO - SCRAPER: Processing: https://www.instagram.com/tbh_tizzy/
2025-09-21 10:25:21,249 - INFO - SCRAPER: Account tbh_tizzy already fully processed. Skipping.
2025-09-21 10:25:21,249 - INFO - SCRAPER: Added 0 new relationships to adjacency list (total: 25025)
2025-09-21 10:25:21,249 - INFO - SCRAPER: Completed 8/9 accounts. 1862 remaining in queue.
2025-09-21 10:25:21,249 - INFO - SCRAPER: Waiting 5 seconds before next account...
2025-09-21 10:25:21,249 - INFO - SCRAPER: Processing: https://www.instagram.com/between.mirrors/
2025-09-21 10:25:21,249 - INFO - SCRAPER: Account between.mirrors already fully processed. Skipping.
2025-09-21 10:25:21,249 - INFO - SCRAPER: Added 0 new relationships to adjacency list (total: 25025)
2025-09-21 10:25:21,249 - INFO - SCRAPER: Completed 9/9 accounts. 1862 remaining in queue.
2025-09-21 10:25:21,249 - INFO - SCRAPER: Waiting 5 seconds before next account...
2025-09-21 10:25:21,249 - INFO - SCRAPER: Batch complete! Processed 9 accounts (0 were rate-limited and will be retried later).
2025-09-21 10:25:21,249 - INFO - SCRAPER: 1862 links remaining for future sessions.
2025-09-21 10:25:21,249 - INFO - SCRAPER: Browser closed. Script complete.
2025-09-21 10:25:21,322 - INFO - Session completed successfully
2025-09-21 10:25:21,325 - INFO - Account Categories:
2025-09-21 10:25:21,325 - INFO -   unprocessed: 388 accounts (20.8%)
2025-09-21 10:25:21,325 - INFO -   incomplete: 1198 accounts (64.3%)
2025-09-21 10:25:21,325 - INFO -   rate_limited: 2 accounts (0.1%)
2025-09-21 10:25:21,325 - INFO -   complete: 109 accounts (5.9%)
2025-09-21 10:25:21,325 - INFO -   skipped: 139 accounts (7.5%)
2025-09-21 10:25:21,325 - INFO -   empty: 26 accounts (1.4%)
2025-09-21 10:25:21,326 - INFO - 
============================================================
2025-09-21 10:25:21,326 - INFO - PROGRESS SUMMARY
2025-09-21 10:25:21,326 - INFO - ============================================================
2025-09-21 10:25:21,326 - INFO - Total accounts to scrape: 1862
2025-09-21 10:25:21,326 - INFO - ✓ Fully completed: 109 (5.9%)
2025-09-21 10:25:21,326 - INFO - ⚠ Partially scraped: 1198 (64.3%)
2025-09-21 10:25:21,326 - INFO - ✗ Not attempted: 388 (20.8%)
2025-09-21 10:25:21,326 - INFO - 
Estimated to complete: ~198 sessions (~9.9 days)
2025-09-21 10:25:21,326 - INFO - ============================================================

2025-09-21 10:25:21,326 - INFO - Waiting 40 minutes until 11:05:21
2025-09-21 10:32:19,848 - INFO - Script interrupted by user
2025-09-21 10:32:19,849 - INFO - Auto scraper ended
