2025-09-21 10:32:21,363 - INFO - ============================================================
2025-09-21 10:32:21,363 - INFO - Instagram Following Accounts Auto Scraper Starting
2025-09-21 10:32:21,363 - INFO - ============================================================
2025-09-21 10:32:21,363 - INFO - Starting Instagram Following Accounts Auto Scraper
2025-09-21 10:32:21,367 - INFO - Account Categories:
2025-09-21 10:32:21,367 - INFO -   unprocessed: 388 accounts (20.8%)
2025-09-21 10:32:21,367 - INFO -   incomplete: 1198 accounts (64.3%)
2025-09-21 10:32:21,367 - INFO -   rate_limited: 2 accounts (0.1%)
2025-09-21 10:32:21,367 - INFO -   complete: 109 accounts (5.9%)
2025-09-21 10:32:21,367 - INFO -   skipped: 139 accounts (7.5%)
2025-09-21 10:32:21,367 - INFO -   empty: 26 accounts (1.4%)
2025-09-21 10:32:21,367 - INFO - 
============================================================
2025-09-21 10:32:21,367 - INFO - PROGRESS SUMMARY
2025-09-21 10:32:21,367 - INFO - ============================================================
2025-09-21 10:32:21,367 - INFO - Total accounts to scrape: 1862
2025-09-21 10:32:21,367 - INFO - ✓ Fully completed: 109 (5.9%)
2025-09-21 10:32:21,367 - INFO - ⚠ Partially scraped: 1198 (64.3%)
2025-09-21 10:32:21,367 - INFO - ✗ Not attempted: 388 (20.8%)
2025-09-21 10:32:21,367 - INFO - 
Estimated to complete: ~198 sessions (~9.9 days)
2025-09-21 10:32:21,367 - INFO - ============================================================

2025-09-21 10:32:21,371 - INFO - Account Categories:
2025-09-21 10:32:21,371 - INFO -   unprocessed: 388 accounts (20.8%)
2025-09-21 10:32:21,371 - INFO -   incomplete: 1198 accounts (64.3%)
2025-09-21 10:32:21,371 - INFO -   rate_limited: 2 accounts (0.1%)
2025-09-21 10:32:21,371 - INFO -   complete: 109 accounts (5.9%)
2025-09-21 10:32:21,371 - INFO -   skipped: 139 accounts (7.5%)
2025-09-21 10:32:21,371 - INFO -   empty: 26 accounts (1.4%)
2025-09-21 10:32:21,372 - INFO - Saved data to instagram_data/daily_sessions.json
2025-09-21 10:32:21,372 - INFO - Calculated batch size: 11
2025-09-21 10:32:21,372 - INFO - Starting following scraping session with batch size 11
2025-09-21 10:37:36,647 - INFO - SCRAPER: Loaded scraping progress: 1476 accounts processed
2025-09-21 10:37:36,648 - INFO - SCRAPER: Will process 11 accounts in this session
2025-09-21 10:37:36,648 - INFO - SCRAPER: Logged in using button: //button[contains(.,'Log in')]
2025-09-21 10:37:36,648 - INFO - SCRAPER: Login might have failed. Current URL still shows login page.
2025-09-21 10:37:36,648 - INFO - SCRAPER: Rate limit statistics: 2 accounts marked as rate-limited
2025-09-21 10:37:36,648 - INFO - SCRAPER: Examples of rate-limited accounts: ['benton.down', 'yuukakazami0']
2025-09-21 10:37:36,648 - INFO - SCRAPER: Loaded 1862 links from instagram_data/followingLinks.txt
2025-09-21 10:37:36,648 - INFO - SCRAPER: Loaded adjacency list from instagram_data/adjList.txt
2025-09-21 10:37:36,648 - INFO - SCRAPER: Deduplicating adjacency list...
2025-09-21 10:37:36,648 - INFO - SCRAPER: No duplicates found in adjList.txt
2025-09-21 10:37:36,648 - INFO - SCRAPER: Found 6161 accounts that have already been processed
2025-09-21 10:37:36,648 - INFO - SCRAPER: Starting batch processing of 11 accounts
2025-09-21 10:37:36,648 - INFO - SCRAPER: Pre-checking accounts to prioritize ones with reasonable follower/following counts...
2025-09-21 10:37:36,648 - INFO - SCRAPER: ✓ soloslop.memes: Good candidate with 79 followers, 63 following
2025-09-21 10:37:36,648 - INFO - SCRAPER: ✓ phillipsauction: Good candidate with 0 followers, 0 following
2025-09-21 10:37:36,648 - INFO - SCRAPER: ✓ filmmovement: Good candidate with 0 followers, 0 following
2025-09-21 10:37:36,648 - INFO - SCRAPER: ✓ asian_redbozicowboy: Good candidate with 63 followers, 158 following
2025-09-21 10:37:36,648 - INFO - SCRAPER: ✓ ccpxi_8964: Good candidate with 50 followers, 120 following
2025-09-21 10:37:36,648 - INFO - SCRAPER: ✓ ngr.ev: Good candidate with 392 followers, 306 following
2025-09-21 10:37:36,648 - INFO - SCRAPER: ✓ cinema_nighttt: Good candidate with 431 followers, 17 following
2025-09-21 10:37:36,648 - INFO - SCRAPER: ✓ thedizzyviper: Good candidate with 183 followers, 959 following
2025-09-21 10:37:36,648 - INFO - SCRAPER: ✓ laclefrevival: Good candidate with 0 followers, 0 following
2025-09-21 10:37:36,648 - INFO - SCRAPER: ✓ byboyfantasy: Good candidate with 0 followers, 0 following
2025-09-21 10:37:36,648 - INFO - SCRAPER: ✓ manofdutch: Good candidate with 40 followers, 78 following
2025-09-21 10:37:36,649 - INFO - SCRAPER: ✓ thefineartcollective: Good candidate with 0 followers, 0 following
2025-09-21 10:37:36,649 - INFO - SCRAPER: ✓ shuheisakaue: Good candidate with 22 followers, 997 following
2025-09-21 10:37:36,649 - INFO - SCRAPER: ✓ catsoupai: Good candidate with 402 followers, 341 following
2025-09-21 10:37:36,649 - INFO - SCRAPER: Found 14 accounts with reasonable follower/following counts
2025-09-21 10:37:36,649 - INFO - SCRAPER: Links reordered to prioritize accounts with reasonable follower/following counts
2025-09-21 10:37:36,649 - INFO - SCRAPER: Randomly selecting 11 accounts from 1862 available accounts
2025-09-21 10:37:36,649 - INFO - SCRAPER: Processing: https://www.instagram.com/cindyfive_/
2025-09-21 10:37:36,649 - INFO - SCRAPER: Scraping cindyfive_
2025-09-21 10:37:36,649 - INFO - SCRAPER: cindyfive_: Followers: 1444, Following: 1359
2025-09-21 10:37:36,649 - INFO - SCRAPER: Scraping 1444 followers for cindyfive_...
2025-09-21 10:37:36,649 - INFO - SCRAPER: Scrolling page 1/10 for followers
2025-09-21 10:37:36,649 - INFO - SCRAPER: Added 0 new users (filtered 0 duplicates)
2025-09-21 10:37:36,649 - INFO - SCRAPER: Attempted fixed-distance scroll to bypass potential UI limitations
2025-09-21 10:37:36,649 - INFO - SCRAPER: Scrolling page 2/10 for followers
2025-09-21 10:37:36,649 - INFO - SCRAPER: Added 0 new users (filtered 0 duplicates)
2025-09-21 10:37:36,649 - INFO - SCRAPER: No new users found after 3 consecutive scrolls. Ending pagination.
2025-09-21 10:37:36,649 - INFO - SCRAPER: Total followers retrieved: 0 (0 new in this session)
2025-09-21 10:37:36,649 - INFO - SCRAPER: Retrieved 0 followers
2025-09-21 10:37:36,649 - INFO - SCRAPER: Scraping 1359 following for cindyfive_...
2025-09-21 10:37:36,649 - INFO - SCRAPER: Scrolling page 1/10 for following
2025-09-21 10:37:36,649 - INFO - SCRAPER: Added 0 new users (filtered 0 duplicates)
2025-09-21 10:37:36,649 - INFO - SCRAPER: Attempted fixed-distance scroll to bypass potential UI limitations
2025-09-21 10:37:36,649 - INFO - SCRAPER: Scrolling page 2/10 for following
2025-09-21 10:37:36,649 - INFO - SCRAPER: Added 0 new users (filtered 0 duplicates)
2025-09-21 10:37:36,649 - INFO - SCRAPER: No new users found after 3 consecutive scrolls. Ending pagination.
2025-09-21 10:37:36,649 - INFO - SCRAPER: Total following retrieved: 0 (0 new in this session)
2025-09-21 10:37:36,649 - INFO - SCRAPER: Retrieved 0 following
2025-09-21 10:37:36,649 - INFO - SCRAPER: Saved data to instagram_data/scraping_progress.json
2025-09-21 10:37:36,649 - INFO - SCRAPER: Added 0 new relationships to adjacency list (total: 25025)
2025-09-21 10:37:36,649 - INFO - SCRAPER: Completed 1/11 accounts. 1862 remaining in queue.
2025-09-21 10:37:36,649 - INFO - SCRAPER: Waiting 5 seconds before next account...
2025-09-21 10:37:36,649 - INFO - SCRAPER: Processing: https://www.instagram.com/ejmcd/
2025-09-21 10:37:36,649 - INFO - SCRAPER: Account ejmcd exists in progress data but is neither rate-limited nor processed. Re-attempting scrape.
2025-09-21 10:37:36,649 - INFO - SCRAPER: Scraping ejmcd
2025-09-21 10:37:36,649 - INFO - SCRAPER: Early detection: Account has too many followers (5076) or following (2260). Skipping detailed scraping.
2025-09-21 10:37:36,649 - INFO - SCRAPER: Saved data to instagram_data/scraping_progress.json
2025-09-21 10:37:36,649 - INFO - SCRAPER: Added 0 new relationships to adjacency list (total: 25025)
2025-09-21 10:37:36,649 - INFO - SCRAPER: Completed 2/11 accounts. 1862 remaining in queue.
2025-09-21 10:37:36,649 - INFO - SCRAPER: Waiting 5 seconds before next account...
2025-09-21 10:37:36,649 - INFO - SCRAPER: Processing: https://www.instagram.com/icp/
2025-09-21 10:37:36,649 - INFO - SCRAPER: Account icp exists in progress data but is neither rate-limited nor processed. Re-attempting scrape.
2025-09-21 10:37:36,649 - INFO - SCRAPER: Scraping icp
2025-09-21 10:37:36,649 - INFO - SCRAPER: Early detection: Account has too many followers (407) or following (3834). Skipping detailed scraping.
2025-09-21 10:37:36,650 - INFO - SCRAPER: Saved data to instagram_data/scraping_progress.json
2025-09-21 10:37:36,650 - INFO - SCRAPER: Added 0 new relationships to adjacency list (total: 25025)
2025-09-21 10:37:36,650 - INFO - SCRAPER: Completed 3/11 accounts. 1862 remaining in queue.
2025-09-21 10:37:36,650 - INFO - SCRAPER: Waiting 5 seconds before next account...
2025-09-21 10:37:36,650 - INFO - SCRAPER: Processing: https://www.instagram.com/between.mirrors/
2025-09-21 10:37:36,650 - INFO - SCRAPER: Account between.mirrors exists in progress data but is neither rate-limited nor processed. Re-attempting scrape.
2025-09-21 10:37:36,650 - INFO - SCRAPER: Scraping between.mirrors
2025-09-21 10:37:36,650 - INFO - SCRAPER: Early detection: Account has too many followers (909) or following (2456). Skipping detailed scraping.
2025-09-21 10:37:36,650 - INFO - SCRAPER: Saved data to instagram_data/scraping_progress.json
2025-09-21 10:37:36,650 - INFO - SCRAPER: Added 0 new relationships to adjacency list (total: 25025)
2025-09-21 10:37:36,650 - INFO - SCRAPER: Completed 4/11 accounts. 1862 remaining in queue.
2025-09-21 10:37:36,650 - INFO - SCRAPER: Waiting 5 seconds before next account...
2025-09-21 10:37:36,650 - INFO - SCRAPER: Processing: https://www.instagram.com/ngr.ev/
2025-09-21 10:37:36,650 - INFO - SCRAPER: Account ngr.ev already fully processed. Skipping.
2025-09-21 10:37:36,650 - INFO - SCRAPER: Added 0 new relationships to adjacency list (total: 25025)
2025-09-21 10:37:36,650 - INFO - SCRAPER: Completed 5/11 accounts. 1862 remaining in queue.
2025-09-21 10:37:36,650 - INFO - SCRAPER: Waiting 5 seconds before next account...
2025-09-21 10:37:36,650 - INFO - SCRAPER: Processing: https://www.instagram.com/debbieye_/
2025-09-21 10:37:36,650 - INFO - SCRAPER: Scraping debbieye_
2025-09-21 10:37:36,650 - INFO - SCRAPER: Early detection: Account has too many followers (8700) or following (269). Skipping detailed scraping.
2025-09-21 10:37:36,650 - INFO - SCRAPER: Saved data to instagram_data/scraping_progress.json
2025-09-21 10:37:36,650 - INFO - SCRAPER: Added 0 new relationships to adjacency list (total: 25025)
2025-09-21 10:37:36,650 - INFO - SCRAPER: Completed 6/11 accounts. 1862 remaining in queue.
2025-09-21 10:37:36,650 - INFO - SCRAPER: Waiting 5 seconds before next account...
2025-09-21 10:37:36,650 - INFO - SCRAPER: Processing: https://www.instagram.com/inga.makeyeva/
2025-09-21 10:37:36,650 - INFO - SCRAPER: Account inga.makeyeva exists in progress data but is neither rate-limited nor processed. Re-attempting scrape.
2025-09-21 10:37:36,650 - INFO - SCRAPER: Scraping inga.makeyeva
2025-09-21 10:37:36,650 - INFO - SCRAPER: Early detection: Account has too many followers (6824) or following (4058). Skipping detailed scraping.
2025-09-21 10:37:36,650 - INFO - SCRAPER: Saved data to instagram_data/scraping_progress.json
2025-09-21 10:37:36,650 - INFO - SCRAPER: Added 0 new relationships to adjacency list (total: 25025)
2025-09-21 10:37:36,650 - INFO - SCRAPER: Completed 7/11 accounts. 1862 remaining in queue.
2025-09-21 10:37:36,650 - INFO - SCRAPER: Waiting 5 seconds before next account...
2025-09-21 10:37:36,650 - INFO - SCRAPER: Processing: https://www.instagram.com/perpetual.passion/
2025-09-21 10:37:36,650 - INFO - SCRAPER: Scraping perpetual.passion
2025-09-21 10:37:36,650 - INFO - SCRAPER: Early detection: Account has too many followers (40) or following (2471). Skipping detailed scraping.
2025-09-21 10:37:36,650 - INFO - SCRAPER: Saved data to instagram_data/scraping_progress.json
2025-09-21 10:37:36,650 - INFO - SCRAPER: Added 0 new relationships to adjacency list (total: 25025)
2025-09-21 10:37:36,650 - INFO - SCRAPER: Completed 8/11 accounts. 1862 remaining in queue.
2025-09-21 10:37:36,650 - INFO - SCRAPER: Waiting 5 seconds before next account...
2025-09-21 10:37:36,650 - INFO - SCRAPER: Processing: https://www.instagram.com/maslom_na_hleb/
2025-09-21 10:37:36,650 - INFO - SCRAPER: Account maslom_na_hleb exists in progress data but is neither rate-limited nor processed. Re-attempting scrape.
2025-09-21 10:37:36,650 - INFO - SCRAPER: Scraping maslom_na_hleb
2025-09-21 10:37:36,650 - INFO - SCRAPER: Early detection: Account has too many followers (4275) or following (435). Skipping detailed scraping.
2025-09-21 10:37:36,650 - INFO - SCRAPER: Saved data to instagram_data/scraping_progress.json
2025-09-21 10:37:36,650 - INFO - SCRAPER: Added 0 new relationships to adjacency list (total: 25025)
2025-09-21 10:37:36,650 - INFO - SCRAPER: Completed 9/11 accounts. 1862 remaining in queue.
2025-09-21 10:37:36,650 - INFO - SCRAPER: Waiting 5 seconds before next account...
2025-09-21 10:37:36,650 - INFO - SCRAPER: Processing: https://www.instagram.com/audiogearz/
2025-09-21 10:37:36,650 - INFO - SCRAPER: Account audiogearz exists in progress data but is neither rate-limited nor processed. Re-attempting scrape.
2025-09-21 10:37:36,651 - INFO - SCRAPER: Scraping audiogearz
2025-09-21 10:37:36,651 - INFO - SCRAPER: Early detection: Account has too many followers (300) or following (2111). Skipping detailed scraping.
2025-09-21 10:37:36,651 - INFO - SCRAPER: Saved data to instagram_data/scraping_progress.json
2025-09-21 10:37:36,651 - INFO - SCRAPER: Added 0 new relationships to adjacency list (total: 25025)
2025-09-21 10:37:36,651 - INFO - SCRAPER: Completed 10/11 accounts. 1862 remaining in queue.
2025-09-21 10:37:36,651 - INFO - SCRAPER: Waiting 5 seconds before next account...
2025-09-21 10:37:36,651 - INFO - SCRAPER: Processing: https://www.instagram.com/scattoitaliano/
2025-09-21 10:37:36,651 - INFO - SCRAPER: Scraping scattoitaliano
2025-09-21 10:37:36,651 - INFO - SCRAPER: scattoitaliano: Followers: 24, Following: 1419
2025-09-21 10:37:36,651 - INFO - SCRAPER: Scraping 24 followers for scattoitaliano...
2025-09-21 10:37:36,651 - INFO - SCRAPER: Scrolling page 1/10 for followers
2025-09-21 10:37:36,651 - INFO - SCRAPER: Added 0 new users (filtered 0 duplicates)
2025-09-21 10:37:36,651 - INFO - SCRAPER: Attempted fixed-distance scroll to bypass potential UI limitations
2025-09-21 10:37:36,651 - INFO - SCRAPER: Scrolling page 2/10 for followers
2025-09-21 10:37:36,651 - INFO - SCRAPER: Added 0 new users (filtered 0 duplicates)
2025-09-21 10:37:36,651 - INFO - SCRAPER: No new users found after 3 consecutive scrolls. Ending pagination.
2025-09-21 10:37:36,651 - INFO - SCRAPER: Total followers retrieved: 0 (0 new in this session)
2025-09-21 10:37:36,651 - INFO - SCRAPER: Retrieved 0 followers
2025-09-21 10:37:36,651 - INFO - SCRAPER: Scraping 1419 following for scattoitaliano...
2025-09-21 10:37:36,651 - INFO - SCRAPER: Scrolling page 1/10 for following
2025-09-21 10:37:36,651 - INFO - SCRAPER: Added 0 new users (filtered 0 duplicates)
2025-09-21 10:37:36,651 - INFO - SCRAPER: Attempted fixed-distance scroll to bypass potential UI limitations
2025-09-21 10:37:36,651 - INFO - SCRAPER: Scrolling page 2/10 for following
2025-09-21 10:37:36,651 - INFO - SCRAPER: Added 0 new users (filtered 0 duplicates)
2025-09-21 10:37:36,651 - INFO - SCRAPER: No new users found after 3 consecutive scrolls. Ending pagination.
2025-09-21 10:37:36,651 - INFO - SCRAPER: Total following retrieved: 0 (0 new in this session)
2025-09-21 10:37:36,651 - INFO - SCRAPER: Retrieved 0 following
2025-09-21 10:37:36,651 - INFO - SCRAPER: Saved data to instagram_data/scraping_progress.json
2025-09-21 10:37:36,651 - INFO - SCRAPER: Added 0 new relationships to adjacency list (total: 25025)
2025-09-21 10:37:36,651 - INFO - SCRAPER: Completed 11/11 accounts. 1862 remaining in queue.
2025-09-21 10:37:36,651 - INFO - SCRAPER: Waiting 5 seconds before next account...
2025-09-21 10:37:36,651 - INFO - SCRAPER: Batch complete! Processed 11 accounts (0 were rate-limited and will be retried later).
2025-09-21 10:37:36,651 - INFO - SCRAPER: 1862 links remaining for future sessions.
2025-09-21 10:37:36,651 - INFO - SCRAPER: Browser closed. Script complete.
2025-09-21 10:37:36,793 - INFO - Session completed successfully
2025-09-21 10:37:36,796 - INFO - Account Categories:
2025-09-21 10:37:36,796 - INFO -   unprocessed: 384 accounts (20.6%)
2025-09-21 10:37:36,796 - INFO -   incomplete: 1200 accounts (64.4%)
2025-09-21 10:37:36,796 - INFO -   rate_limited: 2 accounts (0.1%)
2025-09-21 10:37:36,796 - INFO -   complete: 109 accounts (5.9%)
2025-09-21 10:37:36,796 - INFO -   skipped: 141 accounts (7.6%)
2025-09-21 10:37:36,796 - INFO -   empty: 26 accounts (1.4%)
2025-09-21 10:37:36,797 - INFO - 
============================================================
2025-09-21 10:37:36,797 - INFO - PROGRESS SUMMARY
2025-09-21 10:37:36,797 - INFO - ============================================================
2025-09-21 10:37:36,797 - INFO - Total accounts to scrape: 1862
2025-09-21 10:37:36,797 - INFO - ✓ Fully completed: 109 (5.9%)
2025-09-21 10:37:36,797 - INFO - ⚠ Partially scraped: 1200 (64.4%)
2025-09-21 10:37:36,797 - INFO - ✗ Not attempted: 384 (20.6%)
2025-09-21 10:37:36,797 - INFO - 
Estimated to complete: ~198 sessions (~9.9 days)
2025-09-21 10:37:36,797 - INFO - ============================================================

2025-09-21 10:37:36,797 - INFO - Taking a longer break (49 minutes)
2025-09-21 10:37:36,797 - INFO - Waiting 49 minutes until 11:26:36
2025-09-21 10:47:36,894 - INFO - 39 minutes remaining until next session
2025-09-21 10:57:36,963 - INFO - 29 minutes remaining until next session
2025-09-21 11:07:36,961 - INFO - 19 minutes remaining until next session
2025-09-21 11:17:37,023 - INFO - 9 minutes remaining until next session
2025-09-21 11:26:37,106 - INFO - Account Categories:
2025-09-21 11:26:37,107 - INFO -   unprocessed: 384 accounts (20.6%)
2025-09-21 11:26:37,107 - INFO -   incomplete: 1200 accounts (64.4%)
2025-09-21 11:26:37,107 - INFO -   rate_limited: 2 accounts (0.1%)
2025-09-21 11:26:37,107 - INFO -   complete: 109 accounts (5.9%)
2025-09-21 11:26:37,108 - INFO -   skipped: 141 accounts (7.6%)
2025-09-21 11:26:37,108 - INFO -   empty: 26 accounts (1.4%)
2025-09-21 11:26:37,110 - INFO - Saved data to instagram_data/daily_sessions.json
2025-09-21 11:26:37,110 - INFO - Calculated batch size: 12
2025-09-21 11:26:37,110 - INFO - Starting following scraping session with batch size 12
2025-09-21 11:31:06,816 - INFO - SCRAPER: Loaded scraping progress: 1480 accounts processed
2025-09-21 11:31:06,816 - INFO - SCRAPER: Will process 12 accounts in this session
2025-09-21 11:31:06,816 - INFO - SCRAPER: Login might have failed. Current URL still shows login page.
2025-09-21 11:31:06,816 - INFO - SCRAPER: Rate limit statistics: 2 accounts marked as rate-limited
2025-09-21 11:31:06,817 - INFO - SCRAPER: Examples of rate-limited accounts: ['benton.down', 'yuukakazami0']
2025-09-21 11:31:06,817 - INFO - SCRAPER: Loaded 1862 links from instagram_data/followingLinks.txt
2025-09-21 11:31:06,817 - INFO - SCRAPER: Loaded adjacency list from instagram_data/adjList.txt
2025-09-21 11:31:06,817 - INFO - SCRAPER: Deduplicating adjacency list...
2025-09-21 11:31:06,817 - INFO - SCRAPER: No duplicates found in adjList.txt
2025-09-21 11:31:06,817 - INFO - SCRAPER: Found 6161 accounts that have already been processed
2025-09-21 11:31:06,817 - INFO - SCRAPER: Starting batch processing of 12 accounts
2025-09-21 11:31:06,817 - INFO - SCRAPER: Pre-checking accounts to prioritize ones with reasonable follower/following counts...
2025-09-21 11:31:06,817 - INFO - SCRAPER: ✓ soloslop.memes: Good candidate with 79 followers, 63 following
2025-09-21 11:31:06,817 - INFO - SCRAPER: ✓ phillipsauction: Good candidate with 462 followers, 441 following
2025-09-21 11:31:06,817 - INFO - SCRAPER: ✓ filmmovement: Good candidate with 17 followers, 807 following
2025-09-21 11:31:06,817 - INFO - SCRAPER: ✓ asian_redbozicowboy: Good candidate with 63 followers, 158 following
2025-09-21 11:31:06,817 - INFO - SCRAPER: ✓ ccpxi_8964: Good candidate with 50 followers, 120 following
2025-09-21 11:31:06,817 - INFO - SCRAPER: ✓ ngr.ev: Good candidate with 392 followers, 306 following
2025-09-21 11:31:06,817 - INFO - SCRAPER: ✓ cinema_nighttt: Good candidate with 431 followers, 17 following
2025-09-21 11:31:06,817 - INFO - SCRAPER: ✓ thedizzyviper: Good candidate with 183 followers, 959 following
2025-09-21 11:31:06,817 - INFO - SCRAPER: ✓ laclefrevival: Good candidate with 23 followers, 640 following
2025-09-21 11:31:06,817 - INFO - SCRAPER: ✓ byboyfantasy: Good candidate with 0 followers, 0 following
2025-09-21 11:31:06,817 - INFO - SCRAPER: ✓ manofdutch: Good candidate with 40 followers, 78 following
2025-09-21 11:31:06,817 - INFO - SCRAPER: ✓ thefineartcollective: Good candidate with 0 followers, 0 following
2025-09-21 11:31:06,817 - INFO - SCRAPER: ✓ shuheisakaue: Good candidate with 22 followers, 997 following
2025-09-21 11:31:06,817 - INFO - SCRAPER: ✓ catsoupai: Good candidate with 402 followers, 341 following
2025-09-21 11:31:06,817 - INFO - SCRAPER: Found 14 accounts with reasonable follower/following counts
2025-09-21 11:31:06,817 - INFO - SCRAPER: Links reordered to prioritize accounts with reasonable follower/following counts
2025-09-21 11:31:06,817 - INFO - SCRAPER: Randomly selecting 12 accounts from 1862 available accounts
2025-09-21 11:31:06,817 - INFO - SCRAPER: Processing: https://www.instagram.com/applejiani/
2025-09-21 11:31:06,817 - INFO - SCRAPER: Account applejiani exists in progress data but is neither rate-limited nor processed. Re-attempting scrape.
2025-09-21 11:31:06,817 - INFO - SCRAPER: Scraping applejiani
2025-09-21 11:31:06,817 - INFO - SCRAPER: Early detection: Account has too many followers (6122) or following (4069). Skipping detailed scraping.
2025-09-21 11:31:06,817 - INFO - SCRAPER: Saved data to instagram_data/scraping_progress.json
2025-09-21 11:31:06,817 - INFO - SCRAPER: Added 0 new relationships to adjacency list (total: 25025)
2025-09-21 11:31:06,817 - INFO - SCRAPER: Completed 1/12 accounts. 1862 remaining in queue.
2025-09-21 11:31:06,817 - INFO - SCRAPER: Waiting 5 seconds before next account...
2025-09-21 11:31:06,817 - INFO - SCRAPER: Processing: https://www.instagram.com/rubahitam_/
2025-09-21 11:31:06,817 - INFO - SCRAPER: Account rubahitam_ already fully processed. Skipping.
2025-09-21 11:31:06,817 - INFO - SCRAPER: Added 0 new relationships to adjacency list (total: 25025)
2025-09-21 11:31:06,817 - INFO - SCRAPER: Completed 2/12 accounts. 1862 remaining in queue.
2025-09-21 11:31:06,817 - INFO - SCRAPER: Waiting 5 seconds before next account...
2025-09-21 11:31:06,817 - INFO - SCRAPER: Processing: https://www.instagram.com/beijing_silvermine/
2025-09-21 11:31:06,817 - INFO - SCRAPER: Account beijing_silvermine exists in progress data but is neither rate-limited nor processed. Re-attempting scrape.
2025-09-21 11:31:06,818 - INFO - SCRAPER: Scraping beijing_silvermine
2025-09-21 11:31:06,818 - INFO - SCRAPER: Early detection: Account has too many followers (144) or following (2930). Skipping detailed scraping.
2025-09-21 11:31:06,818 - INFO - SCRAPER: Saved data to instagram_data/scraping_progress.json
2025-09-21 11:31:06,818 - INFO - SCRAPER: Added 0 new relationships to adjacency list (total: 25025)
2025-09-21 11:31:06,818 - INFO - SCRAPER: Completed 3/12 accounts. 1862 remaining in queue.
2025-09-21 11:31:06,818 - INFO - SCRAPER: Waiting 5 seconds before next account...
2025-09-21 11:31:06,818 - INFO - SCRAPER: Processing: https://www.instagram.com/neonnights11.11/
2025-09-21 11:31:06,818 - INFO - SCRAPER: Account neonnights11.11 exists in progress data but is neither rate-limited nor processed. Re-attempting scrape.
2025-09-21 11:31:06,818 - INFO - SCRAPER: Scraping neonnights11.11
2025-09-21 11:31:06,818 - INFO - SCRAPER: Early detection: Account has too many followers (64) or following (2015). Skipping detailed scraping.
2025-09-21 11:31:06,818 - INFO - SCRAPER: Saved data to instagram_data/scraping_progress.json
2025-09-21 11:31:06,818 - INFO - SCRAPER: Added 0 new relationships to adjacency list (total: 25025)
2025-09-21 11:31:06,818 - INFO - SCRAPER: Completed 4/12 accounts. 1862 remaining in queue.
2025-09-21 11:31:06,818 - INFO - SCRAPER: Waiting 5 seconds before next account...
2025-09-21 11:31:06,818 - INFO - SCRAPER: Processing: https://www.instagram.com/thebeautyofanimation/
2025-09-21 11:31:06,818 - INFO - SCRAPER: Account thebeautyofanimation already fully processed. Skipping.
2025-09-21 11:31:06,818 - INFO - SCRAPER: Added 0 new relationships to adjacency list (total: 25025)
2025-09-21 11:31:06,818 - INFO - SCRAPER: Completed 5/12 accounts. 1862 remaining in queue.
2025-09-21 11:31:06,818 - INFO - SCRAPER: Waiting 5 seconds before next account...
2025-09-21 11:31:06,818 - INFO - SCRAPER: Processing: https://www.instagram.com/jeissiee/
2025-09-21 11:31:06,818 - INFO - SCRAPER: Account jeissiee exists in progress data but is neither rate-limited nor processed. Re-attempting scrape.
2025-09-21 11:31:06,818 - INFO - SCRAPER: Scraping jeissiee
2025-09-21 11:31:06,818 - INFO - SCRAPER: Early detection: Account has too many followers (4246) or following (1090). Skipping detailed scraping.
2025-09-21 11:31:06,818 - INFO - SCRAPER: Saved data to instagram_data/scraping_progress.json
2025-09-21 11:31:06,818 - INFO - SCRAPER: Added 0 new relationships to adjacency list (total: 25025)
2025-09-21 11:31:06,818 - INFO - SCRAPER: Completed 6/12 accounts. 1862 remaining in queue.
2025-09-21 11:31:06,818 - INFO - SCRAPER: Waiting 5 seconds before next account...
2025-09-21 11:31:06,818 - INFO - SCRAPER: Processing: https://www.instagram.com/young.brando/
2025-09-21 11:31:06,818 - INFO - SCRAPER: Scraping young.brando
2025-09-21 11:31:06,818 - INFO - SCRAPER: Early detection: Account has too many followers (23) or following (2325). Skipping detailed scraping.
2025-09-21 11:31:06,818 - INFO - SCRAPER: Saved data to instagram_data/scraping_progress.json
2025-09-21 11:31:06,818 - INFO - SCRAPER: Added 0 new relationships to adjacency list (total: 25025)
2025-09-21 11:31:06,818 - INFO - SCRAPER: Completed 7/12 accounts. 1862 remaining in queue.
2025-09-21 11:31:06,818 - INFO - SCRAPER: Waiting 5 seconds before next account...
2025-09-21 11:31:06,818 - INFO - SCRAPER: Processing: https://www.instagram.com/sarah_qinnn/
2025-09-21 11:31:06,818 - INFO - SCRAPER: Account sarah_qinnn marked as processed but has incomplete data (0/370 followers, 0/303 following). Re-attempting.
2025-09-21 11:31:06,818 - INFO - SCRAPER: Scraping sarah_qinnn
2025-09-21 11:31:06,818 - INFO - SCRAPER: sarah_qinnn: Followers: 371, Following: 304
2025-09-21 11:31:06,818 - INFO - SCRAPER: Scraping 371 followers for sarah_qinnn...
2025-09-21 11:31:06,818 - INFO - SCRAPER: Scrolling page 1/10 for followers
2025-09-21 11:31:06,818 - INFO - SCRAPER: Added 0 new users (filtered 0 duplicates)
2025-09-21 11:31:06,818 - INFO - SCRAPER: Attempted fixed-distance scroll to bypass potential UI limitations
2025-09-21 11:31:06,818 - INFO - SCRAPER: Scrolling page 2/10 for followers
2025-09-21 11:31:06,818 - INFO - SCRAPER: Added 0 new users (filtered 0 duplicates)
2025-09-21 11:31:06,818 - INFO - SCRAPER: No new users found after 3 consecutive scrolls. Ending pagination.
2025-09-21 11:31:06,818 - INFO - SCRAPER: Total followers retrieved: 0 (0 new in this session)
2025-09-21 11:31:06,818 - INFO - SCRAPER: Retrieved 0 followers
2025-09-21 11:31:06,818 - INFO - SCRAPER: Scraping 304 following for sarah_qinnn...
2025-09-21 11:31:06,818 - INFO - SCRAPER: Scrolling page 1/10 for following
2025-09-21 11:31:06,818 - INFO - SCRAPER: Added 0 new users (filtered 0 duplicates)
2025-09-21 11:31:06,818 - INFO - SCRAPER: Attempted fixed-distance scroll to bypass potential UI limitations
2025-09-21 11:31:06,818 - INFO - SCRAPER: Scrolling page 2/10 for following
2025-09-21 11:31:06,818 - INFO - SCRAPER: Added 0 new users (filtered 0 duplicates)
2025-09-21 11:31:06,818 - INFO - SCRAPER: No new users found after 3 consecutive scrolls. Ending pagination.
2025-09-21 11:31:06,819 - INFO - SCRAPER: Total following retrieved: 0 (0 new in this session)
2025-09-21 11:31:06,819 - INFO - SCRAPER: Retrieved 0 following
2025-09-21 11:31:06,819 - INFO - SCRAPER: Saved data to instagram_data/scraping_progress.json
2025-09-21 11:31:06,819 - INFO - SCRAPER: Added 0 new relationships to adjacency list (total: 25025)
2025-09-21 11:31:06,819 - INFO - SCRAPER: Completed 8/12 accounts. 1862 remaining in queue.
2025-09-21 11:31:06,819 - INFO - SCRAPER: Waiting 5 seconds before next account...
2025-09-21 11:31:06,819 - INFO - SCRAPER: Processing: https://www.instagram.com/davidcampany/
2025-09-21 11:31:06,819 - INFO - SCRAPER: Account davidcampany exists in progress data but is neither rate-limited nor processed. Re-attempting scrape.
2025-09-21 11:31:06,819 - INFO - SCRAPER: Scraping davidcampany
2025-09-21 11:31:06,819 - INFO - SCRAPER: Early detection: Account has too many followers (84) or following (4521). Skipping detailed scraping.
2025-09-21 11:31:06,819 - INFO - SCRAPER: Saved data to instagram_data/scraping_progress.json
2025-09-21 11:31:06,819 - INFO - SCRAPER: Added 0 new relationships to adjacency list (total: 25025)
2025-09-21 11:31:06,819 - INFO - SCRAPER: Completed 9/12 accounts. 1862 remaining in queue.
2025-09-21 11:31:06,819 - INFO - SCRAPER: Waiting 5 seconds before next account...
2025-09-21 11:31:06,819 - INFO - SCRAPER: Processing: https://www.instagram.com/prophetconsulting/
2025-09-21 11:31:06,819 - INFO - SCRAPER: Account prophetconsulting exists in progress data but is neither rate-limited nor processed. Re-attempting scrape.
2025-09-21 11:31:06,819 - INFO - SCRAPER: Scraping prophetconsulting
2025-09-21 11:31:06,819 - INFO - SCRAPER: prophetconsulting: Followers: 0, Following: 0
2025-09-21 11:31:06,819 - INFO - SCRAPER: Saved data to instagram_data/scraping_progress.json
2025-09-21 11:31:06,819 - INFO - SCRAPER: Added 0 new relationships to adjacency list (total: 25025)
2025-09-21 11:31:06,819 - INFO - SCRAPER: Completed 10/12 accounts. 1862 remaining in queue.
2025-09-21 11:31:06,819 - INFO - SCRAPER: Waiting 5 seconds before next account...
2025-09-21 11:31:06,819 - INFO - SCRAPER: Processing: https://www.instagram.com/eldenring/
2025-09-21 11:31:06,819 - INFO - SCRAPER: Account eldenring already fully processed. Skipping.
2025-09-21 11:31:06,819 - INFO - SCRAPER: Added 0 new relationships to adjacency list (total: 25025)
2025-09-21 11:31:06,819 - INFO - SCRAPER: Completed 11/12 accounts. 1862 remaining in queue.
2025-09-21 11:31:06,819 - INFO - SCRAPER: Waiting 5 seconds before next account...
2025-09-21 11:31:06,819 - INFO - SCRAPER: Processing: https://www.instagram.com/rodbikes/
2025-09-21 11:31:06,819 - INFO - SCRAPER: Account rodbikes exists in progress data but is neither rate-limited nor processed. Re-attempting scrape.
2025-09-21 11:31:06,819 - INFO - SCRAPER: Scraping rodbikes
2025-09-21 11:31:06,819 - INFO - SCRAPER: Early detection: Account has too many followers (5778) or following (193). Skipping detailed scraping.
2025-09-21 11:31:06,819 - INFO - SCRAPER: Saved data to instagram_data/scraping_progress.json
2025-09-21 11:31:06,819 - INFO - SCRAPER: Added 0 new relationships to adjacency list (total: 25025)
2025-09-21 11:31:06,819 - INFO - SCRAPER: Completed 12/12 accounts. 1862 remaining in queue.
2025-09-21 11:31:06,819 - INFO - SCRAPER: Waiting 5 seconds before next account...
2025-09-21 11:31:06,819 - INFO - SCRAPER: Batch complete! Processed 12 accounts (0 were rate-limited and will be retried later).
2025-09-21 11:31:06,819 - INFO - SCRAPER: 1862 links remaining for future sessions.
2025-09-21 11:31:06,819 - INFO - SCRAPER: Browser closed. Script complete.
2025-09-21 11:31:06,947 - INFO - Session completed successfully
2025-09-21 11:31:06,950 - INFO - Account Categories:
2025-09-21 11:31:06,950 - INFO -   unprocessed: 383 accounts (20.6%)
2025-09-21 11:31:06,950 - INFO -   incomplete: 1200 accounts (64.4%)
2025-09-21 11:31:06,950 - INFO -   rate_limited: 2 accounts (0.1%)
2025-09-21 11:31:06,950 - INFO -   complete: 109 accounts (5.9%)
2025-09-21 11:31:06,950 - INFO -   skipped: 141 accounts (7.6%)
2025-09-21 11:31:06,950 - INFO -   empty: 27 accounts (1.5%)
2025-09-21 11:31:06,950 - INFO - 
============================================================
2025-09-21 11:31:06,950 - INFO - PROGRESS SUMMARY
2025-09-21 11:31:06,950 - INFO - ============================================================
2025-09-21 11:31:06,950 - INFO - Total accounts to scrape: 1862
2025-09-21 11:31:06,950 - INFO - ✓ Fully completed: 109 (5.9%)
2025-09-21 11:31:06,950 - INFO - ⚠ Partially scraped: 1200 (64.4%)
2025-09-21 11:31:06,950 - INFO - ✗ Not attempted: 383 (20.6%)
2025-09-21 11:31:06,950 - INFO - 
Estimated to complete: ~197 sessions (~9.8 days)
2025-09-21 11:31:06,950 - INFO - ============================================================

2025-09-21 11:31:06,950 - INFO - Waiting 22 minutes until 11:53:06
2025-09-21 11:41:06,997 - INFO - 12 minutes remaining until next session
2025-09-21 11:51:07,038 - INFO - 2 minutes remaining until next session
2025-09-21 11:53:07,042 - INFO - Account Categories:
2025-09-21 11:53:07,043 - INFO -   unprocessed: 383 accounts (20.6%)
2025-09-21 11:53:07,043 - INFO -   incomplete: 1200 accounts (64.4%)
2025-09-21 11:53:07,043 - INFO -   rate_limited: 2 accounts (0.1%)
2025-09-21 11:53:07,043 - INFO -   complete: 109 accounts (5.9%)
2025-09-21 11:53:07,043 - INFO -   skipped: 141 accounts (7.6%)
2025-09-21 11:53:07,043 - INFO -   empty: 27 accounts (1.5%)
2025-09-21 11:53:07,046 - INFO - Saved data to instagram_data/daily_sessions.json
2025-09-21 11:53:07,046 - INFO - Calculated batch size: 8
2025-09-21 11:53:07,046 - INFO - Starting following scraping session with batch size 8
2025-09-21 11:57:51,129 - INFO - SCRAPER: Loaded scraping progress: 1481 accounts processed
2025-09-21 11:57:51,129 - INFO - SCRAPER: Will process 8 accounts in this session
2025-09-21 11:57:51,130 - INFO - SCRAPER: Logged in using button: //button[contains(.,'Log in')]
2025-09-21 11:57:51,130 - INFO - SCRAPER: Login might have failed. Current URL still shows login page.
2025-09-21 11:57:51,130 - INFO - SCRAPER: Rate limit statistics: 2 accounts marked as rate-limited
2025-09-21 11:57:51,130 - INFO - SCRAPER: Examples of rate-limited accounts: ['benton.down', 'yuukakazami0']
2025-09-21 11:57:51,130 - INFO - SCRAPER: Loaded 1862 links from instagram_data/followingLinks.txt
2025-09-21 11:57:51,130 - INFO - SCRAPER: Loaded adjacency list from instagram_data/adjList.txt
2025-09-21 11:57:51,130 - INFO - SCRAPER: Deduplicating adjacency list...
2025-09-21 11:57:51,130 - INFO - SCRAPER: No duplicates found in adjList.txt
2025-09-21 11:57:51,130 - INFO - SCRAPER: Found 6161 accounts that have already been processed
2025-09-21 11:57:51,130 - INFO - SCRAPER: Starting batch processing of 8 accounts
2025-09-21 11:57:51,130 - INFO - SCRAPER: Pre-checking accounts to prioritize ones with reasonable follower/following counts...
2025-09-21 11:57:51,130 - INFO - SCRAPER: ✓ soloslop.memes: Good candidate with 79 followers, 63 following
2025-09-21 11:57:51,130 - INFO - SCRAPER: ✓ phillipsauction: Good candidate with 0 followers, 0 following
2025-09-21 11:57:51,130 - INFO - SCRAPER: ✓ filmmovement: Good candidate with 17 followers, 807 following
2025-09-21 11:57:51,130 - INFO - SCRAPER: ✓ asian_redbozicowboy: Good candidate with 63 followers, 158 following
2025-09-21 11:57:51,130 - INFO - SCRAPER: ✓ ccpxi_8964: Good candidate with 50 followers, 120 following
2025-09-21 11:57:51,130 - INFO - SCRAPER: ✓ ngr.ev: Good candidate with 392 followers, 306 following
2025-09-21 11:57:51,130 - INFO - SCRAPER: ✓ cinema_nighttt: Good candidate with 431 followers, 17 following
2025-09-21 11:57:51,130 - INFO - SCRAPER: ✓ thedizzyviper: Good candidate with 183 followers, 959 following
2025-09-21 11:57:51,130 - INFO - SCRAPER: ✓ laclefrevival: Good candidate with 23 followers, 640 following
2025-09-21 11:57:51,130 - INFO - SCRAPER: ✓ byboyfantasy: Good candidate with 0 followers, 0 following
2025-09-21 11:57:51,130 - INFO - SCRAPER: ✓ manofdutch: Good candidate with 40 followers, 78 following
2025-09-21 11:57:51,130 - INFO - SCRAPER: Found 11 accounts with reasonable follower/following counts
2025-09-21 11:57:51,130 - INFO - SCRAPER: Links reordered to prioritize accounts with reasonable follower/following counts
2025-09-21 11:57:51,130 - INFO - SCRAPER: Randomly selecting 8 accounts from 1862 available accounts
2025-09-21 11:57:51,130 - INFO - SCRAPER: Processing: https://www.instagram.com/healthyactivest/
2025-09-21 11:57:51,130 - INFO - SCRAPER: Account healthyactivest exists in progress data but is neither rate-limited nor processed. Re-attempting scrape.
2025-09-21 11:57:51,130 - INFO - SCRAPER: Scraping healthyactivest
2025-09-21 11:57:51,130 - INFO - SCRAPER: Early detection: Account has too many followers (1236) or following (2074). Skipping detailed scraping.
2025-09-21 11:57:51,130 - INFO - SCRAPER: Saved data to instagram_data/scraping_progress.json
2025-09-21 11:57:51,130 - INFO - SCRAPER: Added 0 new relationships to adjacency list (total: 25025)
2025-09-21 11:57:51,130 - INFO - SCRAPER: Completed 1/8 accounts. 1862 remaining in queue.
2025-09-21 11:57:51,130 - INFO - SCRAPER: Waiting 5 seconds before next account...
2025-09-21 11:57:51,130 - INFO - SCRAPER: Processing: https://www.instagram.com/documentum.tv/
2025-09-21 11:57:51,130 - INFO - SCRAPER: Account documentum.tv exists in progress data but is neither rate-limited nor processed. Re-attempting scrape.
2025-09-21 11:57:51,130 - INFO - SCRAPER: Scraping documentum.tv
2025-09-21 11:57:51,131 - INFO - SCRAPER: Early detection: Account has too many followers (2590) or following (857). Skipping detailed scraping.
2025-09-21 11:57:51,131 - INFO - SCRAPER: Saved data to instagram_data/scraping_progress.json
2025-09-21 11:57:51,131 - INFO - SCRAPER: Added 0 new relationships to adjacency list (total: 25025)
2025-09-21 11:57:51,131 - INFO - SCRAPER: Completed 2/8 accounts. 1862 remaining in queue.
2025-09-21 11:57:51,131 - INFO - SCRAPER: Waiting 5 seconds before next account...
2025-09-21 11:57:51,131 - INFO - SCRAPER: Processing: https://www.instagram.com/fyi1017/
2025-09-21 11:57:51,131 - INFO - SCRAPER: Account fyi1017 exists in progress data but is neither rate-limited nor processed. Re-attempting scrape.
2025-09-21 11:57:51,131 - INFO - SCRAPER: Scraping fyi1017
2025-09-21 11:57:51,131 - INFO - SCRAPER: Early detection: Account has too many followers (1293) or following (2088). Skipping detailed scraping.
2025-09-21 11:57:51,131 - INFO - SCRAPER: Saved data to instagram_data/scraping_progress.json
2025-09-21 11:57:51,131 - INFO - SCRAPER: Added 0 new relationships to adjacency list (total: 25025)
2025-09-21 11:57:51,131 - INFO - SCRAPER: Completed 3/8 accounts. 1862 remaining in queue.
2025-09-21 11:57:51,131 - INFO - SCRAPER: Waiting 5 seconds before next account...
2025-09-21 11:57:51,131 - INFO - SCRAPER: Processing: https://www.instagram.com/yourboy_soulja/
2025-09-21 11:57:51,131 - INFO - SCRAPER: Account yourboy_soulja exists in progress data but is neither rate-limited nor processed. Re-attempting scrape.
2025-09-21 11:57:51,131 - INFO - SCRAPER: Scraping yourboy_soulja
2025-09-21 11:57:51,131 - INFO - SCRAPER: Early detection: Account has too many followers (202) or following (4973). Skipping detailed scraping.
2025-09-21 11:57:51,131 - INFO - SCRAPER: Saved data to instagram_data/scraping_progress.json
2025-09-21 11:57:51,131 - INFO - SCRAPER: Added 0 new relationships to adjacency list (total: 25025)
2025-09-21 11:57:51,131 - INFO - SCRAPER: Completed 4/8 accounts. 1862 remaining in queue.
2025-09-21 11:57:51,131 - INFO - SCRAPER: Waiting 5 seconds before next account...
2025-09-21 11:57:51,131 - INFO - SCRAPER: Processing: https://www.instagram.com/michelleyangys/
2025-09-21 11:57:51,131 - INFO - SCRAPER: Scraping michelleyangys
2025-09-21 11:57:51,131 - INFO - SCRAPER: michelleyangys: Followers: 946, Following: 1073
2025-09-21 11:57:51,131 - INFO - SCRAPER: Scraping 946 followers for michelleyangys...
2025-09-21 11:57:51,131 - INFO - SCRAPER: Scrolling page 1/10 for followers
2025-09-21 11:57:51,131 - INFO - SCRAPER: Added 0 new users (filtered 0 duplicates)
2025-09-21 11:57:51,131 - INFO - SCRAPER: Attempted fixed-distance scroll to bypass potential UI limitations
2025-09-21 11:57:51,131 - INFO - SCRAPER: Scrolling page 2/10 for followers
2025-09-21 11:57:51,131 - INFO - SCRAPER: Added 0 new users (filtered 0 duplicates)
2025-09-21 11:57:51,131 - INFO - SCRAPER: No new users found after 3 consecutive scrolls. Ending pagination.
2025-09-21 11:57:51,131 - INFO - SCRAPER: Total followers retrieved: 0 (0 new in this session)
2025-09-21 11:57:51,131 - INFO - SCRAPER: Retrieved 0 followers
2025-09-21 11:57:51,132 - INFO - SCRAPER: Scraping 1073 following for michelleyangys...
2025-09-21 11:57:51,132 - INFO - SCRAPER: Scrolling page 1/10 for following
2025-09-21 11:57:51,132 - INFO - SCRAPER: Added 0 new users (filtered 0 duplicates)
2025-09-21 11:57:51,132 - INFO - SCRAPER: Attempted fixed-distance scroll to bypass potential UI limitations
2025-09-21 11:57:51,132 - INFO - SCRAPER: Scrolling page 2/10 for following
2025-09-21 11:57:51,132 - INFO - SCRAPER: Added 0 new users (filtered 0 duplicates)
2025-09-21 11:57:51,132 - INFO - SCRAPER: No new users found after 3 consecutive scrolls. Ending pagination.
2025-09-21 11:57:51,132 - INFO - SCRAPER: Total following retrieved: 0 (0 new in this session)
2025-09-21 11:57:51,132 - INFO - SCRAPER: Retrieved 0 following
2025-09-21 11:57:51,132 - INFO - SCRAPER: Saved data to instagram_data/scraping_progress.json
2025-09-21 11:57:51,132 - INFO - SCRAPER: Added 0 new relationships to adjacency list (total: 25025)
2025-09-21 11:57:51,132 - INFO - SCRAPER: Completed 5/8 accounts. 1862 remaining in queue.
2025-09-21 11:57:51,132 - INFO - SCRAPER: Waiting 5 seconds before next account...
2025-09-21 11:57:51,132 - INFO - SCRAPER: Processing: https://www.instagram.com/lichen.zhang.376/
2025-09-21 11:57:51,132 - INFO - SCRAPER: Account lichen.zhang.376 marked as processed but has incomplete data (0/202 followers, 0/225 following). Re-attempting.
2025-09-21 11:57:51,132 - INFO - SCRAPER: Scraping lichen.zhang.376
2025-09-21 11:57:51,132 - INFO - SCRAPER: lichen.zhang.376: Followers: 257, Following: 312
2025-09-21 11:57:51,132 - INFO - SCRAPER: Scraping 257 followers for lichen.zhang.376...
2025-09-21 11:57:51,132 - INFO - SCRAPER: Scrolling page 1/10 for followers
2025-09-21 11:57:51,132 - INFO - SCRAPER: Added 0 new users (filtered 0 duplicates)
2025-09-21 11:57:51,132 - INFO - SCRAPER: Attempted fixed-distance scroll to bypass potential UI limitations
2025-09-21 11:57:51,132 - INFO - SCRAPER: Scrolling page 2/10 for followers
2025-09-21 11:57:51,132 - INFO - SCRAPER: Added 0 new users (filtered 0 duplicates)
2025-09-21 11:57:51,132 - INFO - SCRAPER: No new users found after 3 consecutive scrolls. Ending pagination.
2025-09-21 11:57:51,132 - INFO - SCRAPER: Total followers retrieved: 0 (0 new in this session)
2025-09-21 11:57:51,132 - INFO - SCRAPER: Retrieved 0 followers
2025-09-21 11:57:51,132 - INFO - SCRAPER: Scraping 312 following for lichen.zhang.376...
2025-09-21 11:57:51,132 - INFO - SCRAPER: Scrolling page 1/10 for following
2025-09-21 11:57:51,132 - INFO - SCRAPER: Added 0 new users (filtered 0 duplicates)
2025-09-21 11:57:51,132 - INFO - SCRAPER: Attempted fixed-distance scroll to bypass potential UI limitations
2025-09-21 11:57:51,132 - INFO - SCRAPER: Scrolling page 2/10 for following
2025-09-21 11:57:51,132 - INFO - SCRAPER: Added 0 new users (filtered 0 duplicates)
2025-09-21 11:57:51,132 - INFO - SCRAPER: No new users found after 3 consecutive scrolls. Ending pagination.
2025-09-21 11:57:51,132 - INFO - SCRAPER: Total following retrieved: 0 (0 new in this session)
2025-09-21 11:57:51,132 - INFO - SCRAPER: Retrieved 0 following
2025-09-21 11:57:51,132 - INFO - SCRAPER: Saved data to instagram_data/scraping_progress.json
2025-09-21 11:57:51,132 - INFO - SCRAPER: Added 0 new relationships to adjacency list (total: 25025)
2025-09-21 11:57:51,132 - INFO - SCRAPER: Completed 6/8 accounts. 1862 remaining in queue.
2025-09-21 11:57:51,132 - INFO - SCRAPER: Waiting 5 seconds before next account...
2025-09-21 11:57:51,132 - INFO - SCRAPER: Processing: https://www.instagram.com/________11.xx/
2025-09-21 11:57:51,132 - INFO - SCRAPER: Account ________11.xx exists in progress data but is neither rate-limited nor processed. Re-attempting scrape.
2025-09-21 11:57:51,132 - INFO - SCRAPER: Scraping ________11.xx
2025-09-21 11:57:51,132 - INFO - SCRAPER: Early detection: Account has too many followers (2846) or following (888). Skipping detailed scraping.
2025-09-21 11:57:51,132 - INFO - SCRAPER: Saved data to instagram_data/scraping_progress.json
2025-09-21 11:57:51,132 - INFO - SCRAPER: Added 0 new relationships to adjacency list (total: 25025)
2025-09-21 11:57:51,132 - INFO - SCRAPER: Completed 7/8 accounts. 1862 remaining in queue.
2025-09-21 11:57:51,132 - INFO - SCRAPER: Waiting 5 seconds before next account...
2025-09-21 11:57:51,133 - INFO - SCRAPER: Processing: https://www.instagram.com/satosakura_museum/
2025-09-21 11:57:51,133 - INFO - SCRAPER: Account satosakura_museum exists in progress data but is neither rate-limited nor processed. Re-attempting scrape.
2025-09-21 11:57:51,133 - INFO - SCRAPER: Scraping satosakura_museum
2025-09-21 11:57:51,133 - INFO - SCRAPER: Early detection: Account has too many followers (5372) or following (594). Skipping detailed scraping.
2025-09-21 11:57:51,133 - INFO - SCRAPER: Saved data to instagram_data/scraping_progress.json
2025-09-21 11:57:51,133 - INFO - SCRAPER: Added 0 new relationships to adjacency list (total: 25025)
2025-09-21 11:57:51,133 - INFO - SCRAPER: Completed 8/8 accounts. 1862 remaining in queue.
2025-09-21 11:57:51,133 - INFO - SCRAPER: Waiting 5 seconds before next account...
2025-09-21 11:57:51,133 - INFO - SCRAPER: Batch complete! Processed 8 accounts (0 were rate-limited and will be retried later).
2025-09-21 11:57:51,133 - INFO - SCRAPER: 1862 links remaining for future sessions.
2025-09-21 11:57:51,133 - INFO - SCRAPER: Browser closed. Script complete.
2025-09-21 11:57:51,260 - INFO - Session completed successfully
2025-09-21 11:57:51,263 - INFO - Account Categories:
2025-09-21 11:57:51,263 - INFO -   unprocessed: 382 accounts (20.5%)
2025-09-21 11:57:51,263 - INFO -   incomplete: 1201 accounts (64.5%)
2025-09-21 11:57:51,263 - INFO -   rate_limited: 2 accounts (0.1%)
2025-09-21 11:57:51,263 - INFO -   complete: 109 accounts (5.9%)
2025-09-21 11:57:51,263 - INFO -   skipped: 141 accounts (7.6%)
2025-09-21 11:57:51,263 - INFO -   empty: 27 accounts (1.5%)
2025-09-21 11:57:51,263 - INFO - 
============================================================
2025-09-21 11:57:51,263 - INFO - PROGRESS SUMMARY
2025-09-21 11:57:51,263 - INFO - ============================================================
2025-09-21 11:57:51,263 - INFO - Total accounts to scrape: 1862
2025-09-21 11:57:51,263 - INFO - ✓ Fully completed: 109 (5.9%)
2025-09-21 11:57:51,263 - INFO - ⚠ Partially scraped: 1201 (64.5%)
2025-09-21 11:57:51,263 - INFO - ✗ Not attempted: 382 (20.5%)
2025-09-21 11:57:51,263 - INFO - 
Estimated to complete: ~197 sessions (~9.8 days)
2025-09-21 11:57:51,263 - INFO - ============================================================

2025-09-21 11:57:51,263 - INFO - Taking a longer break (54 minutes)
2025-09-21 11:57:51,263 - INFO - Waiting 54 minutes until 12:51:51
2025-09-21 12:07:51,271 - INFO - 44 minutes remaining until next session
2025-09-21 12:17:51,300 - INFO - 34 minutes remaining until next session
2025-09-21 12:27:51,432 - INFO - 24 minutes remaining until next session
2025-09-21 12:37:51,473 - INFO - 14 minutes remaining until next session
2025-09-21 12:47:51,498 - INFO - 4 minutes remaining until next session
2025-09-21 12:51:51,543 - INFO - Account Categories:
2025-09-21 12:51:51,545 - INFO -   unprocessed: 382 accounts (20.5%)
2025-09-21 12:51:51,545 - INFO -   incomplete: 1201 accounts (64.5%)
2025-09-21 12:51:51,545 - INFO -   rate_limited: 2 accounts (0.1%)
2025-09-21 12:51:51,545 - INFO -   complete: 109 accounts (5.9%)
2025-09-21 12:51:51,545 - INFO -   skipped: 141 accounts (7.6%)
2025-09-21 12:51:51,545 - INFO -   empty: 27 accounts (1.5%)
2025-09-21 12:51:51,546 - INFO - Saved data to instagram_data/daily_sessions.json
2025-09-21 12:51:51,547 - INFO - Calculated batch size: 12
2025-09-21 12:51:51,547 - INFO - Starting following scraping session with batch size 12
2025-09-21 12:55:43,014 - INFO - SCRAPER: Loaded scraping progress: 1482 accounts processed
2025-09-21 12:55:43,015 - INFO - SCRAPER: Will process 12 accounts in this session
2025-09-21 12:55:43,015 - INFO - SCRAPER: Logged in using button: //button[contains(.,'Log in')]
2025-09-21 12:55:43,016 - INFO - SCRAPER: Login might have failed. Current URL still shows login page.
2025-09-21 12:55:43,016 - INFO - SCRAPER: Rate limit statistics: 2 accounts marked as rate-limited
2025-09-21 12:55:43,016 - INFO - SCRAPER: Examples of rate-limited accounts: ['benton.down', 'yuukakazami0']
2025-09-21 12:55:43,016 - INFO - SCRAPER: Loaded 1862 links from instagram_data/followingLinks.txt
2025-09-21 12:55:43,016 - INFO - SCRAPER: Loaded adjacency list from instagram_data/adjList.txt
2025-09-21 12:55:43,016 - INFO - SCRAPER: Deduplicating adjacency list...
2025-09-21 12:55:43,016 - INFO - SCRAPER: No duplicates found in adjList.txt
2025-09-21 12:55:43,016 - INFO - SCRAPER: Found 6161 accounts that have already been processed
2025-09-21 12:55:43,016 - INFO - SCRAPER: Starting batch processing of 12 accounts
2025-09-21 12:55:43,016 - INFO - SCRAPER: Pre-checking accounts to prioritize ones with reasonable follower/following counts...
2025-09-21 12:55:43,016 - INFO - SCRAPER: ✓ soloslop.memes: Good candidate with 79 followers, 63 following
2025-09-21 12:55:43,016 - INFO - SCRAPER: ✓ phillipsauction: Good candidate with 462 followers, 441 following
2025-09-21 12:55:43,016 - INFO - SCRAPER: ✓ filmmovement: Good candidate with 17 followers, 807 following
2025-09-21 12:55:43,016 - INFO - SCRAPER: ✓ asian_redbozicowboy: Good candidate with 63 followers, 158 following
2025-09-21 12:55:43,016 - INFO - SCRAPER: ✓ ccpxi_8964: Good candidate with 50 followers, 120 following
2025-09-21 12:55:43,017 - INFO - SCRAPER: ✓ ngr.ev: Good candidate with 392 followers, 306 following
2025-09-21 12:55:43,017 - INFO - SCRAPER: ✓ cinema_nighttt: Good candidate with 431 followers, 17 following
2025-09-21 12:55:43,017 - INFO - SCRAPER: ✓ thedizzyviper: Good candidate with 183 followers, 959 following
2025-09-21 12:55:43,017 - INFO - SCRAPER: ✓ laclefrevival: Good candidate with 0 followers, 0 following
2025-09-21 12:55:43,017 - INFO - SCRAPER: ✓ byboyfantasy: Good candidate with 0 followers, 0 following
2025-09-21 12:55:43,017 - INFO - SCRAPER: ✓ manofdutch: Good candidate with 40 followers, 78 following
2025-09-21 12:55:43,017 - INFO - SCRAPER: ✓ thefineartcollective: Good candidate with 0 followers, 0 following
2025-09-21 12:55:43,017 - INFO - SCRAPER: ✓ shuheisakaue: Good candidate with 22 followers, 997 following
2025-09-21 12:55:43,017 - INFO - SCRAPER: ✓ catsoupai: Good candidate with 402 followers, 341 following
2025-09-21 12:55:43,021 - INFO - SCRAPER: Found 14 accounts with reasonable follower/following counts
2025-09-21 12:55:43,021 - INFO - SCRAPER: Links reordered to prioritize accounts with reasonable follower/following counts
2025-09-21 12:55:43,022 - INFO - SCRAPER: Randomly selecting 12 accounts from 1862 available accounts
2025-09-21 12:55:43,022 - INFO - SCRAPER: Processing: https://www.instagram.com/between.mirrors/
2025-09-21 12:55:43,022 - INFO - SCRAPER: Account between.mirrors exists in progress data but is neither rate-limited nor processed. Re-attempting scrape.
2025-09-21 12:55:43,022 - INFO - SCRAPER: Scraping between.mirrors
2025-09-21 12:55:43,023 - INFO - SCRAPER: Early detection: Account has too many followers (909) or following (2456). Skipping detailed scraping.
2025-09-21 12:55:43,023 - INFO - SCRAPER: Saved data to instagram_data/scraping_progress.json
2025-09-21 12:55:43,023 - INFO - SCRAPER: Added 0 new relationships to adjacency list (total: 25025)
2025-09-21 12:55:43,023 - INFO - SCRAPER: Completed 1/12 accounts. 1862 remaining in queue.
2025-09-21 12:55:43,023 - INFO - SCRAPER: Waiting 5 seconds before next account...
2025-09-21 12:55:43,023 - INFO - SCRAPER: Processing: https://www.instagram.com/byboyfantasy/
2025-09-21 12:55:43,023 - INFO - SCRAPER: Account byboyfantasy already fully processed. Skipping.
2025-09-21 12:55:43,023 - INFO - SCRAPER: Added 0 new relationships to adjacency list (total: 25025)
2025-09-21 12:55:43,023 - INFO - SCRAPER: Completed 2/12 accounts. 1862 remaining in queue.
2025-09-21 12:55:43,023 - INFO - SCRAPER: Waiting 5 seconds before next account...
2025-09-21 12:55:43,023 - INFO - SCRAPER: Processing: https://www.instagram.com/rubahitam_/
2025-09-21 12:55:43,023 - INFO - SCRAPER: Account rubahitam_ already fully processed. Skipping.
2025-09-21 12:55:43,024 - INFO - SCRAPER: Added 0 new relationships to adjacency list (total: 25025)
2025-09-21 12:55:43,024 - INFO - SCRAPER: Completed 3/12 accounts. 1862 remaining in queue.
2025-09-21 12:55:43,024 - INFO - SCRAPER: Waiting 5 seconds before next account...
2025-09-21 12:55:43,024 - INFO - SCRAPER: Processing: https://www.instagram.com/columbiaeship/
2025-09-21 12:55:43,025 - INFO - SCRAPER: Account columbiaeship exists in progress data but is neither rate-limited nor processed. Re-attempting scrape.
2025-09-21 12:55:43,025 - INFO - SCRAPER: Scraping columbiaeship
2025-09-21 12:55:43,025 - INFO - SCRAPER: Early detection: Account has too many followers (3347) or following (136). Skipping detailed scraping.
2025-09-21 12:55:43,025 - INFO - SCRAPER: Saved data to instagram_data/scraping_progress.json
2025-09-21 12:55:43,025 - INFO - SCRAPER: Added 0 new relationships to adjacency list (total: 25025)
2025-09-21 12:55:43,025 - INFO - SCRAPER: Completed 4/12 accounts. 1862 remaining in queue.
2025-09-21 12:55:43,025 - INFO - SCRAPER: Waiting 5 seconds before next account...
2025-09-21 12:55:43,025 - INFO - SCRAPER: Processing: https://www.instagram.com/daphnefitzpatrick/
2025-09-21 12:55:43,025 - INFO - SCRAPER: Account daphnefitzpatrick exists in progress data but is neither rate-limited nor processed. Re-attempting scrape.
2025-09-21 12:55:43,025 - INFO - SCRAPER: Scraping daphnefitzpatrick
2025-09-21 12:55:43,025 - INFO - SCRAPER: Early detection: Account has too many followers (2430) or following (960). Skipping detailed scraping.
2025-09-21 12:55:43,025 - INFO - SCRAPER: Saved data to instagram_data/scraping_progress.json
2025-09-21 12:55:43,025 - INFO - SCRAPER: Added 0 new relationships to adjacency list (total: 25025)
2025-09-21 12:55:43,025 - INFO - SCRAPER: Completed 5/12 accounts. 1862 remaining in queue.
2025-09-21 12:55:43,025 - INFO - SCRAPER: Waiting 5 seconds before next account...
2025-09-21 12:55:43,025 - INFO - SCRAPER: Processing: https://www.instagram.com/hunter_wang1112/
2025-09-21 12:55:43,025 - INFO - SCRAPER: Account hunter_wang1112 already fully processed. Skipping.
2025-09-21 12:55:43,025 - INFO - SCRAPER: Added 0 new relationships to adjacency list (total: 25025)
2025-09-21 12:55:43,025 - INFO - SCRAPER: Completed 6/12 accounts. 1862 remaining in queue.
2025-09-21 12:55:43,025 - INFO - SCRAPER: Waiting 5 seconds before next account...
2025-09-21 12:55:43,026 - INFO - SCRAPER: Processing: https://www.instagram.com/nickniyihan/
2025-09-21 12:55:43,026 - INFO - SCRAPER: Account nickniyihan marked as processed but has incomplete data (0/134 followers, 0/125 following). Re-attempting.
2025-09-21 12:55:43,026 - INFO - SCRAPER: Scraping nickniyihan
2025-09-21 12:55:43,026 - INFO - SCRAPER: nickniyihan: Followers: 163, Following: 156
2025-09-21 12:55:43,026 - INFO - SCRAPER: Scraping 163 followers for nickniyihan...
2025-09-21 12:55:43,026 - INFO - SCRAPER: Scrolling page 1/10 for followers
2025-09-21 12:55:43,026 - INFO - SCRAPER: Added 0 new users (filtered 0 duplicates)
2025-09-21 12:55:43,026 - INFO - SCRAPER: Attempted fixed-distance scroll to bypass potential UI limitations
2025-09-21 12:55:43,026 - INFO - SCRAPER: Scrolling page 2/10 for followers
2025-09-21 12:55:43,026 - INFO - SCRAPER: Added 0 new users (filtered 0 duplicates)
2025-09-21 12:55:43,026 - INFO - SCRAPER: No new users found after 3 consecutive scrolls. Ending pagination.
2025-09-21 12:55:43,026 - INFO - SCRAPER: Total followers retrieved: 0 (0 new in this session)
2025-09-21 12:55:43,026 - INFO - SCRAPER: Retrieved 0 followers
2025-09-21 12:55:43,026 - INFO - SCRAPER: Scraping 156 following for nickniyihan...
2025-09-21 12:55:43,026 - INFO - SCRAPER: Scrolling page 1/10 for following
2025-09-21 12:55:43,026 - INFO - SCRAPER: Added 0 new users (filtered 0 duplicates)
2025-09-21 12:55:43,026 - INFO - SCRAPER: Attempted fixed-distance scroll to bypass potential UI limitations
2025-09-21 12:55:43,026 - INFO - SCRAPER: Scrolling page 2/10 for following
2025-09-21 12:55:43,026 - INFO - SCRAPER: Added 0 new users (filtered 0 duplicates)
2025-09-21 12:55:43,026 - INFO - SCRAPER: No new users found after 3 consecutive scrolls. Ending pagination.
2025-09-21 12:55:43,026 - INFO - SCRAPER: Total following retrieved: 0 (0 new in this session)
2025-09-21 12:55:43,026 - INFO - SCRAPER: Retrieved 0 following
2025-09-21 12:55:43,026 - INFO - SCRAPER: Saved data to instagram_data/scraping_progress.json
2025-09-21 12:55:43,026 - INFO - SCRAPER: Added 0 new relationships to adjacency list (total: 25025)
2025-09-21 12:55:43,026 - INFO - SCRAPER: Completed 7/12 accounts. 1862 remaining in queue.
2025-09-21 12:55:43,026 - INFO - SCRAPER: Waiting 5 seconds before next account...
2025-09-21 12:55:43,026 - INFO - SCRAPER: Processing: https://www.instagram.com/ruixi__zhang/
2025-09-21 12:55:43,026 - INFO - SCRAPER: Scraping ruixi__zhang
2025-09-21 12:55:43,026 - INFO - SCRAPER: Early detection: Account has too many followers (8735) or following (377). Skipping detailed scraping.
2025-09-21 12:55:43,026 - INFO - SCRAPER: Saved data to instagram_data/scraping_progress.json
2025-09-21 12:55:43,026 - INFO - SCRAPER: Added 0 new relationships to adjacency list (total: 25025)
2025-09-21 12:55:43,026 - INFO - SCRAPER: Completed 8/12 accounts. 1862 remaining in queue.
2025-09-21 12:55:43,026 - INFO - SCRAPER: Waiting 5 seconds before next account...
2025-09-21 12:55:43,026 - INFO - SCRAPER: Processing: https://www.instagram.com/uchigumo02/
2025-09-21 12:55:43,026 - INFO - SCRAPER: Account uchigumo02 exists in progress data but is neither rate-limited nor processed. Re-attempting scrape.
2025-09-21 12:55:43,026 - INFO - SCRAPER: Scraping uchigumo02
2025-09-21 12:55:43,026 - INFO - SCRAPER: Early detection: Account has too many followers (3611) or following (557). Skipping detailed scraping.
2025-09-21 12:55:43,026 - INFO - SCRAPER: Saved data to instagram_data/scraping_progress.json
2025-09-21 12:55:43,026 - INFO - SCRAPER: Added 0 new relationships to adjacency list (total: 25025)
2025-09-21 12:55:43,026 - INFO - SCRAPER: Completed 9/12 accounts. 1862 remaining in queue.
2025-09-21 12:55:43,026 - INFO - SCRAPER: Waiting 5 seconds before next account...
2025-09-21 12:55:43,026 - INFO - SCRAPER: Processing: https://www.instagram.com/rongrongandinri/
2025-09-21 12:55:43,026 - INFO - SCRAPER: Account rongrongandinri exists in progress data but is neither rate-limited nor processed. Re-attempting scrape.
2025-09-21 12:55:43,026 - INFO - SCRAPER: Scraping rongrongandinri
2025-09-21 12:55:43,026 - INFO - SCRAPER: Early detection: Account has too many followers (3662) or following (1434). Skipping detailed scraping.
2025-09-21 12:55:43,026 - INFO - SCRAPER: Saved data to instagram_data/scraping_progress.json
2025-09-21 12:55:43,026 - INFO - SCRAPER: Added 0 new relationships to adjacency list (total: 25025)
2025-09-21 12:55:43,026 - INFO - SCRAPER: Completed 10/12 accounts. 1862 remaining in queue.
2025-09-21 12:55:43,026 - INFO - SCRAPER: Waiting 5 seconds before next account...
2025-09-21 12:55:43,026 - INFO - SCRAPER: Processing: https://www.instagram.com/rodbikes/
2025-09-21 12:55:43,026 - INFO - SCRAPER: Account rodbikes exists in progress data but is neither rate-limited nor processed. Re-attempting scrape.
2025-09-21 12:55:43,026 - INFO - SCRAPER: Scraping rodbikes
2025-09-21 12:55:43,026 - INFO - SCRAPER: Early detection: Account has too many followers (5778) or following (193). Skipping detailed scraping.
2025-09-21 12:55:43,026 - INFO - SCRAPER: Saved data to instagram_data/scraping_progress.json
2025-09-21 12:55:43,026 - INFO - SCRAPER: Added 0 new relationships to adjacency list (total: 25025)
2025-09-21 12:55:43,026 - INFO - SCRAPER: Completed 11/12 accounts. 1862 remaining in queue.
2025-09-21 12:55:43,026 - INFO - SCRAPER: Waiting 5 seconds before next account...
2025-09-21 12:55:43,026 - INFO - SCRAPER: Processing: https://www.instagram.com/jessica_iglesia_/
2025-09-21 12:55:43,026 - INFO - SCRAPER: Account jessica_iglesia_ already fully processed. Skipping.
2025-09-21 12:55:43,026 - INFO - SCRAPER: Added 0 new relationships to adjacency list (total: 25025)
2025-09-21 12:55:43,027 - INFO - SCRAPER: Completed 12/12 accounts. 1862 remaining in queue.
2025-09-21 12:55:43,027 - INFO - SCRAPER: Waiting 5 seconds before next account...
2025-09-21 12:55:43,027 - INFO - SCRAPER: Batch complete! Processed 12 accounts (0 were rate-limited and will be retried later).
2025-09-21 12:55:43,027 - INFO - SCRAPER: 1862 links remaining for future sessions.
2025-09-21 12:55:43,027 - INFO - SCRAPER: Browser closed. Script complete.
2025-09-21 12:55:43,168 - INFO - Session completed successfully
2025-09-21 12:55:43,172 - INFO - Account Categories:
2025-09-21 12:55:43,172 - INFO -   unprocessed: 381 accounts (20.5%)
2025-09-21 12:55:43,172 - INFO -   incomplete: 1201 accounts (64.5%)
2025-09-21 12:55:43,172 - INFO -   rate_limited: 2 accounts (0.1%)
2025-09-21 12:55:43,172 - INFO -   complete: 109 accounts (5.9%)
2025-09-21 12:55:43,172 - INFO -   skipped: 142 accounts (7.6%)
2025-09-21 12:55:43,172 - INFO -   empty: 27 accounts (1.5%)
2025-09-21 12:55:43,172 - INFO - 
============================================================
2025-09-21 12:55:43,172 - INFO - PROGRESS SUMMARY
2025-09-21 12:55:43,172 - INFO - ============================================================
2025-09-21 12:55:43,172 - INFO - Total accounts to scrape: 1862
2025-09-21 12:55:43,172 - INFO - ✓ Fully completed: 109 (5.9%)
2025-09-21 12:55:43,172 - INFO - ⚠ Partially scraped: 1201 (64.5%)
2025-09-21 12:55:43,172 - INFO - ✗ Not attempted: 381 (20.5%)
2025-09-21 12:55:43,172 - INFO - 
Estimated to complete: ~197 sessions (~9.8 days)
2025-09-21 12:55:43,172 - INFO - ============================================================

2025-09-21 12:55:43,172 - INFO - Waiting 29 minutes until 13:24:43
2025-09-21 13:05:43,236 - INFO - 19 minutes remaining until next session
2025-09-21 13:15:43,366 - INFO - 9 minutes remaining until next session
2025-09-21 13:24:43,447 - INFO - Account Categories:
2025-09-21 13:24:43,447 - INFO -   unprocessed: 381 accounts (20.5%)
2025-09-21 13:24:43,448 - INFO -   incomplete: 1201 accounts (64.5%)
2025-09-21 13:24:43,448 - INFO -   rate_limited: 2 accounts (0.1%)
2025-09-21 13:24:43,448 - INFO -   complete: 109 accounts (5.9%)
2025-09-21 13:24:43,448 - INFO -   skipped: 142 accounts (7.6%)
2025-09-21 13:24:43,448 - INFO -   empty: 27 accounts (1.5%)
2025-09-21 13:24:43,449 - INFO - Saved data to instagram_data/daily_sessions.json
2025-09-21 13:24:43,449 - INFO - Calculated batch size: 12
2025-09-21 13:24:43,449 - INFO - Starting following scraping session with batch size 12
2025-09-21 13:28:38,036 - INFO - SCRAPER: Loaded scraping progress: 1483 accounts processed
2025-09-21 13:28:38,037 - INFO - SCRAPER: Will process 12 accounts in this session
2025-09-21 13:28:38,037 - INFO - SCRAPER: Logged in using button: //button[contains(.,'Log in')]
2025-09-21 13:28:38,038 - INFO - SCRAPER: Login might have failed. Current URL still shows login page.
2025-09-21 13:28:38,038 - INFO - SCRAPER: Rate limit statistics: 2 accounts marked as rate-limited
2025-09-21 13:28:38,038 - INFO - SCRAPER: Examples of rate-limited accounts: ['benton.down', 'yuukakazami0']
2025-09-21 13:28:38,038 - INFO - SCRAPER: Loaded 1862 links from instagram_data/followingLinks.txt
2025-09-21 13:28:38,038 - INFO - SCRAPER: Loaded adjacency list from instagram_data/adjList.txt
2025-09-21 13:28:38,038 - INFO - SCRAPER: Deduplicating adjacency list...
2025-09-21 13:28:38,038 - INFO - SCRAPER: No duplicates found in adjList.txt
2025-09-21 13:28:38,038 - INFO - SCRAPER: Found 6161 accounts that have already been processed
2025-09-21 13:28:38,038 - INFO - SCRAPER: Starting batch processing of 12 accounts
2025-09-21 13:28:38,038 - INFO - SCRAPER: Pre-checking accounts to prioritize ones with reasonable follower/following counts...
2025-09-21 13:28:38,038 - INFO - SCRAPER: ✓ soloslop.memes: Good candidate with 79 followers, 63 following
2025-09-21 13:28:38,038 - INFO - SCRAPER: ✓ phillipsauction: Good candidate with 462 followers, 441 following
2025-09-21 13:28:38,038 - INFO - SCRAPER: ✓ filmmovement: Good candidate with 0 followers, 0 following
2025-09-21 13:28:38,038 - INFO - SCRAPER: ✓ asian_redbozicowboy: Good candidate with 63 followers, 158 following
2025-09-21 13:28:38,038 - INFO - SCRAPER: ✓ ccpxi_8964: Good candidate with 50 followers, 120 following
2025-09-21 13:28:38,038 - INFO - SCRAPER: ✓ ngr.ev: Good candidate with 392 followers, 306 following
2025-09-21 13:28:38,038 - INFO - SCRAPER: ✓ cinema_nighttt: Good candidate with 431 followers, 17 following
2025-09-21 13:28:38,038 - INFO - SCRAPER: ✓ thedizzyviper: Good candidate with 183 followers, 960 following
2025-09-21 13:28:38,038 - INFO - SCRAPER: ✓ laclefrevival: Good candidate with 0 followers, 0 following
2025-09-21 13:28:38,038 - INFO - SCRAPER: ✓ byboyfantasy: Good candidate with 0 followers, 0 following
2025-09-21 13:28:38,038 - INFO - SCRAPER: ✓ manofdutch: Good candidate with 40 followers, 78 following
2025-09-21 13:28:38,038 - INFO - SCRAPER: ✓ thefineartcollective: Good candidate with 0 followers, 0 following
2025-09-21 13:28:38,038 - INFO - SCRAPER: ✓ shuheisakaue: Good candidate with 22 followers, 997 following
2025-09-21 13:28:38,038 - INFO - SCRAPER: ✓ catsoupai: Good candidate with 402 followers, 341 following
2025-09-21 13:28:38,039 - INFO - SCRAPER: Found 14 accounts with reasonable follower/following counts
2025-09-21 13:28:38,039 - INFO - SCRAPER: Links reordered to prioritize accounts with reasonable follower/following counts
2025-09-21 13:28:38,039 - INFO - SCRAPER: Randomly selecting 12 accounts from 1862 available accounts
2025-09-21 13:28:38,039 - INFO - SCRAPER: Processing: https://www.instagram.com/applejiani/
2025-09-21 13:28:38,039 - INFO - SCRAPER: Account applejiani exists in progress data but is neither rate-limited nor processed. Re-attempting scrape.
2025-09-21 13:28:38,039 - INFO - SCRAPER: Scraping applejiani
2025-09-21 13:28:38,039 - INFO - SCRAPER: Early detection: Account has too many followers (6122) or following (4069). Skipping detailed scraping.
2025-09-21 13:28:38,039 - INFO - SCRAPER: Saved data to instagram_data/scraping_progress.json
2025-09-21 13:28:38,039 - INFO - SCRAPER: Added 0 new relationships to adjacency list (total: 25025)
2025-09-21 13:28:38,039 - INFO - SCRAPER: Completed 1/12 accounts. 1862 remaining in queue.
2025-09-21 13:28:38,039 - INFO - SCRAPER: Waiting 5 seconds before next account...
2025-09-21 13:28:38,039 - INFO - SCRAPER: Processing: https://www.instagram.com/opticalradiance/
2025-09-21 13:28:38,039 - INFO - SCRAPER: Account opticalradiance exists in progress data but is neither rate-limited nor processed. Re-attempting scrape.
2025-09-21 13:28:38,039 - INFO - SCRAPER: Scraping opticalradiance
2025-09-21 13:28:38,039 - INFO - SCRAPER: Early detection: Account has too many followers (9845) or following (99). Skipping detailed scraping.
2025-09-21 13:28:38,039 - INFO - SCRAPER: Saved data to instagram_data/scraping_progress.json
2025-09-21 13:28:38,039 - INFO - SCRAPER: Added 0 new relationships to adjacency list (total: 25025)
2025-09-21 13:28:38,039 - INFO - SCRAPER: Completed 2/12 accounts. 1862 remaining in queue.
2025-09-21 13:28:38,039 - INFO - SCRAPER: Waiting 5 seconds before next account...
2025-09-21 13:28:38,039 - INFO - SCRAPER: Processing: https://www.instagram.com/filmsonthegreen/
2025-09-21 13:28:38,039 - INFO - SCRAPER: Account filmsonthegreen exists in progress data but is neither rate-limited nor processed. Re-attempting scrape.
2025-09-21 13:28:38,039 - INFO - SCRAPER: Scraping filmsonthegreen
2025-09-21 13:28:38,039 - INFO - SCRAPER: Early detection: Account has too many followers (4989) or following (281). Skipping detailed scraping.
2025-09-21 13:28:38,039 - INFO - SCRAPER: Saved data to instagram_data/scraping_progress.json
2025-09-21 13:28:38,039 - INFO - SCRAPER: Added 0 new relationships to adjacency list (total: 25025)
2025-09-21 13:28:38,039 - INFO - SCRAPER: Completed 3/12 accounts. 1862 remaining in queue.
2025-09-21 13:28:38,039 - INFO - SCRAPER: Waiting 5 seconds before next account...
2025-09-21 13:28:38,039 - INFO - SCRAPER: Processing: https://www.instagram.com/linjing7804/
2025-09-21 13:28:38,039 - INFO - SCRAPER: Account linjing7804 marked as processed but has incomplete data (0/34 followers, 0/0 following). Re-attempting.
2025-09-21 13:28:38,039 - INFO - SCRAPER: Scraping accounts
2025-09-21 13:28:38,039 - INFO - SCRAPER: accounts: Followers: 0, Following: 0
2025-09-21 13:28:38,039 - INFO - SCRAPER: Saved data to instagram_data/scraping_progress.json
2025-09-21 13:28:38,039 - INFO - SCRAPER: Added 0 new relationships to adjacency list (total: 25025)
2025-09-21 13:28:38,040 - INFO - SCRAPER: Completed 4/12 accounts. 1862 remaining in queue.
2025-09-21 13:28:38,040 - INFO - SCRAPER: Waiting 5 seconds before next account...
2025-09-21 13:28:38,040 - INFO - SCRAPER: Processing: https://www.instagram.com/per_adolfsen/
2025-09-21 13:28:38,040 - INFO - SCRAPER: Account per_adolfsen exists in progress data but is neither rate-limited nor processed. Re-attempting scrape.
2025-09-21 13:28:38,040 - INFO - SCRAPER: Scraping per_adolfsen
2025-09-21 13:28:38,040 - INFO - SCRAPER: Early detection: Account has too many followers (205) or following (4142). Skipping detailed scraping.
2025-09-21 13:28:38,040 - INFO - SCRAPER: Saved data to instagram_data/scraping_progress.json
2025-09-21 13:28:38,040 - INFO - SCRAPER: Added 0 new relationships to adjacency list (total: 25025)
2025-09-21 13:28:38,040 - INFO - SCRAPER: Completed 5/12 accounts. 1862 remaining in queue.
2025-09-21 13:28:38,040 - INFO - SCRAPER: Waiting 5 seconds before next account...
2025-09-21 13:28:38,040 - INFO - SCRAPER: Processing: https://www.instagram.com/atlisr/
2025-09-21 13:28:38,040 - INFO - SCRAPER: Account atlisr already fully processed. Skipping.
2025-09-21 13:28:38,040 - INFO - SCRAPER: Added 0 new relationships to adjacency list (total: 25025)
2025-09-21 13:28:38,040 - INFO - SCRAPER: Completed 6/12 accounts. 1862 remaining in queue.
2025-09-21 13:28:38,040 - INFO - SCRAPER: Waiting 5 seconds before next account...
2025-09-21 13:28:38,040 - INFO - SCRAPER: Processing: https://www.instagram.com/thebeautyofanimation/
2025-09-21 13:28:38,040 - INFO - SCRAPER: Account thebeautyofanimation already fully processed. Skipping.
2025-09-21 13:28:38,040 - INFO - SCRAPER: Added 0 new relationships to adjacency list (total: 25025)
2025-09-21 13:28:38,040 - INFO - SCRAPER: Completed 7/12 accounts. 1862 remaining in queue.
2025-09-21 13:28:38,040 - INFO - SCRAPER: Waiting 5 seconds before next account...
2025-09-21 13:28:38,040 - INFO - SCRAPER: Processing: https://www.instagram.com/soloslop.memes/
2025-09-21 13:28:38,040 - INFO - SCRAPER: Account soloslop.memes already fully processed. Skipping.
2025-09-21 13:28:38,040 - INFO - SCRAPER: Added 0 new relationships to adjacency list (total: 25025)
2025-09-21 13:28:38,040 - INFO - SCRAPER: Completed 8/12 accounts. 1862 remaining in queue.
2025-09-21 13:28:38,040 - INFO - SCRAPER: Waiting 5 seconds before next account...
2025-09-21 13:28:38,040 - INFO - SCRAPER: Processing: https://www.instagram.com/nycvelo/
2025-09-21 13:28:38,040 - INFO - SCRAPER: Account nycvelo exists in progress data but is neither rate-limited nor processed. Re-attempting scrape.
2025-09-21 13:28:38,040 - INFO - SCRAPER: Scraping nycvelo
2025-09-21 13:28:38,041 - INFO - SCRAPER: Early detection: Account has too many followers (5804) or following (1134). Skipping detailed scraping.
2025-09-21 13:28:38,041 - INFO - SCRAPER: Saved data to instagram_data/scraping_progress.json
2025-09-21 13:28:38,041 - INFO - SCRAPER: Added 0 new relationships to adjacency list (total: 25025)
2025-09-21 13:28:38,041 - INFO - SCRAPER: Completed 9/12 accounts. 1862 remaining in queue.
2025-09-21 13:28:38,041 - INFO - SCRAPER: Waiting 5 seconds before next account...
2025-09-21 13:28:38,041 - INFO - SCRAPER: Processing: https://www.instagram.com/drakesguides/
2025-09-21 13:28:38,041 - INFO - SCRAPER: Account drakesguides exists in progress data but is neither rate-limited nor processed. Re-attempting scrape.
2025-09-21 13:28:38,041 - INFO - SCRAPER: Scraping drakesguides
2025-09-21 13:28:38,041 - INFO - SCRAPER: Early detection: Account has too many followers (2730) or following (1). Skipping detailed scraping.
2025-09-21 13:28:38,041 - INFO - SCRAPER: Saved data to instagram_data/scraping_progress.json
2025-09-21 13:28:38,041 - INFO - SCRAPER: Added 0 new relationships to adjacency list (total: 25025)
2025-09-21 13:28:38,041 - INFO - SCRAPER: Completed 10/12 accounts. 1862 remaining in queue.
2025-09-21 13:28:38,041 - INFO - SCRAPER: Waiting 5 seconds before next account...
2025-09-21 13:28:38,041 - INFO - SCRAPER: Processing: https://www.instagram.com/maslom_na_hleb/
2025-09-21 13:28:38,041 - INFO - SCRAPER: Account maslom_na_hleb exists in progress data but is neither rate-limited nor processed. Re-attempting scrape.
2025-09-21 13:28:38,041 - INFO - SCRAPER: Scraping maslom_na_hleb
2025-09-21 13:28:38,041 - INFO - SCRAPER: Early detection: Account has too many followers (4275) or following (435). Skipping detailed scraping.
2025-09-21 13:28:38,041 - INFO - SCRAPER: Saved data to instagram_data/scraping_progress.json
2025-09-21 13:28:38,041 - INFO - SCRAPER: Added 0 new relationships to adjacency list (total: 25025)
2025-09-21 13:28:38,041 - INFO - SCRAPER: Completed 11/12 accounts. 1862 remaining in queue.
2025-09-21 13:28:38,041 - INFO - SCRAPER: Waiting 5 seconds before next account...
2025-09-21 13:28:38,042 - INFO - SCRAPER: Processing: https://www.instagram.com/ccpxi_8964/
2025-09-21 13:28:38,042 - INFO - SCRAPER: Account ccpxi_8964 exists in progress data but is neither rate-limited nor processed. Re-attempting scrape.
2025-09-21 13:28:38,042 - INFO - SCRAPER: Scraping ccpxi_8964
2025-09-21 13:28:38,042 - INFO - SCRAPER: ccpxi_8964: Followers: 50, Following: 120
2025-09-21 13:28:38,042 - INFO - SCRAPER: Scraping 50 followers for ccpxi_8964...
2025-09-21 13:28:38,042 - INFO - SCRAPER: Scrolling page 1/10 for followers
2025-09-21 13:28:38,042 - INFO - SCRAPER: Added 0 new users (filtered 0 duplicates)
2025-09-21 13:28:38,042 - INFO - SCRAPER: Attempted fixed-distance scroll to bypass potential UI limitations
2025-09-21 13:28:38,042 - INFO - SCRAPER: Scrolling page 2/10 for followers
2025-09-21 13:28:38,042 - INFO - SCRAPER: Added 0 new users (filtered 0 duplicates)
2025-09-21 13:28:38,042 - INFO - SCRAPER: No new users found after 3 consecutive scrolls. Ending pagination.
2025-09-21 13:28:38,042 - INFO - SCRAPER: Total followers retrieved: 0 (0 new in this session)
2025-09-21 13:28:38,042 - INFO - SCRAPER: Retrieved 0 followers
2025-09-21 13:28:38,042 - INFO - SCRAPER: Scraping 120 following for ccpxi_8964...
2025-09-21 13:28:38,042 - INFO - SCRAPER: Scrolling page 1/10 for following
2025-09-21 13:28:38,042 - INFO - SCRAPER: Added 0 new users (filtered 0 duplicates)
2025-09-21 13:28:38,042 - INFO - SCRAPER: Attempted fixed-distance scroll to bypass potential UI limitations
2025-09-21 13:28:38,042 - INFO - SCRAPER: Scrolling page 2/10 for following
2025-09-21 13:28:38,042 - INFO - SCRAPER: Added 0 new users (filtered 0 duplicates)
2025-09-21 13:28:38,042 - INFO - SCRAPER: No new users found after 3 consecutive scrolls. Ending pagination.
2025-09-21 13:28:38,042 - INFO - SCRAPER: Total following retrieved: 0 (0 new in this session)
2025-09-21 13:28:38,042 - INFO - SCRAPER: Retrieved 0 following
2025-09-21 13:28:38,042 - INFO - SCRAPER: Saved data to instagram_data/scraping_progress.json
2025-09-21 13:28:38,042 - INFO - SCRAPER: Added 0 new relationships to adjacency list (total: 25025)
2025-09-21 13:28:38,042 - INFO - SCRAPER: Completed 12/12 accounts. 1862 remaining in queue.
2025-09-21 13:28:38,042 - INFO - SCRAPER: Waiting 5 seconds before next account...
2025-09-21 13:28:38,042 - INFO - SCRAPER: Batch complete! Processed 12 accounts (0 were rate-limited and will be retried later).
2025-09-21 13:28:38,042 - INFO - SCRAPER: 1862 links remaining for future sessions.
2025-09-21 13:28:38,042 - INFO - SCRAPER: Browser closed. Script complete.
2025-09-21 13:28:38,185 - INFO - Session completed successfully
2025-09-21 13:28:38,188 - INFO - Account Categories:
2025-09-21 13:28:38,188 - INFO -   unprocessed: 381 accounts (20.5%)
2025-09-21 13:28:38,188 - INFO -   incomplete: 1202 accounts (64.6%)
2025-09-21 13:28:38,188 - INFO -   rate_limited: 2 accounts (0.1%)
2025-09-21 13:28:38,188 - INFO -   complete: 109 accounts (5.9%)
2025-09-21 13:28:38,188 - INFO -   skipped: 141 accounts (7.6%)
2025-09-21 13:28:38,188 - INFO -   empty: 27 accounts (1.5%)
2025-09-21 13:28:38,188 - INFO - 
============================================================
2025-09-21 13:28:38,188 - INFO - PROGRESS SUMMARY
2025-09-21 13:28:38,188 - INFO - ============================================================
2025-09-21 13:28:38,188 - INFO - Total accounts to scrape: 1862
2025-09-21 13:28:38,188 - INFO - ✓ Fully completed: 109 (5.9%)
2025-09-21 13:28:38,188 - INFO - ⚠ Partially scraped: 1202 (64.6%)
2025-09-21 13:28:38,188 - INFO - ✗ Not attempted: 381 (20.5%)
2025-09-21 13:28:38,188 - INFO - 
Estimated to complete: ~197 sessions (~9.8 days)
2025-09-21 13:28:38,188 - INFO - ============================================================

2025-09-21 13:28:38,188 - INFO - Waiting 32 minutes until 14:00:38
2025-09-21 13:28:49,794 - INFO - Script interrupted by user
2025-09-21 13:28:49,795 - INFO - Auto scraper ended
