2025-10-02 12:32:25,212 - INFO - ============================================================
2025-10-02 12:32:25,212 - INFO - Instagram Following Accounts Auto Scraper Starting
2025-10-02 12:32:25,212 - INFO - ============================================================
2025-10-02 12:32:25,212 - INFO - Starting Instagram Following Accounts Auto Scraper
2025-10-02 12:32:25,215 - INFO - Account Categories:
2025-10-02 12:32:25,215 - INFO -   unprocessed: 0 accounts (0.0%)
2025-10-02 12:32:25,215 - INFO -   incomplete: 1151 accounts (81.9%)
2025-10-02 12:32:25,215 - INFO -   rate_limited: 2 accounts (0.1%)
2025-10-02 12:32:25,215 - INFO -   complete: 122 accounts (8.7%)
2025-10-02 12:32:25,215 - INFO -   skipped: 96 accounts (6.8%)
2025-10-02 12:32:25,215 - INFO -   empty: 35 accounts (2.5%)
2025-10-02 12:32:25,215 - INFO - 
============================================================
2025-10-02 12:32:25,215 - INFO - PROGRESS SUMMARY
2025-10-02 12:32:25,216 - INFO - ============================================================
2025-10-02 12:32:25,216 - INFO - Total accounts in list: 1406
2025-10-02 12:32:25,216 - INFO - Accounts to actually scrape: 1310 (excluding 96 skipped)
2025-10-02 12:32:25,216 - INFO - ✓ Fully completed: 122 (9.3% of workable)
2025-10-02 12:32:25,216 - INFO - ⚠ Partially scraped: 1151 (87.9% of workable)
2025-10-02 12:32:25,216 - INFO - ✗ Not attempted: 0 (0.0% of workable)
2025-10-02 12:32:25,216 - INFO - ⊘ Skipped (too large): 96
2025-10-02 12:32:25,216 - INFO - ⟲ Rate limited: 2
2025-10-02 12:32:25,216 - INFO - ∅ Empty accounts: 35
2025-10-02 12:32:25,216 - INFO - 
Estimated to complete: ~191 sessions (~9.6 days)
2025-10-02 12:32:25,216 - INFO - ============================================================

2025-10-02 12:32:25,218 - INFO - Account Categories:
2025-10-02 12:32:25,218 - INFO -   unprocessed: 0 accounts (0.0%)
2025-10-02 12:32:25,218 - INFO -   incomplete: 1151 accounts (81.9%)
2025-10-02 12:32:25,218 - INFO -   rate_limited: 2 accounts (0.1%)
2025-10-02 12:32:25,218 - INFO -   complete: 122 accounts (8.7%)
2025-10-02 12:32:25,218 - INFO -   skipped: 96 accounts (6.8%)
2025-10-02 12:32:25,218 - INFO -   empty: 35 accounts (2.5%)
2025-10-02 12:32:25,218 - INFO - Saved data to instagram_data/daily_sessions.json
2025-10-02 12:32:25,218 - INFO - Calculated batch size: 5
2025-10-02 12:32:25,218 - INFO - Starting following scraping session with batch size 5
2025-10-02 12:41:20,384 - INFO - Script interrupted by user
2025-10-02 12:41:20,385 - INFO - Auto scraper ended
