2025-09-30 13:22:21,617 - INFO - ============================================================
2025-09-30 13:22:21,617 - INFO - CONTINUOUS INSTAGRAM SCRAPING
2025-09-30 13:22:21,617 - INFO - ============================================================
2025-09-30 13:22:21,617 - INFO - Configuration:
2025-09-30 13:22:21,617 - INFO -   Accounts per session: 25
2025-09-30 13:22:21,617 - INFO -   Delay between sessions: 300 seconds
2025-09-30 13:22:21,617 - INFO -   Max sessions: 250
2025-09-30 13:22:21,618 - INFO - ============================================================
2025-09-30 13:22:21,626 - INFO - 
============================================================
2025-09-30 13:22:21,626 - INFO - PROGRESS SUMMARY
2025-09-30 13:22:21,626 - INFO - ============================================================
2025-09-30 13:22:21,626 - INFO - Total accounts: 8,452
2025-09-30 13:22:21,626 - INFO - Workable accounts: 8,309
2025-09-30 13:22:21,626 - INFO - ✅ Complete: 57 (0.7%)
2025-09-30 13:22:21,626 - INFO - ⏳ Remaining: 8,215 (98.9%)
2025-09-30 13:22:21,626 - INFO - 
Detailed breakdown:
2025-09-30 13:22:21,626 - INFO -   Complete: 57
2025-09-30 13:22:21,626 - INFO -   Incomplete: 41
2025-09-30 13:22:21,626 - INFO -   Rate-limited: 1,205
2025-09-30 13:22:21,626 - INFO -   Unprocessed: 6,969
2025-09-30 13:22:21,626 - INFO -   Skipped: 143
2025-09-30 13:22:21,626 - INFO -   Empty: 37
2025-09-30 13:22:21,626 - INFO - ============================================================

2025-09-30 13:22:21,626 - INFO - Starting continuous scraping...
2025-09-30 13:22:21,627 - INFO - Estimated sessions needed: 329
2025-09-30 13:22:21,632 - INFO - 
============================================================
2025-09-30 13:22:21,632 - INFO - STARTING SESSION 1/250
2025-09-30 13:22:21,632 - INFO - Remaining accounts: 8,215
2025-09-30 13:22:21,632 - INFO - ============================================================
