2025-09-30 13:15:46,491 - INFO - ============================================================
2025-09-30 13:15:46,491 - INFO - CONTINUOUS INSTAGRAM SCRAPING
2025-09-30 13:15:46,491 - INFO - ============================================================
2025-09-30 13:15:46,491 - INFO - Configuration:
2025-09-30 13:15:46,491 - INFO -   Accounts per session: 50
2025-09-30 13:15:46,492 - INFO -   Delay between sessions: 60 seconds
2025-09-30 13:15:46,492 - INFO -   Max sessions: 100
2025-09-30 13:15:46,492 - INFO - ============================================================
2025-09-30 13:15:46,496 - INFO - 
============================================================
2025-09-30 13:15:46,496 - INFO - PROGRESS SUMMARY
2025-09-30 13:15:46,496 - INFO - ============================================================
2025-09-30 13:15:46,496 - INFO - Total accounts: 6,146
2025-09-30 13:15:46,496 - INFO - Workable accounts: 6,003
2025-09-30 13:15:46,496 - INFO - ✅ Complete: 51 (0.8%)
2025-09-30 13:15:46,496 - INFO - ⏳ Remaining: 5,916 (98.6%)
2025-09-30 13:15:46,496 - INFO - 
Detailed breakdown:
2025-09-30 13:15:46,496 - INFO -   Complete: 51
2025-09-30 13:15:46,496 - INFO -   Incomplete: 41
2025-09-30 13:15:46,496 - INFO -   Rate-limited: 1,212
2025-09-30 13:15:46,496 - INFO -   Unprocessed: 4,663
2025-09-30 13:15:46,496 - INFO -   Skipped: 143
2025-09-30 13:15:46,496 - INFO -   Empty: 36
2025-09-30 13:15:46,496 - INFO - ============================================================

2025-09-30 13:15:46,496 - INFO - Starting continuous scraping...
2025-09-30 13:15:46,496 - INFO - Estimated sessions needed: 119
2025-09-30 13:15:46,500 - INFO - 
============================================================
2025-09-30 13:15:46,500 - INFO - STARTING SESSION 1/100
2025-09-30 13:15:46,500 - INFO - Remaining accounts: 5,916
2025-09-30 13:15:46,500 - INFO - ============================================================
