2025-09-30 13:25:04,975 - INFO - ============================================================
2025-09-30 13:25:04,975 - INFO - CONTINUOUS INSTAGRAM SCRAPING
2025-09-30 13:25:04,975 - INFO - ============================================================
2025-09-30 13:25:04,975 - INFO - Configuration:
2025-09-30 13:25:04,975 - INFO -   Accounts per session: 25
2025-09-30 13:25:04,975 - INFO -   Delay between sessions: 300 seconds
2025-09-30 13:25:04,975 - INFO -   Max sessions: 250
2025-09-30 13:25:04,975 - INFO - ============================================================
2025-09-30 13:25:04,979 - INFO - 
============================================================
2025-09-30 13:25:04,979 - INFO - PROGRESS SUMMARY
2025-09-30 13:25:04,979 - INFO - ============================================================
2025-09-30 13:25:04,979 - INFO - Total accounts: 1,406
2025-09-30 13:25:04,979 - INFO - Workable accounts: 1,309
2025-09-30 13:25:04,979 - INFO - ✅ Complete: 39 (3.0%)
2025-09-30 13:25:04,979 - INFO - ⏳ Remaining: 1,234 (94.3%)
2025-09-30 13:25:04,979 - INFO - 
Detailed breakdown:
2025-09-30 13:25:04,979 - INFO -   Complete: 39
2025-09-30 13:25:04,979 - INFO -   Incomplete: 35
2025-09-30 13:25:04,979 - INFO -   Rate-limited: 1,199
2025-09-30 13:25:04,979 - INFO -   Unprocessed: 0
2025-09-30 13:25:04,979 - INFO -   Skipped: 97
2025-09-30 13:25:04,979 - INFO -   Empty: 36
2025-09-30 13:25:04,979 - INFO - ============================================================

2025-09-30 13:25:04,979 - INFO - Starting continuous scraping...
2025-09-30 13:25:04,979 - INFO - Estimated sessions needed: 50
2025-09-30 13:25:04,981 - INFO - 
============================================================
2025-09-30 13:25:04,981 - INFO - STARTING SESSION 1/250
2025-09-30 13:25:04,981 - INFO - Remaining accounts: 1,234
2025-09-30 13:25:04,981 - INFO - ============================================================
2025-09-30 13:25:31,460 - INFO - Session completed successfully
2025-09-30 13:25:31,460 - INFO - ✅ Session 1 completed in 26.5 seconds
2025-09-30 13:25:31,463 - INFO - 
============================================================
2025-09-30 13:25:31,463 - INFO - SESSION 1 COMPLETE
2025-09-30 13:25:31,463 - INFO - ============================================================
2025-09-30 13:25:31,463 - INFO - Total accounts: 1,406
2025-09-30 13:25:31,463 - INFO - Workable accounts: 1,309
2025-09-30 13:25:31,463 - INFO - ✅ Complete: 39 (3.0%)
2025-09-30 13:25:31,463 - INFO - ⏳ Remaining: 1,234 (94.3%)
2025-09-30 13:25:31,463 - INFO - 
Detailed breakdown:
2025-09-30 13:25:31,463 - INFO -   Complete: 39
2025-09-30 13:25:31,463 - INFO -   Incomplete: 35
2025-09-30 13:25:31,463 - INFO -   Rate-limited: 1,199
2025-09-30 13:25:31,463 - INFO -   Unprocessed: 0
2025-09-30 13:25:31,463 - INFO -   Skipped: 97
2025-09-30 13:25:31,463 - INFO -   Empty: 36
2025-09-30 13:25:31,463 - INFO - ============================================================

2025-09-30 13:25:31,463 - INFO - 
⏸️  Waiting 300 seconds before next session...
2025-09-30 13:30:31,472 - INFO - 
============================================================
2025-09-30 13:30:31,474 - INFO - STARTING SESSION 2/250
2025-09-30 13:30:31,474 - INFO - Remaining accounts: 1,234
2025-09-30 13:30:31,474 - INFO - ============================================================
2025-09-30 13:30:57,033 - INFO - Session completed successfully
2025-09-30 13:30:57,033 - INFO - ✅ Session 2 completed in 25.6 seconds
2025-09-30 13:30:57,036 - INFO - 
============================================================
2025-09-30 13:30:57,036 - INFO - SESSION 2 COMPLETE
2025-09-30 13:30:57,036 - INFO - ============================================================
2025-09-30 13:30:57,036 - INFO - Total accounts: 1,406
2025-09-30 13:30:57,036 - INFO - Workable accounts: 1,309
2025-09-30 13:30:57,036 - INFO - ✅ Complete: 39 (3.0%)
2025-09-30 13:30:57,036 - INFO - ⏳ Remaining: 1,234 (94.3%)
2025-09-30 13:30:57,036 - INFO - 
Detailed breakdown:
2025-09-30 13:30:57,036 - INFO -   Complete: 39
2025-09-30 13:30:57,036 - INFO -   Incomplete: 35
2025-09-30 13:30:57,036 - INFO -   Rate-limited: 1,199
2025-09-30 13:30:57,036 - INFO -   Unprocessed: 0
2025-09-30 13:30:57,036 - INFO -   Skipped: 97
2025-09-30 13:30:57,036 - INFO -   Empty: 36
2025-09-30 13:30:57,036 - INFO - ============================================================

2025-09-30 13:30:57,036 - INFO - 
⏸️  Waiting 300 seconds before next session...
2025-09-30 13:35:57,047 - INFO - 
============================================================
2025-09-30 13:35:57,049 - INFO - STARTING SESSION 3/250
2025-09-30 13:35:57,049 - INFO - Remaining accounts: 1,234
2025-09-30 13:35:57,049 - INFO - ============================================================
2025-09-30 13:36:23,155 - INFO - Session completed successfully
2025-09-30 13:36:23,155 - INFO - ✅ Session 3 completed in 26.1 seconds
2025-09-30 13:36:23,158 - INFO - 
============================================================
2025-09-30 13:36:23,158 - INFO - SESSION 3 COMPLETE
2025-09-30 13:36:23,158 - INFO - ============================================================
2025-09-30 13:36:23,158 - INFO - Total accounts: 1,406
2025-09-30 13:36:23,158 - INFO - Workable accounts: 1,309
2025-09-30 13:36:23,158 - INFO - ✅ Complete: 39 (3.0%)
2025-09-30 13:36:23,158 - INFO - ⏳ Remaining: 1,234 (94.3%)
2025-09-30 13:36:23,158 - INFO - 
Detailed breakdown:
2025-09-30 13:36:23,158 - INFO -   Complete: 39
2025-09-30 13:36:23,158 - INFO -   Incomplete: 35
2025-09-30 13:36:23,158 - INFO -   Rate-limited: 1,199
2025-09-30 13:36:23,158 - INFO -   Unprocessed: 0
2025-09-30 13:36:23,158 - INFO -   Skipped: 97
2025-09-30 13:36:23,158 - INFO -   Empty: 36
2025-09-30 13:36:23,158 - INFO - ============================================================

2025-09-30 13:36:23,158 - INFO - 
⏸️  Waiting 300 seconds before next session...
2025-09-30 13:41:23,147 - INFO - 
============================================================
2025-09-30 13:41:23,150 - INFO - STARTING SESSION 4/250
2025-09-30 13:41:23,150 - INFO - Remaining accounts: 1,234
2025-09-30 13:41:23,150 - INFO - ============================================================
2025-09-30 13:47:50,342 - INFO - Session completed successfully
2025-09-30 13:47:50,343 - INFO - ✅ Session 4 completed in 387.2 seconds
2025-09-30 13:47:50,347 - INFO - 
============================================================
2025-09-30 13:47:50,347 - INFO - SESSION 4 COMPLETE
2025-09-30 13:47:50,347 - INFO - ============================================================
2025-09-30 13:47:50,347 - INFO - Total accounts: 1,406
2025-09-30 13:47:50,347 - INFO - Workable accounts: 1,309
2025-09-30 13:47:50,347 - INFO - ✅ Complete: 43 (3.3%)
2025-09-30 13:47:50,347 - INFO - ⏳ Remaining: 1,230 (94.0%)
2025-09-30 13:47:50,347 - INFO - 
Detailed breakdown:
2025-09-30 13:47:50,347 - INFO -   Complete: 43
2025-09-30 13:47:50,347 - INFO -   Incomplete: 36
2025-09-30 13:47:50,347 - INFO -   Rate-limited: 1,194
2025-09-30 13:47:50,347 - INFO -   Unprocessed: 0
2025-09-30 13:47:50,347 - INFO -   Skipped: 97
2025-09-30 13:47:50,347 - INFO -   Empty: 36
2025-09-30 13:47:50,347 - INFO - ============================================================

2025-09-30 13:47:50,347 - INFO - ⏱️  Time estimates:
2025-09-30 13:47:50,347 - INFO -   Elapsed: 22.8 minutes
2025-09-30 13:47:50,347 - INFO -   Per account: 341.3 seconds
2025-09-30 13:47:50,347 - INFO -   Estimated remaining: 6997.5 minutes (116.6 hours)
2025-09-30 13:47:50,347 - INFO - 
⏸️  Waiting 300 seconds before next session...
2025-09-30 13:52:50,361 - INFO - 
============================================================
2025-09-30 13:52:50,362 - INFO - STARTING SESSION 5/250
2025-09-30 13:52:50,362 - INFO - Remaining accounts: 1,230
2025-09-30 13:52:50,362 - INFO - ============================================================
2025-09-30 13:59:01,933 - INFO - Session completed successfully
2025-09-30 13:59:01,934 - INFO - ✅ Session 5 completed in 371.6 seconds
2025-09-30 13:59:01,938 - INFO - 
============================================================
2025-09-30 13:59:01,938 - INFO - SESSION 5 COMPLETE
2025-09-30 13:59:01,938 - INFO - ============================================================
2025-09-30 13:59:01,938 - INFO - Total accounts: 1,406
2025-09-30 13:59:01,938 - INFO - Workable accounts: 1,309
2025-09-30 13:59:01,938 - INFO - ✅ Complete: 49 (3.7%)
2025-09-30 13:59:01,938 - INFO - ⏳ Remaining: 1,223 (93.4%)
2025-09-30 13:59:01,938 - INFO - 
Detailed breakdown:
2025-09-30 13:59:01,938 - INFO -   Complete: 49
2025-09-30 13:59:01,938 - INFO -   Incomplete: 37
2025-09-30 13:59:01,938 - INFO -   Rate-limited: 1,186
2025-09-30 13:59:01,938 - INFO -   Unprocessed: 0
2025-09-30 13:59:01,938 - INFO -   Skipped: 97
2025-09-30 13:59:01,938 - INFO -   Empty: 37
2025-09-30 13:59:01,938 - INFO - ============================================================

2025-09-30 13:59:01,938 - INFO - ⏱️  Time estimates:
2025-09-30 13:59:01,938 - INFO -   Elapsed: 33.9 minutes
2025-09-30 13:59:01,939 - INFO -   Per account: 185.2 seconds
2025-09-30 13:59:01,939 - INFO -   Estimated remaining: 3774.5 minutes (62.9 hours)
2025-09-30 13:59:01,939 - INFO - 
⏸️  Waiting 300 seconds before next session...
2025-09-30 14:04:01,960 - INFO - 
============================================================
2025-09-30 14:04:01,962 - INFO - STARTING SESSION 6/250
2025-09-30 14:04:01,962 - INFO - Remaining accounts: 1,223
2025-09-30 14:04:01,962 - INFO - ============================================================
2025-09-30 14:13:04,797 - INFO - Session completed successfully
2025-09-30 14:13:04,798 - INFO - ✅ Session 6 completed in 542.8 seconds
2025-09-30 14:13:04,801 - INFO - 
============================================================
2025-09-30 14:13:04,801 - INFO - SESSION 6 COMPLETE
2025-09-30 14:13:04,801 - INFO - ============================================================
2025-09-30 14:13:04,801 - INFO - Total accounts: 1,406
2025-09-30 14:13:04,801 - INFO - Workable accounts: 1,309
2025-09-30 14:13:04,801 - INFO - ✅ Complete: 72 (5.5%)
2025-09-30 14:13:04,801 - INFO - ⏳ Remaining: 1,198 (91.5%)
2025-09-30 14:13:04,801 - INFO - 
Detailed breakdown:
2025-09-30 14:13:04,801 - INFO -   Complete: 72
2025-09-30 14:13:04,801 - INFO -   Incomplete: 37
2025-09-30 14:13:04,801 - INFO -   Rate-limited: 1,161
2025-09-30 14:13:04,801 - INFO -   Unprocessed: 0
2025-09-30 14:13:04,801 - INFO -   Skipped: 97
2025-09-30 14:13:04,801 - INFO -   Empty: 39
2025-09-30 14:13:04,801 - INFO - ============================================================

2025-09-30 14:13:04,801 - INFO - ⏱️  Time estimates:
2025-09-30 14:13:04,802 - INFO -   Elapsed: 48.0 minutes
2025-09-30 14:13:04,802 - INFO -   Per account: 80.0 seconds
2025-09-30 14:13:04,802 - INFO -   Estimated remaining: 1597.2 minutes (26.6 hours)
2025-09-30 14:13:04,802 - INFO - 
⏸️  Waiting 300 seconds before next session...
2025-09-30 14:18:04,815 - INFO - 
============================================================
2025-09-30 14:18:04,817 - INFO - STARTING SESSION 7/250
2025-09-30 14:18:04,817 - INFO - Remaining accounts: 1,198
2025-09-30 14:18:04,817 - INFO - ============================================================
2025-09-30 14:24:32,495 - INFO - Session completed successfully
2025-09-30 14:24:32,497 - INFO - ✅ Session 7 completed in 387.7 seconds
2025-09-30 14:24:32,500 - INFO - 
============================================================
2025-09-30 14:24:32,500 - INFO - SESSION 7 COMPLETE
2025-09-30 14:24:32,501 - INFO - ============================================================
2025-09-30 14:24:32,501 - INFO - Total accounts: 1,406
2025-09-30 14:24:32,501 - INFO - Workable accounts: 1,309
2025-09-30 14:24:32,501 - INFO - ✅ Complete: 81 (6.2%)
2025-09-30 14:24:32,501 - INFO - ⏳ Remaining: 1,188 (90.8%)
2025-09-30 14:24:32,501 - INFO - 
Detailed breakdown:
2025-09-30 14:24:32,501 - INFO -   Complete: 81
2025-09-30 14:24:32,501 - INFO -   Incomplete: 37
2025-09-30 14:24:32,501 - INFO -   Rate-limited: 1,151
2025-09-30 14:24:32,501 - INFO -   Unprocessed: 0
2025-09-30 14:24:32,501 - INFO -   Skipped: 97
2025-09-30 14:24:32,501 - INFO -   Empty: 40
2025-09-30 14:24:32,501 - INFO - ============================================================

2025-09-30 14:24:32,501 - INFO - ⏱️  Time estimates:
2025-09-30 14:24:32,501 - INFO -   Elapsed: 59.5 minutes
2025-09-30 14:24:32,501 - INFO -   Per account: 77.6 seconds
2025-09-30 14:24:32,501 - INFO -   Estimated remaining: 1535.6 minutes (25.6 hours)
2025-09-30 14:24:32,501 - INFO - 
⏸️  Waiting 300 seconds before next session...
