2025-09-30 17:40:35,625 - INFO - ============================================================
2025-09-30 17:40:35,625 - INFO - Instagram Scraper with Instagrapi Starting
2025-09-30 17:40:35,625 - INFO - ============================================================
2025-09-30 17:40:35,625 - INFO - Loading existing data...
2025-09-30 17:40:35,627 - INFO - Loaded 1406 accounts from queue
2025-09-30 17:40:35,627 - INFO - 
Account Categories:
2025-09-30 17:40:35,627 - INFO -   unprocessed: 0 accounts (0.0%)
2025-09-30 17:40:35,627 - INFO -   incomplete: 42 accounts (3.0%)
2025-09-30 17:40:35,627 - INFO -   rate_limited: 1077 accounts (76.6%)
2025-09-30 17:40:35,627 - INFO -   complete: 149 accounts (10.6%)
2025-09-30 17:40:35,627 - INFO -   skipped: 97 accounts (6.9%)
2025-09-30 17:40:35,627 - INFO -   empty: 41 accounts (2.9%)
2025-09-30 17:40:35,627 - INFO - 
Total accounts to process: 1119
2025-09-30 17:40:35,627 - INFO - Will process up to 25 accounts this session
2025-09-30 17:40:35,627 - INFO - 
Logging in as fretin98...
2025-09-30 17:40:35,627 - INFO - https://i.instagram.com/api/v1/launcher/sync/
2025-09-30 17:40:36,175 - INFO - fretin98 [200] POST https://i.instagram.com/api/v1/launcher/sync/ (269.0.0.18.75, OnePlus 6T Dev)
2025-09-30 17:40:36,560 - INFO - https://i.instagram.com/api/v1/accounts/login/
2025-09-30 17:40:41,837 - INFO - fretin98 [200] POST https://i.instagram.com/api/v1/accounts/login/ (269.0.0.18.75, OnePlus 6T Dev)
2025-09-30 17:40:42,848 - INFO - https://i.instagram.com/api/v1/feed/reels_tray/
2025-09-30 17:40:43,027 - INFO - fretin98 [400] POST https://i.instagram.com/api/v1/feed/reels_tray/ (269.0.0.18.75, OnePlus 6T Dev)
2025-09-30 17:40:44,030 - INFO - https://i.instagram.com/api/v1/challenge/
2025-09-30 17:40:44,290 - INFO - fretin98 [400] GET https://i.instagram.com/api/v1/challenge/ (269.0.0.18.75, OnePlus 6T Dev)
2025-09-30 17:41:00,932 - INFO - https://i.instagram.com/api/v1/feed/reels_tray/
2025-09-30 17:41:01,139 - INFO - fretin98 [400] POST https://i.instagram.com/api/v1/feed/reels_tray/ (269.0.0.18.75, OnePlus 6T Dev)
2025-09-30 17:41:01,141 - ERROR - ❌ Login failed: challenge_required
