2025-09-30 15:39:48,429 - INFO - ============================================================
2025-09-30 15:39:48,429 - INFO - Instagram Scraper with Instagrapi Starting
2025-09-30 15:39:48,430 - INFO - ============================================================
2025-09-30 15:39:48,430 - INFO - Loading existing data...
2025-09-30 15:39:48,432 - INFO - Loaded 1406 accounts from queue
2025-09-30 15:39:48,432 - INFO - 
Account Categories:
2025-09-30 15:39:48,432 - INFO -   unprocessed: 0 accounts (0.0%)
2025-09-30 15:39:48,432 - INFO -   incomplete: 40 accounts (2.8%)
2025-09-30 15:39:48,432 - INFO -   rate_limited: 1093 accounts (77.7%)
2025-09-30 15:39:48,432 - INFO -   complete: 135 accounts (9.6%)
2025-09-30 15:39:48,432 - INFO -   skipped: 97 accounts (6.9%)
2025-09-30 15:39:48,432 - INFO -   empty: 41 accounts (2.9%)
2025-09-30 15:39:48,432 - INFO - 
Total accounts to process: 1133
2025-09-30 15:39:48,432 - INFO - Will process up to 25 accounts this session
2025-09-30 15:39:48,432 - INFO - 
Logging in as fretin98...
2025-09-30 15:39:48,432 - INFO - https://i.instagram.com/api/v1/launcher/sync/
2025-09-30 15:39:49,056 - INFO - fretin98 [200] POST https://i.instagram.com/api/v1/launcher/sync/ (269.0.0.18.75, OnePlus 6T Dev)
2025-09-30 15:39:49,429 - INFO - https://i.instagram.com/api/v1/accounts/login/
2025-09-30 15:39:54,354 - INFO - fretin98 [200] POST https://i.instagram.com/api/v1/accounts/login/ (269.0.0.18.75, OnePlus 6T Dev)
2025-09-30 15:39:55,358 - INFO - https://i.instagram.com/api/v1/feed/reels_tray/
2025-09-30 15:39:55,552 - INFO - fretin98 [400] POST https://i.instagram.com/api/v1/feed/reels_tray/ (269.0.0.18.75, OnePlus 6T Dev)
2025-09-30 15:39:56,557 - INFO - https://i.instagram.com/api/v1/challenge/
2025-09-30 15:39:56,834 - INFO - fretin98 [200] GET https://i.instagram.com/api/v1/challenge/ (269.0.0.18.75, OnePlus 6T Dev)
2025-09-30 15:39:57,839 - INFO - https://i.instagram.com/api/v1/challenge/
2025-09-30 15:39:58,996 - INFO - fretin98 [200] POST https://i.instagram.com/api/v1/challenge/ (269.0.0.18.75, OnePlus 6T Dev)
2025-09-30 15:40:00,001 - INFO - https://i.instagram.com/api/v1/feed/reels_tray/
2025-09-30 15:40:00,692 - INFO - fretin98 [200] POST https://i.instagram.com/api/v1/feed/reels_tray/ (269.0.0.18.75, OnePlus 6T Dev)
2025-09-30 15:40:01,697 - INFO - https://i.instagram.com/api/v1/feed/timeline/
2025-09-30 15:40:03,668 - INFO - fretin98 [200] POST https://i.instagram.com/api/v1/feed/timeline/ (269.0.0.18.75, OnePlus 6T Dev)
2025-09-30 15:40:03,677 - INFO - ✅ Login successful!
2025-09-30 15:40:03,678 - INFO - 
[1/25] Processing b1ngyaow
2025-09-30 15:40:03,678 - INFO - 
============================================================
2025-09-30 15:40:03,678 - INFO - Processing account: b1ngyaow
2025-09-30 15:40:03,678 - INFO - ============================================================
2025-09-30 15:40:03,678 - INFO - Fetching user info for b1ngyaow...
2025-09-30 15:40:05,339 - INFO - [None] [200] GET https://www.instagram.com/api/v1/users/web_profile_info/?username=b1ngyaow
2025-09-30 15:40:05,339 - ERROR - extract_user_gql() got an unexpected keyword argument 'update_headers'
Traceback (most recent call last):
  File "/opt/miniconda3/lib/python3.11/site-packages/instagrapi/mixins/user.py", line 203, in user_info_by_username
    user = self.user_info_by_username_gql(username)
           ^^^^^^^^^^^^^^^^^^^^^^^^^^^^^^^^^^^^^^^^
  File "/opt/miniconda3/lib/python3.11/site-packages/instagrapi/mixins/user.py", line 155, in user_info_by_username_gql
    data = extract_user_gql(json.loads(self.public_request(f'https://www.instagram.com/api/v1/users/web_profile_info/?username={username}', headers=temporary_public_headers))['data']['user'], update_headers=update_headers)
           ^^^^^^^^^^^^^^^^^^^^^^^^^^^^^^^^^^^^^^^^^^^^^^^^^^^^^^^^^^^^^^^^^^^^^^^^^^^^^^^^^^^^^^^^^^^^^^^^^^^^^^^^^^^^^^^^^^^^^^^^^^^^^^^^^^^^^^^^^^^^^^^^^^^^^^^^^^^^^^^^^^^^^^^^^^^^^^^^^^^^^^^^^^^^^^^^^^^^^^^^^^^^^^^^^^^
TypeError: extract_user_gql() got an unexpected keyword argument 'update_headers'
2025-09-30 15:40:06,348 - INFO - https://i.instagram.com/api/v1/users/b1ngyaow/usernameinfo/
2025-09-30 15:40:06,880 - INFO - fretin98 [200] GET https://i.instagram.com/api/v1/users/b1ngyaow/usernameinfo/ (269.0.0.18.75, OnePlus 6T Dev)
2025-09-30 15:40:06,884 - INFO - Account stats: 203 followers, 385 following
2025-09-30 15:40:06,884 - INFO - Fetching following list for b1ngyaow...
2025-09-30 15:40:07,889 - INFO - https://i.instagram.com/api/v1/friendships/4100462774/following/
2025-09-30 15:40:09,161 - INFO - fretin98 [200] GET https://i.instagram.com/api/v1/friendships/4100462774/following/?max_id=&count=200&rank_token=1073026362_0b00530c-3698-44f8-ad60-934060090868&search_surface=follow_list_page&query=&enable_groups=true (269.0.0.18.75, OnePlus 6T Dev)
2025-09-30 15:40:10,172 - INFO - https://i.instagram.com/api/v1/friendships/4100462774/following/
2025-09-30 15:40:11,560 - INFO - fretin98 [200] GET https://i.instagram.com/api/v1/friendships/4100462774/following/?max_id=QVFBZkRsdFNvb2taNkt1UXNGSW81S1l5eFdnQ3FmSWd2aFphMjJ5QlBrcFY4VzlXdEdLUk5yUWlWM3otN21DWnpMSkROMk80MFVvREJQZzJ1Tjh4N0Npcg%3D%3D&count=200&rank_token=1073026362_0b00530c-3698-44f8-ad60-934060090868&search_surface=follow_list_page&query=&enable_groups=true (269.0.0.18.75, OnePlus 6T Dev)
2025-09-30 15:40:11,567 - INFO - ✅ Successfully retrieved 385 following accounts
2025-09-30 15:40:11,586 - INFO - Saved data to instagram_data/scraping_progress.json
2025-09-30 15:40:11,586 - INFO - Waiting 10 seconds before next account...
2025-09-30 15:40:21,591 - INFO - 
[2/25] Processing backstagecast
2025-09-30 15:40:21,592 - INFO - 
============================================================
2025-09-30 15:40:21,593 - INFO - Processing account: backstagecast
2025-09-30 15:40:21,593 - INFO - ============================================================
2025-09-30 15:40:21,593 - INFO - Fetching user info for backstagecast...
2025-09-30 15:40:23,890 - INFO - [None] [200] GET https://www.instagram.com/api/v1/users/web_profile_info/?username=backstagecast
2025-09-30 15:40:23,895 - ERROR - extract_user_gql() got an unexpected keyword argument 'update_headers'
Traceback (most recent call last):
  File "/opt/miniconda3/lib/python3.11/site-packages/instagrapi/mixins/user.py", line 203, in user_info_by_username
    user = self.user_info_by_username_gql(username)
           ^^^^^^^^^^^^^^^^^^^^^^^^^^^^^^^^^^^^^^^^
  File "/opt/miniconda3/lib/python3.11/site-packages/instagrapi/mixins/user.py", line 155, in user_info_by_username_gql
    data = extract_user_gql(json.loads(self.public_request(f'https://www.instagram.com/api/v1/users/web_profile_info/?username={username}', headers=temporary_public_headers))['data']['user'], update_headers=update_headers)
           ^^^^^^^^^^^^^^^^^^^^^^^^^^^^^^^^^^^^^^^^^^^^^^^^^^^^^^^^^^^^^^^^^^^^^^^^^^^^^^^^^^^^^^^^^^^^^^^^^^^^^^^^^^^^^^^^^^^^^^^^^^^^^^^^^^^^^^^^^^^^^^^^^^^^^^^^^^^^^^^^^^^^^^^^^^^^^^^^^^^^^^^^^^^^^^^^^^^^^^^^^^^^^^^^^^^
TypeError: extract_user_gql() got an unexpected keyword argument 'update_headers'
2025-09-30 15:40:24,899 - INFO - https://i.instagram.com/api/v1/users/backstagecast/usernameinfo/
2025-09-30 15:40:25,362 - INFO - fretin98 [200] GET https://i.instagram.com/api/v1/users/backstagecast/usernameinfo/ (269.0.0.18.75, OnePlus 6T Dev)
2025-09-30 15:40:25,363 - INFO - Account stats: 663,405 followers, 499 following
2025-09-30 15:40:25,363 - INFO - Fetching following list for backstagecast...
2025-09-30 15:40:26,365 - INFO - https://i.instagram.com/api/v1/friendships/24884550/following/
2025-09-30 15:40:28,415 - INFO - fretin98 [200] GET https://i.instagram.com/api/v1/friendships/24884550/following/?max_id=&count=200&rank_token=1073026362_0b00530c-3698-44f8-ad60-934060090868&search_surface=follow_list_page&query=&enable_groups=true (269.0.0.18.75, OnePlus 6T Dev)
2025-09-30 15:40:29,429 - INFO - https://i.instagram.com/api/v1/friendships/24884550/following/
2025-09-30 15:40:30,968 - INFO - fretin98 [200] GET https://i.instagram.com/api/v1/friendships/24884550/following/?max_id=QVFCZ0FZQTh4TnRzZVRWdEdpZ1prRTlLMEhNLWFFb0publMyZFZlOHlfS2ZjMFJHbzJadmhGZHRKbHZYdkpXUFl1WXJ2VGZRVHdOYUV3dUN1V2tEXzZmWQ%3D%3D&count=200&rank_token=1073026362_0b00530c-3698-44f8-ad60-934060090868&search_surface=follow_list_page&query=&enable_groups=true (269.0.0.18.75, OnePlus 6T Dev)
2025-09-30 15:40:31,981 - INFO - https://i.instagram.com/api/v1/friendships/24884550/following/
2025-09-30 15:40:33,227 - INFO - fretin98 [200] GET https://i.instagram.com/api/v1/friendships/24884550/following/?max_id=QVFCX3pVQ2Nwa1Z2dl92eXZTQWplNVRDeWFQOTRlaDJ0cndZb2pWamU5dGF4QjA1bVEyUnE0RkFyUnh0cmpvcDBMY3J0dEZieUdOYUNoZ01rTjlBNnNHZg%3D%3D&count=200&rank_token=1073026362_0b00530c-3698-44f8-ad60-934060090868&search_surface=follow_list_page&query=&enable_groups=true (269.0.0.18.75, OnePlus 6T Dev)
2025-09-30 15:40:33,231 - INFO - ✅ Successfully retrieved 499 following accounts
2025-09-30 15:40:33,249 - INFO - Saved data to instagram_data/scraping_progress.json
2025-09-30 15:40:33,249 - INFO - Waiting 10 seconds before next account...
2025-09-30 15:40:43,254 - INFO - 
[3/25] Processing baekkuu_
2025-09-30 15:40:43,255 - INFO - 
============================================================
2025-09-30 15:40:43,255 - INFO - Processing account: baekkuu_
2025-09-30 15:40:43,255 - INFO - ============================================================
2025-09-30 15:40:43,255 - INFO - Fetching user info for baekkuu_...
2025-09-30 15:40:44,936 - INFO - [None] [200] GET https://www.instagram.com/api/v1/users/web_profile_info/?username=baekkuu_
2025-09-30 15:40:44,939 - ERROR - extract_user_gql() got an unexpected keyword argument 'update_headers'
Traceback (most recent call last):
  File "/opt/miniconda3/lib/python3.11/site-packages/instagrapi/mixins/user.py", line 203, in user_info_by_username
    user = self.user_info_by_username_gql(username)
           ^^^^^^^^^^^^^^^^^^^^^^^^^^^^^^^^^^^^^^^^
  File "/opt/miniconda3/lib/python3.11/site-packages/instagrapi/mixins/user.py", line 155, in user_info_by_username_gql
    data = extract_user_gql(json.loads(self.public_request(f'https://www.instagram.com/api/v1/users/web_profile_info/?username={username}', headers=temporary_public_headers))['data']['user'], update_headers=update_headers)
           ^^^^^^^^^^^^^^^^^^^^^^^^^^^^^^^^^^^^^^^^^^^^^^^^^^^^^^^^^^^^^^^^^^^^^^^^^^^^^^^^^^^^^^^^^^^^^^^^^^^^^^^^^^^^^^^^^^^^^^^^^^^^^^^^^^^^^^^^^^^^^^^^^^^^^^^^^^^^^^^^^^^^^^^^^^^^^^^^^^^^^^^^^^^^^^^^^^^^^^^^^^^^^^^^^^^
TypeError: extract_user_gql() got an unexpected keyword argument 'update_headers'
2025-09-30 15:40:45,945 - INFO - https://i.instagram.com/api/v1/users/baekkuu_/usernameinfo/
2025-09-30 15:40:46,394 - INFO - fretin98 [200] GET https://i.instagram.com/api/v1/users/baekkuu_/usernameinfo/ (269.0.0.18.75, OnePlus 6T Dev)
2025-09-30 15:40:46,395 - INFO - Account stats: 431 followers, 271 following
2025-09-30 15:40:46,395 - INFO - Fetching following list for baekkuu_...
2025-09-30 15:40:47,399 - INFO - https://i.instagram.com/api/v1/friendships/640868189/following/
2025-09-30 15:40:48,603 - INFO - fretin98 [200] GET https://i.instagram.com/api/v1/friendships/640868189/following/?max_id=&count=200&rank_token=1073026362_0b00530c-3698-44f8-ad60-934060090868&search_surface=follow_list_page&query=&enable_groups=true (269.0.0.18.75, OnePlus 6T Dev)
2025-09-30 15:40:49,611 - INFO - https://i.instagram.com/api/v1/friendships/640868189/following/
2025-09-30 15:40:50,467 - INFO - fretin98 [200] GET https://i.instagram.com/api/v1/friendships/640868189/following/?max_id=QVFDUnVRZmFXWkRWTzBTRS1LbmJhZlNkZ01mNVRwbEdqWmZ2ODdlb2puUEVXMXpZbW1vVkIzSnl4Z2hOOThHT0Y1ckhVWlVGQm9QQnNmLXoxNGlCN3pCRA%3D%3D&count=200&rank_token=1073026362_0b00530c-3698-44f8-ad60-934060090868&search_surface=follow_list_page&query=&enable_groups=true (269.0.0.18.75, OnePlus 6T Dev)
2025-09-30 15:40:50,470 - INFO - ✅ Successfully retrieved 271 following accounts
2025-09-30 15:40:50,487 - INFO - Saved data to instagram_data/scraping_progress.json
2025-09-30 15:40:50,487 - INFO - Waiting 10 seconds before next account...
2025-09-30 15:41:00,493 - INFO - 
[4/25] Processing bagdelete
2025-09-30 15:41:00,493 - INFO - 
============================================================
2025-09-30 15:41:00,493 - INFO - Processing account: bagdelete
2025-09-30 15:41:00,493 - INFO - ============================================================
2025-09-30 15:41:00,493 - INFO - Fetching user info for bagdelete...
2025-09-30 15:41:02,155 - INFO - [None] [200] GET https://www.instagram.com/api/v1/users/web_profile_info/?username=bagdelete
2025-09-30 15:41:02,158 - ERROR - extract_user_gql() got an unexpected keyword argument 'update_headers'
Traceback (most recent call last):
  File "/opt/miniconda3/lib/python3.11/site-packages/instagrapi/mixins/user.py", line 203, in user_info_by_username
    user = self.user_info_by_username_gql(username)
           ^^^^^^^^^^^^^^^^^^^^^^^^^^^^^^^^^^^^^^^^
  File "/opt/miniconda3/lib/python3.11/site-packages/instagrapi/mixins/user.py", line 155, in user_info_by_username_gql
    data = extract_user_gql(json.loads(self.public_request(f'https://www.instagram.com/api/v1/users/web_profile_info/?username={username}', headers=temporary_public_headers))['data']['user'], update_headers=update_headers)
           ^^^^^^^^^^^^^^^^^^^^^^^^^^^^^^^^^^^^^^^^^^^^^^^^^^^^^^^^^^^^^^^^^^^^^^^^^^^^^^^^^^^^^^^^^^^^^^^^^^^^^^^^^^^^^^^^^^^^^^^^^^^^^^^^^^^^^^^^^^^^^^^^^^^^^^^^^^^^^^^^^^^^^^^^^^^^^^^^^^^^^^^^^^^^^^^^^^^^^^^^^^^^^^^^^^^
TypeError: extract_user_gql() got an unexpected keyword argument 'update_headers'
2025-09-30 15:41:03,164 - INFO - https://i.instagram.com/api/v1/users/bagdelete/usernameinfo/
2025-09-30 15:41:03,659 - INFO - fretin98 [200] GET https://i.instagram.com/api/v1/users/bagdelete/usernameinfo/ (269.0.0.18.75, OnePlus 6T Dev)
2025-09-30 15:41:03,660 - INFO - Account stats: 80,448 followers, 427 following
2025-09-30 15:41:03,660 - INFO - Fetching following list for bagdelete...
2025-09-30 15:41:04,661 - INFO - https://i.instagram.com/api/v1/friendships/56667360663/following/
2025-09-30 15:41:05,820 - INFO - fretin98 [200] GET https://i.instagram.com/api/v1/friendships/56667360663/following/?max_id=&count=200&rank_token=1073026362_0b00530c-3698-44f8-ad60-934060090868&search_surface=follow_list_page&query=&enable_groups=true (269.0.0.18.75, OnePlus 6T Dev)
2025-09-30 15:41:06,832 - INFO - https://i.instagram.com/api/v1/friendships/56667360663/following/
2025-09-30 15:41:08,686 - INFO - fretin98 [200] GET https://i.instagram.com/api/v1/friendships/56667360663/following/?max_id=QVFEd0pyUEFha3V5QlkydHd0UGFQSnkwSU1VT0pWbUlkMEw2MGdrUXBlRFdxb0dFTzlvNE1GRTF5RVhwYjZOX1dVR0RCbUpEYlNDR0pTTm5HakxBYU1tUw%3D%3D&count=200&rank_token=1073026362_0b00530c-3698-44f8-ad60-934060090868&search_surface=follow_list_page&query=&enable_groups=true (269.0.0.18.75, OnePlus 6T Dev)
2025-09-30 15:41:09,694 - INFO - https://i.instagram.com/api/v1/friendships/56667360663/following/
2025-09-30 15:41:10,314 - INFO - fretin98 [200] GET https://i.instagram.com/api/v1/friendships/56667360663/following/?max_id=QVFBeFI2ZjVjeFRQT0tGVV9Gc0RFVkx4MHRlZlZtTThXWk1rQWJCaXVPd2k2UDhKWXR2YnhVNnYtNTd0UTNBYU00OE1pYjZWLWFuSFh1YkdTak45ZkVGbg%3D%3D&count=200&rank_token=1073026362_0b00530c-3698-44f8-ad60-934060090868&search_surface=follow_list_page&query=&enable_groups=true (269.0.0.18.75, OnePlus 6T Dev)
2025-09-30 15:41:10,315 - INFO - ✅ Successfully retrieved 427 following accounts
2025-09-30 15:41:10,333 - INFO - Saved data to instagram_data/scraping_progress.json
2025-09-30 15:41:10,333 - INFO - Waiting 10 seconds before next account...
2025-09-30 15:41:20,338 - INFO - 
[5/25] Processing bangzhuo_song
2025-09-30 15:41:20,339 - INFO - 
============================================================
2025-09-30 15:41:20,339 - INFO - Processing account: bangzhuo_song
2025-09-30 15:41:20,339 - INFO - ============================================================
2025-09-30 15:41:20,339 - INFO - Fetching user info for bangzhuo_song...
2025-09-30 15:41:21,629 - INFO - [None] [200] GET https://www.instagram.com/api/v1/users/web_profile_info/?username=bangzhuo_song
2025-09-30 15:41:21,629 - ERROR - extract_user_gql() got an unexpected keyword argument 'update_headers'
Traceback (most recent call last):
  File "/opt/miniconda3/lib/python3.11/site-packages/instagrapi/mixins/user.py", line 203, in user_info_by_username
    user = self.user_info_by_username_gql(username)
           ^^^^^^^^^^^^^^^^^^^^^^^^^^^^^^^^^^^^^^^^
  File "/opt/miniconda3/lib/python3.11/site-packages/instagrapi/mixins/user.py", line 155, in user_info_by_username_gql
    data = extract_user_gql(json.loads(self.public_request(f'https://www.instagram.com/api/v1/users/web_profile_info/?username={username}', headers=temporary_public_headers))['data']['user'], update_headers=update_headers)
           ^^^^^^^^^^^^^^^^^^^^^^^^^^^^^^^^^^^^^^^^^^^^^^^^^^^^^^^^^^^^^^^^^^^^^^^^^^^^^^^^^^^^^^^^^^^^^^^^^^^^^^^^^^^^^^^^^^^^^^^^^^^^^^^^^^^^^^^^^^^^^^^^^^^^^^^^^^^^^^^^^^^^^^^^^^^^^^^^^^^^^^^^^^^^^^^^^^^^^^^^^^^^^^^^^^^
TypeError: extract_user_gql() got an unexpected keyword argument 'update_headers'
2025-09-30 15:41:22,632 - INFO - https://i.instagram.com/api/v1/users/bangzhuo_song/usernameinfo/
2025-09-30 15:41:23,197 - INFO - fretin98 [200] GET https://i.instagram.com/api/v1/users/bangzhuo_song/usernameinfo/ (269.0.0.18.75, OnePlus 6T Dev)
2025-09-30 15:41:23,198 - INFO - Account stats: 346 followers, 465 following
2025-09-30 15:41:23,198 - INFO - Fetching following list for bangzhuo_song...
2025-09-30 15:41:24,204 - INFO - https://i.instagram.com/api/v1/friendships/5577060065/following/
2025-09-30 15:41:25,627 - INFO - fretin98 [200] GET https://i.instagram.com/api/v1/friendships/5577060065/following/?max_id=&count=200&rank_token=1073026362_0b00530c-3698-44f8-ad60-934060090868&search_surface=follow_list_page&query=&enable_groups=true (269.0.0.18.75, OnePlus 6T Dev)
2025-09-30 15:41:26,638 - INFO - https://i.instagram.com/api/v1/friendships/5577060065/following/
2025-09-30 15:41:28,607 - INFO - fretin98 [200] GET https://i.instagram.com/api/v1/friendships/5577060065/following/?max_id=QVFDanJjdVhRODJLSHZTTTJ4UE9OMHFBdGUxbTkydVcwNGVleDhDanhTS3BSdGhtQ2tTV3pYanE4bExQcTB3VXVXbWM2bGNlX3VxYmdibWIxQnE3MXBVMQ%3D%3D&count=200&rank_token=1073026362_0b00530c-3698-44f8-ad60-934060090868&search_surface=follow_list_page&query=&enable_groups=true (269.0.0.18.75, OnePlus 6T Dev)
2025-09-30 15:41:29,615 - INFO - https://i.instagram.com/api/v1/friendships/5577060065/following/
2025-09-30 15:41:30,158 - INFO - fretin98 [200] GET https://i.instagram.com/api/v1/friendships/5577060065/following/?max_id=QVFBTnI1bk9LbWlRcTZPZzBLVUlPeFZFLVVDV0RlcXE0c2ZqQkRoZEdRaFo2TU9fMlVBejBwVWhsZjRwMEFQRm5tUzVKeTRTUFNBVWxTd2ZzRjEzRHpOVg%3D%3D&count=200&rank_token=1073026362_0b00530c-3698-44f8-ad60-934060090868&search_surface=follow_list_page&query=&enable_groups=true (269.0.0.18.75, OnePlus 6T Dev)
2025-09-30 15:41:30,162 - INFO - ✅ Successfully retrieved 465 following accounts
2025-09-30 15:41:30,180 - INFO - Saved data to instagram_data/scraping_progress.json
2025-09-30 15:41:30,180 - INFO - Waiting 10 seconds before next account...
2025-09-30 15:41:40,186 - INFO - 
[6/25] Processing battlebots
2025-09-30 15:41:40,186 - INFO - 
============================================================
2025-09-30 15:41:40,186 - INFO - Processing account: battlebots
2025-09-30 15:41:40,186 - INFO - ============================================================
2025-09-30 15:41:40,186 - INFO - Fetching user info for battlebots...
2025-09-30 15:41:42,163 - INFO - [None] [200] GET https://www.instagram.com/api/v1/users/web_profile_info/?username=battlebots
2025-09-30 15:41:42,170 - ERROR - extract_user_gql() got an unexpected keyword argument 'update_headers'
Traceback (most recent call last):
  File "/opt/miniconda3/lib/python3.11/site-packages/instagrapi/mixins/user.py", line 203, in user_info_by_username
    user = self.user_info_by_username_gql(username)
           ^^^^^^^^^^^^^^^^^^^^^^^^^^^^^^^^^^^^^^^^
  File "/opt/miniconda3/lib/python3.11/site-packages/instagrapi/mixins/user.py", line 155, in user_info_by_username_gql
    data = extract_user_gql(json.loads(self.public_request(f'https://www.instagram.com/api/v1/users/web_profile_info/?username={username}', headers=temporary_public_headers))['data']['user'], update_headers=update_headers)
           ^^^^^^^^^^^^^^^^^^^^^^^^^^^^^^^^^^^^^^^^^^^^^^^^^^^^^^^^^^^^^^^^^^^^^^^^^^^^^^^^^^^^^^^^^^^^^^^^^^^^^^^^^^^^^^^^^^^^^^^^^^^^^^^^^^^^^^^^^^^^^^^^^^^^^^^^^^^^^^^^^^^^^^^^^^^^^^^^^^^^^^^^^^^^^^^^^^^^^^^^^^^^^^^^^^^
TypeError: extract_user_gql() got an unexpected keyword argument 'update_headers'
2025-09-30 15:41:43,175 - INFO - https://i.instagram.com/api/v1/users/battlebots/usernameinfo/
2025-09-30 15:41:43,687 - INFO - fretin98 [200] GET https://i.instagram.com/api/v1/users/battlebots/usernameinfo/ (269.0.0.18.75, OnePlus 6T Dev)
2025-09-30 15:41:43,689 - INFO - Account stats: 3,869,288 followers, 683 following
2025-09-30 15:41:43,689 - INFO - Fetching following list for battlebots...
2025-09-30 15:41:44,695 - INFO - https://i.instagram.com/api/v1/friendships/1593592/following/
2025-09-30 15:41:46,075 - INFO - fretin98 [200] GET https://i.instagram.com/api/v1/friendships/1593592/following/?max_id=&count=200&rank_token=1073026362_0b00530c-3698-44f8-ad60-934060090868&search_surface=follow_list_page&query=&enable_groups=true (269.0.0.18.75, OnePlus 6T Dev)
2025-09-30 15:41:47,085 - INFO - https://i.instagram.com/api/v1/friendships/1593592/following/
2025-09-30 15:41:48,579 - INFO - fretin98 [200] GET https://i.instagram.com/api/v1/friendships/1593592/following/?max_id=QVFCUk1zVEl6U3BKQVF1cm1aTHRnT2c4UmxIZGpKWDdEdFB2V2NtN0tKS3AzTXN1VEZEZGJVZHY4Y3IwWUVGaV9aX2hMdnl5akJKNHUwTW9HSElzYjM1Uw%3D%3D&count=200&rank_token=1073026362_0b00530c-3698-44f8-ad60-934060090868&search_surface=follow_list_page&query=&enable_groups=true (269.0.0.18.75, OnePlus 6T Dev)
2025-09-30 15:41:49,591 - INFO - https://i.instagram.com/api/v1/friendships/1593592/following/
2025-09-30 15:41:50,899 - INFO - fretin98 [200] GET https://i.instagram.com/api/v1/friendships/1593592/following/?max_id=QVFERm5ZWHg3Tlo1RjZESnE0U3B2UWJSN1p6MXBKZURBaUJVQmVISEtxZldyV3lSWXFqeXJHbkI5Q1hGVjRodWZkVUFLeWhDMmd2Yl9BSU91aUFqaGN6bA%3D%3D&count=200&rank_token=1073026362_0b00530c-3698-44f8-ad60-934060090868&search_surface=follow_list_page&query=&enable_groups=true (269.0.0.18.75, OnePlus 6T Dev)
2025-09-30 15:41:51,906 - INFO - https://i.instagram.com/api/v1/friendships/1593592/following/
2025-09-30 15:41:52,136 - INFO - fretin98 [401] GET https://i.instagram.com/api/v1/friendships/1593592/following/?max_id=QVFDb1RXLWp2VjhaVHZ4NVU5Z2ZrN1FlN3RLcDVDSlM1anRRSFJVUmNuMExDb0Jfd203T1k4NVpxWF9nOHhJUWtGbm1TUXQwdUtRUjc1X3BtcEZlaGR5aQ%3D%3D&count=200&rank_token=1073026362_0b00530c-3698-44f8-ad60-934060090868&search_surface=follow_list_page&query=&enable_groups=true (269.0.0.18.75, OnePlus 6T Dev)
2025-09-30 15:41:52,137 - WARNING - Rate limit hit for battlebots: Please wait a few minutes before you try again.
2025-09-30 15:41:52,157 - INFO - Saved data to instagram_data/scraping_progress.json
2025-09-30 15:41:52,157 - INFO - Waiting 10 seconds before next account...
2025-09-30 15:42:02,161 - INFO - 
[7/25] Processing beatrice.d
2025-09-30 15:42:02,161 - INFO - 
============================================================
2025-09-30 15:42:02,162 - INFO - Processing account: beatrice.d
2025-09-30 15:42:02,162 - INFO - ============================================================
2025-09-30 15:42:02,162 - INFO - Fetching user info for beatrice.d...
2025-09-30 15:42:03,453 - INFO - [None] [200] GET https://www.instagram.com/api/v1/users/web_profile_info/?username=beatrice.d
2025-09-30 15:42:03,453 - ERROR - extract_user_gql() got an unexpected keyword argument 'update_headers'
Traceback (most recent call last):
  File "/opt/miniconda3/lib/python3.11/site-packages/instagrapi/mixins/user.py", line 203, in user_info_by_username
    user = self.user_info_by_username_gql(username)
           ^^^^^^^^^^^^^^^^^^^^^^^^^^^^^^^^^^^^^^^^
  File "/opt/miniconda3/lib/python3.11/site-packages/instagrapi/mixins/user.py", line 155, in user_info_by_username_gql
    data = extract_user_gql(json.loads(self.public_request(f'https://www.instagram.com/api/v1/users/web_profile_info/?username={username}', headers=temporary_public_headers))['data']['user'], update_headers=update_headers)
           ^^^^^^^^^^^^^^^^^^^^^^^^^^^^^^^^^^^^^^^^^^^^^^^^^^^^^^^^^^^^^^^^^^^^^^^^^^^^^^^^^^^^^^^^^^^^^^^^^^^^^^^^^^^^^^^^^^^^^^^^^^^^^^^^^^^^^^^^^^^^^^^^^^^^^^^^^^^^^^^^^^^^^^^^^^^^^^^^^^^^^^^^^^^^^^^^^^^^^^^^^^^^^^^^^^^
TypeError: extract_user_gql() got an unexpected keyword argument 'update_headers'
2025-09-30 15:42:04,459 - INFO - https://i.instagram.com/api/v1/users/beatrice.d/usernameinfo/
2025-09-30 15:42:04,668 - INFO - fretin98 [403] GET https://i.instagram.com/api/v1/users/beatrice.d/usernameinfo/ (269.0.0.18.75, OnePlus 6T Dev)
2025-09-30 15:42:04,669 - ERROR - Unexpected error processing beatrice.d: login_required
2025-09-30 15:42:04,675 - INFO - Waiting 10 seconds before next account...
2025-09-30 15:42:14,679 - INFO - 
[8/25] Processing beautypapersmag
2025-09-30 15:42:14,679 - INFO - 
============================================================
2025-09-30 15:42:14,680 - INFO - Processing account: beautypapersmag
2025-09-30 15:42:14,680 - INFO - ============================================================
2025-09-30 15:42:14,680 - INFO - Fetching user info for beautypapersmag...
2025-09-30 15:42:17,010 - INFO - [None] [200] GET https://www.instagram.com/api/v1/users/web_profile_info/?username=beautypapersmag
2025-09-30 15:42:17,016 - ERROR - extract_user_gql() got an unexpected keyword argument 'update_headers'
Traceback (most recent call last):
  File "/opt/miniconda3/lib/python3.11/site-packages/instagrapi/mixins/user.py", line 203, in user_info_by_username
    user = self.user_info_by_username_gql(username)
           ^^^^^^^^^^^^^^^^^^^^^^^^^^^^^^^^^^^^^^^^
  File "/opt/miniconda3/lib/python3.11/site-packages/instagrapi/mixins/user.py", line 155, in user_info_by_username_gql
    data = extract_user_gql(json.loads(self.public_request(f'https://www.instagram.com/api/v1/users/web_profile_info/?username={username}', headers=temporary_public_headers))['data']['user'], update_headers=update_headers)
           ^^^^^^^^^^^^^^^^^^^^^^^^^^^^^^^^^^^^^^^^^^^^^^^^^^^^^^^^^^^^^^^^^^^^^^^^^^^^^^^^^^^^^^^^^^^^^^^^^^^^^^^^^^^^^^^^^^^^^^^^^^^^^^^^^^^^^^^^^^^^^^^^^^^^^^^^^^^^^^^^^^^^^^^^^^^^^^^^^^^^^^^^^^^^^^^^^^^^^^^^^^^^^^^^^^^
TypeError: extract_user_gql() got an unexpected keyword argument 'update_headers'
2025-09-30 15:42:18,021 - INFO - https://i.instagram.com/api/v1/users/beautypapersmag/usernameinfo/
2025-09-30 15:42:18,165 - INFO - fretin98 [403] GET https://i.instagram.com/api/v1/users/beautypapersmag/usernameinfo/ (269.0.0.18.75, OnePlus 6T Dev)
2025-09-30 15:42:18,166 - ERROR - Unexpected error processing beautypapersmag: login_required
2025-09-30 15:42:18,168 - INFO - Waiting 10 seconds before next account...
2025-09-30 15:42:28,172 - INFO - 
[9/25] Processing bella_wu0528
2025-09-30 15:42:28,172 - INFO - 
============================================================
2025-09-30 15:42:28,172 - INFO - Processing account: bella_wu0528
2025-09-30 15:42:28,173 - INFO - ============================================================
2025-09-30 15:42:28,173 - INFO - Fetching user info for bella_wu0528...
2025-09-30 15:42:29,393 - INFO - [None] [200] GET https://www.instagram.com/api/v1/users/web_profile_info/?username=bella_wu0528
2025-09-30 15:42:29,394 - ERROR - extract_user_gql() got an unexpected keyword argument 'update_headers'
Traceback (most recent call last):
  File "/opt/miniconda3/lib/python3.11/site-packages/instagrapi/mixins/user.py", line 203, in user_info_by_username
    user = self.user_info_by_username_gql(username)
           ^^^^^^^^^^^^^^^^^^^^^^^^^^^^^^^^^^^^^^^^
  File "/opt/miniconda3/lib/python3.11/site-packages/instagrapi/mixins/user.py", line 155, in user_info_by_username_gql
    data = extract_user_gql(json.loads(self.public_request(f'https://www.instagram.com/api/v1/users/web_profile_info/?username={username}', headers=temporary_public_headers))['data']['user'], update_headers=update_headers)
           ^^^^^^^^^^^^^^^^^^^^^^^^^^^^^^^^^^^^^^^^^^^^^^^^^^^^^^^^^^^^^^^^^^^^^^^^^^^^^^^^^^^^^^^^^^^^^^^^^^^^^^^^^^^^^^^^^^^^^^^^^^^^^^^^^^^^^^^^^^^^^^^^^^^^^^^^^^^^^^^^^^^^^^^^^^^^^^^^^^^^^^^^^^^^^^^^^^^^^^^^^^^^^^^^^^^
TypeError: extract_user_gql() got an unexpected keyword argument 'update_headers'
2025-09-30 15:42:30,400 - INFO - https://i.instagram.com/api/v1/users/bella_wu0528/usernameinfo/
2025-09-30 15:42:30,625 - INFO - fretin98 [403] GET https://i.instagram.com/api/v1/users/bella_wu0528/usernameinfo/ (269.0.0.18.75, OnePlus 6T Dev)
2025-09-30 15:42:30,626 - ERROR - Unexpected error processing bella_wu0528: login_required
2025-09-30 15:42:30,627 - INFO - Waiting 10 seconds before next account...
2025-09-30 15:42:40,629 - INFO - 
[10/25] Processing bellolllu
2025-09-30 15:42:40,629 - INFO - 
============================================================
2025-09-30 15:42:40,629 - INFO - Processing account: bellolllu
2025-09-30 15:42:40,629 - INFO - ============================================================
2025-09-30 15:42:40,629 - INFO - Fetching user info for bellolllu...
2025-09-30 15:42:42,465 - INFO - [None] [200] GET https://www.instagram.com/api/v1/users/web_profile_info/?username=bellolllu
2025-09-30 15:42:42,468 - ERROR - extract_user_gql() got an unexpected keyword argument 'update_headers'
Traceback (most recent call last):
  File "/opt/miniconda3/lib/python3.11/site-packages/instagrapi/mixins/user.py", line 203, in user_info_by_username
    user = self.user_info_by_username_gql(username)
           ^^^^^^^^^^^^^^^^^^^^^^^^^^^^^^^^^^^^^^^^
  File "/opt/miniconda3/lib/python3.11/site-packages/instagrapi/mixins/user.py", line 155, in user_info_by_username_gql
    data = extract_user_gql(json.loads(self.public_request(f'https://www.instagram.com/api/v1/users/web_profile_info/?username={username}', headers=temporary_public_headers))['data']['user'], update_headers=update_headers)
           ^^^^^^^^^^^^^^^^^^^^^^^^^^^^^^^^^^^^^^^^^^^^^^^^^^^^^^^^^^^^^^^^^^^^^^^^^^^^^^^^^^^^^^^^^^^^^^^^^^^^^^^^^^^^^^^^^^^^^^^^^^^^^^^^^^^^^^^^^^^^^^^^^^^^^^^^^^^^^^^^^^^^^^^^^^^^^^^^^^^^^^^^^^^^^^^^^^^^^^^^^^^^^^^^^^^
TypeError: extract_user_gql() got an unexpected keyword argument 'update_headers'
2025-09-30 15:42:43,474 - INFO - https://i.instagram.com/api/v1/users/bellolllu/usernameinfo/
2025-09-30 15:42:43,620 - INFO - fretin98 [403] GET https://i.instagram.com/api/v1/users/bellolllu/usernameinfo/ (269.0.0.18.75, OnePlus 6T Dev)
2025-09-30 15:42:43,621 - ERROR - Unexpected error processing bellolllu: login_required
2025-09-30 15:42:43,622 - INFO - Waiting 10 seconds before next account...
2025-09-30 15:42:53,627 - INFO - 
[11/25] Processing benjamin.click
2025-09-30 15:42:53,628 - INFO - 
============================================================
2025-09-30 15:42:53,628 - INFO - Processing account: benjamin.click
2025-09-30 15:42:53,628 - INFO - ============================================================
2025-09-30 15:42:53,628 - INFO - Fetching user info for benjamin.click...
2025-09-30 15:42:55,029 - INFO - [None] [200] GET https://www.instagram.com/api/v1/users/web_profile_info/?username=benjamin.click
2025-09-30 15:42:55,030 - ERROR - extract_user_gql() got an unexpected keyword argument 'update_headers'
Traceback (most recent call last):
  File "/opt/miniconda3/lib/python3.11/site-packages/instagrapi/mixins/user.py", line 203, in user_info_by_username
    user = self.user_info_by_username_gql(username)
           ^^^^^^^^^^^^^^^^^^^^^^^^^^^^^^^^^^^^^^^^
  File "/opt/miniconda3/lib/python3.11/site-packages/instagrapi/mixins/user.py", line 155, in user_info_by_username_gql
    data = extract_user_gql(json.loads(self.public_request(f'https://www.instagram.com/api/v1/users/web_profile_info/?username={username}', headers=temporary_public_headers))['data']['user'], update_headers=update_headers)
           ^^^^^^^^^^^^^^^^^^^^^^^^^^^^^^^^^^^^^^^^^^^^^^^^^^^^^^^^^^^^^^^^^^^^^^^^^^^^^^^^^^^^^^^^^^^^^^^^^^^^^^^^^^^^^^^^^^^^^^^^^^^^^^^^^^^^^^^^^^^^^^^^^^^^^^^^^^^^^^^^^^^^^^^^^^^^^^^^^^^^^^^^^^^^^^^^^^^^^^^^^^^^^^^^^^^
TypeError: extract_user_gql() got an unexpected keyword argument 'update_headers'
2025-09-30 15:42:56,031 - INFO - https://i.instagram.com/api/v1/users/benjamin.click/usernameinfo/
2025-09-30 15:42:56,179 - INFO - fretin98 [403] GET https://i.instagram.com/api/v1/users/benjamin.click/usernameinfo/ (269.0.0.18.75, OnePlus 6T Dev)
2025-09-30 15:42:56,180 - ERROR - Unexpected error processing benjamin.click: login_required
2025-09-30 15:42:56,182 - INFO - Waiting 10 seconds before next account...
2025-09-30 15:43:06,185 - INFO - 
[12/25] Processing benoit_p_officiel
2025-09-30 15:43:06,187 - INFO - 
============================================================
2025-09-30 15:43:06,187 - INFO - Processing account: benoit_p_officiel
2025-09-30 15:43:06,187 - INFO - ============================================================
2025-09-30 15:43:06,187 - INFO - Fetching user info for benoit_p_officiel...
2025-09-30 15:43:08,670 - INFO - [None] [200] GET https://www.instagram.com/api/v1/users/web_profile_info/?username=benoit_p_officiel
2025-09-30 15:43:08,671 - ERROR - extract_user_gql() got an unexpected keyword argument 'update_headers'
Traceback (most recent call last):
  File "/opt/miniconda3/lib/python3.11/site-packages/instagrapi/mixins/user.py", line 203, in user_info_by_username
    user = self.user_info_by_username_gql(username)
           ^^^^^^^^^^^^^^^^^^^^^^^^^^^^^^^^^^^^^^^^
  File "/opt/miniconda3/lib/python3.11/site-packages/instagrapi/mixins/user.py", line 155, in user_info_by_username_gql
    data = extract_user_gql(json.loads(self.public_request(f'https://www.instagram.com/api/v1/users/web_profile_info/?username={username}', headers=temporary_public_headers))['data']['user'], update_headers=update_headers)
           ^^^^^^^^^^^^^^^^^^^^^^^^^^^^^^^^^^^^^^^^^^^^^^^^^^^^^^^^^^^^^^^^^^^^^^^^^^^^^^^^^^^^^^^^^^^^^^^^^^^^^^^^^^^^^^^^^^^^^^^^^^^^^^^^^^^^^^^^^^^^^^^^^^^^^^^^^^^^^^^^^^^^^^^^^^^^^^^^^^^^^^^^^^^^^^^^^^^^^^^^^^^^^^^^^^^
TypeError: extract_user_gql() got an unexpected keyword argument 'update_headers'
2025-09-30 15:43:09,672 - INFO - https://i.instagram.com/api/v1/users/benoit_p_officiel/usernameinfo/
2025-09-30 15:43:09,818 - INFO - fretin98 [403] GET https://i.instagram.com/api/v1/users/benoit_p_officiel/usernameinfo/ (269.0.0.18.75, OnePlus 6T Dev)
2025-09-30 15:43:09,818 - ERROR - Unexpected error processing benoit_p_officiel: login_required
2025-09-30 15:43:09,820 - INFO - Waiting 10 seconds before next account...
2025-09-30 15:43:19,825 - INFO - 
[13/25] Processing benrich__
2025-09-30 15:43:19,826 - INFO - 
============================================================
2025-09-30 15:43:19,826 - INFO - Processing account: benrich__
2025-09-30 15:43:19,826 - INFO - ============================================================
2025-09-30 15:43:19,826 - INFO - Fetching user info for benrich__...
2025-09-30 15:43:22,019 - INFO - [None] [200] GET https://www.instagram.com/api/v1/users/web_profile_info/?username=benrich__
2025-09-30 15:43:22,023 - ERROR - extract_user_gql() got an unexpected keyword argument 'update_headers'
Traceback (most recent call last):
  File "/opt/miniconda3/lib/python3.11/site-packages/instagrapi/mixins/user.py", line 203, in user_info_by_username
    user = self.user_info_by_username_gql(username)
           ^^^^^^^^^^^^^^^^^^^^^^^^^^^^^^^^^^^^^^^^
  File "/opt/miniconda3/lib/python3.11/site-packages/instagrapi/mixins/user.py", line 155, in user_info_by_username_gql
    data = extract_user_gql(json.loads(self.public_request(f'https://www.instagram.com/api/v1/users/web_profile_info/?username={username}', headers=temporary_public_headers))['data']['user'], update_headers=update_headers)
           ^^^^^^^^^^^^^^^^^^^^^^^^^^^^^^^^^^^^^^^^^^^^^^^^^^^^^^^^^^^^^^^^^^^^^^^^^^^^^^^^^^^^^^^^^^^^^^^^^^^^^^^^^^^^^^^^^^^^^^^^^^^^^^^^^^^^^^^^^^^^^^^^^^^^^^^^^^^^^^^^^^^^^^^^^^^^^^^^^^^^^^^^^^^^^^^^^^^^^^^^^^^^^^^^^^^
TypeError: extract_user_gql() got an unexpected keyword argument 'update_headers'
2025-09-30 15:43:23,028 - INFO - https://i.instagram.com/api/v1/users/benrich__/usernameinfo/
2025-09-30 15:43:23,170 - INFO - fretin98 [403] GET https://i.instagram.com/api/v1/users/benrich__/usernameinfo/ (269.0.0.18.75, OnePlus 6T Dev)
2025-09-30 15:43:23,170 - ERROR - Unexpected error processing benrich__: login_required
2025-09-30 15:43:23,171 - INFO - Waiting 10 seconds before next account...
2025-09-30 15:43:33,176 - INFO - 
[14/25] Processing bernard.rudden
2025-09-30 15:43:33,176 - INFO - 
============================================================
2025-09-30 15:43:33,177 - INFO - Processing account: bernard.rudden
2025-09-30 15:43:33,177 - INFO - ============================================================
2025-09-30 15:43:33,177 - INFO - Fetching user info for bernard.rudden...
2025-09-30 15:43:35,065 - INFO - [None] [200] GET https://www.instagram.com/api/v1/users/web_profile_info/?username=bernard.rudden
2025-09-30 15:43:35,067 - ERROR - extract_user_gql() got an unexpected keyword argument 'update_headers'
Traceback (most recent call last):
  File "/opt/miniconda3/lib/python3.11/site-packages/instagrapi/mixins/user.py", line 203, in user_info_by_username
    user = self.user_info_by_username_gql(username)
           ^^^^^^^^^^^^^^^^^^^^^^^^^^^^^^^^^^^^^^^^
  File "/opt/miniconda3/lib/python3.11/site-packages/instagrapi/mixins/user.py", line 155, in user_info_by_username_gql
    data = extract_user_gql(json.loads(self.public_request(f'https://www.instagram.com/api/v1/users/web_profile_info/?username={username}', headers=temporary_public_headers))['data']['user'], update_headers=update_headers)
           ^^^^^^^^^^^^^^^^^^^^^^^^^^^^^^^^^^^^^^^^^^^^^^^^^^^^^^^^^^^^^^^^^^^^^^^^^^^^^^^^^^^^^^^^^^^^^^^^^^^^^^^^^^^^^^^^^^^^^^^^^^^^^^^^^^^^^^^^^^^^^^^^^^^^^^^^^^^^^^^^^^^^^^^^^^^^^^^^^^^^^^^^^^^^^^^^^^^^^^^^^^^^^^^^^^^
TypeError: extract_user_gql() got an unexpected keyword argument 'update_headers'
2025-09-30 15:43:36,073 - INFO - https://i.instagram.com/api/v1/users/bernard.rudden/usernameinfo/
2025-09-30 15:43:36,218 - INFO - fretin98 [403] GET https://i.instagram.com/api/v1/users/bernard.rudden/usernameinfo/ (269.0.0.18.75, OnePlus 6T Dev)
2025-09-30 15:43:36,219 - ERROR - Unexpected error processing bernard.rudden: login_required
2025-09-30 15:43:36,220 - INFO - Waiting 10 seconds before next account...
2025-09-30 15:43:46,225 - INFO - 
[15/25] Processing bernatdeclaravall
2025-09-30 15:43:46,225 - INFO - 
============================================================
2025-09-30 15:43:46,225 - INFO - Processing account: bernatdeclaravall
2025-09-30 15:43:46,225 - INFO - ============================================================
2025-09-30 15:43:46,225 - INFO - Fetching user info for bernatdeclaravall...
2025-09-30 15:43:48,814 - INFO - [None] [200] GET https://www.instagram.com/api/v1/users/web_profile_info/?username=bernatdeclaravall
2025-09-30 15:43:48,818 - ERROR - extract_user_gql() got an unexpected keyword argument 'update_headers'
Traceback (most recent call last):
  File "/opt/miniconda3/lib/python3.11/site-packages/instagrapi/mixins/user.py", line 203, in user_info_by_username
    user = self.user_info_by_username_gql(username)
           ^^^^^^^^^^^^^^^^^^^^^^^^^^^^^^^^^^^^^^^^
  File "/opt/miniconda3/lib/python3.11/site-packages/instagrapi/mixins/user.py", line 155, in user_info_by_username_gql
    data = extract_user_gql(json.loads(self.public_request(f'https://www.instagram.com/api/v1/users/web_profile_info/?username={username}', headers=temporary_public_headers))['data']['user'], update_headers=update_headers)
           ^^^^^^^^^^^^^^^^^^^^^^^^^^^^^^^^^^^^^^^^^^^^^^^^^^^^^^^^^^^^^^^^^^^^^^^^^^^^^^^^^^^^^^^^^^^^^^^^^^^^^^^^^^^^^^^^^^^^^^^^^^^^^^^^^^^^^^^^^^^^^^^^^^^^^^^^^^^^^^^^^^^^^^^^^^^^^^^^^^^^^^^^^^^^^^^^^^^^^^^^^^^^^^^^^^^
TypeError: extract_user_gql() got an unexpected keyword argument 'update_headers'
2025-09-30 15:43:49,819 - INFO - https://i.instagram.com/api/v1/users/bernatdeclaravall/usernameinfo/
2025-09-30 15:43:50,061 - INFO - fretin98 [403] GET https://i.instagram.com/api/v1/users/bernatdeclaravall/usernameinfo/ (269.0.0.18.75, OnePlus 6T Dev)
2025-09-30 15:43:50,062 - ERROR - Unexpected error processing bernatdeclaravall: login_required
2025-09-30 15:43:50,064 - INFO - Waiting 10 seconds before next account...
2025-09-30 15:44:00,065 - INFO - 
[16/25] Processing bigdanieltao
2025-09-30 15:44:00,065 - INFO - 
============================================================
2025-09-30 15:44:00,065 - INFO - Processing account: bigdanieltao
2025-09-30 15:44:00,065 - INFO - ============================================================
2025-09-30 15:44:00,066 - INFO - Fetching user info for bigdanieltao...
2025-09-30 15:44:01,271 - INFO - [None] [200] GET https://www.instagram.com/api/v1/users/web_profile_info/?username=bigdanieltao
2025-09-30 15:44:01,272 - ERROR - extract_user_gql() got an unexpected keyword argument 'update_headers'
Traceback (most recent call last):
  File "/opt/miniconda3/lib/python3.11/site-packages/instagrapi/mixins/user.py", line 203, in user_info_by_username
    user = self.user_info_by_username_gql(username)
           ^^^^^^^^^^^^^^^^^^^^^^^^^^^^^^^^^^^^^^^^
  File "/opt/miniconda3/lib/python3.11/site-packages/instagrapi/mixins/user.py", line 155, in user_info_by_username_gql
    data = extract_user_gql(json.loads(self.public_request(f'https://www.instagram.com/api/v1/users/web_profile_info/?username={username}', headers=temporary_public_headers))['data']['user'], update_headers=update_headers)
           ^^^^^^^^^^^^^^^^^^^^^^^^^^^^^^^^^^^^^^^^^^^^^^^^^^^^^^^^^^^^^^^^^^^^^^^^^^^^^^^^^^^^^^^^^^^^^^^^^^^^^^^^^^^^^^^^^^^^^^^^^^^^^^^^^^^^^^^^^^^^^^^^^^^^^^^^^^^^^^^^^^^^^^^^^^^^^^^^^^^^^^^^^^^^^^^^^^^^^^^^^^^^^^^^^^^
TypeError: extract_user_gql() got an unexpected keyword argument 'update_headers'
2025-09-30 15:44:02,277 - INFO - https://i.instagram.com/api/v1/users/bigdanieltao/usernameinfo/
2025-09-30 15:44:02,416 - INFO - fretin98 [403] GET https://i.instagram.com/api/v1/users/bigdanieltao/usernameinfo/ (269.0.0.18.75, OnePlus 6T Dev)
2025-09-30 15:44:02,416 - ERROR - Unexpected error processing bigdanieltao: login_required
2025-09-30 15:44:02,419 - INFO - Waiting 10 seconds before next account...
2025-09-30 15:44:12,419 - INFO - 
[17/25] Processing biye_hi
2025-09-30 15:44:12,420 - INFO - 
============================================================
2025-09-30 15:44:12,420 - INFO - Processing account: biye_hi
2025-09-30 15:44:12,420 - INFO - ============================================================
2025-09-30 15:44:12,420 - INFO - Fetching user info for biye_hi...
2025-09-30 15:44:14,110 - INFO - [None] [200] GET https://www.instagram.com/api/v1/users/web_profile_info/?username=biye_hi
2025-09-30 15:44:14,112 - ERROR - extract_user_gql() got an unexpected keyword argument 'update_headers'
Traceback (most recent call last):
  File "/opt/miniconda3/lib/python3.11/site-packages/instagrapi/mixins/user.py", line 203, in user_info_by_username
    user = self.user_info_by_username_gql(username)
           ^^^^^^^^^^^^^^^^^^^^^^^^^^^^^^^^^^^^^^^^
  File "/opt/miniconda3/lib/python3.11/site-packages/instagrapi/mixins/user.py", line 155, in user_info_by_username_gql
    data = extract_user_gql(json.loads(self.public_request(f'https://www.instagram.com/api/v1/users/web_profile_info/?username={username}', headers=temporary_public_headers))['data']['user'], update_headers=update_headers)
           ^^^^^^^^^^^^^^^^^^^^^^^^^^^^^^^^^^^^^^^^^^^^^^^^^^^^^^^^^^^^^^^^^^^^^^^^^^^^^^^^^^^^^^^^^^^^^^^^^^^^^^^^^^^^^^^^^^^^^^^^^^^^^^^^^^^^^^^^^^^^^^^^^^^^^^^^^^^^^^^^^^^^^^^^^^^^^^^^^^^^^^^^^^^^^^^^^^^^^^^^^^^^^^^^^^^
TypeError: extract_user_gql() got an unexpected keyword argument 'update_headers'
2025-09-30 15:44:15,118 - INFO - https://i.instagram.com/api/v1/users/biye_hi/usernameinfo/
2025-09-30 15:44:16,270 - INFO - fretin98 [403] GET https://i.instagram.com/api/v1/users/biye_hi/usernameinfo/ (269.0.0.18.75, OnePlus 6T Dev)
2025-09-30 15:44:16,271 - ERROR - Unexpected error processing biye_hi: login_required
2025-09-30 15:44:16,272 - INFO - Waiting 10 seconds before next account...
2025-09-30 15:44:26,277 - INFO - 
[18/25] Processing bjmiao501
2025-09-30 15:44:26,277 - INFO - 
============================================================
2025-09-30 15:44:26,278 - INFO - Processing account: bjmiao501
2025-09-30 15:44:26,278 - INFO - ============================================================
2025-09-30 15:44:26,278 - INFO - Fetching user info for bjmiao501...
2025-09-30 15:44:27,688 - INFO - [None] [200] GET https://www.instagram.com/api/v1/users/web_profile_info/?username=bjmiao501
2025-09-30 15:44:27,689 - ERROR - extract_user_gql() got an unexpected keyword argument 'update_headers'
Traceback (most recent call last):
  File "/opt/miniconda3/lib/python3.11/site-packages/instagrapi/mixins/user.py", line 203, in user_info_by_username
    user = self.user_info_by_username_gql(username)
           ^^^^^^^^^^^^^^^^^^^^^^^^^^^^^^^^^^^^^^^^
  File "/opt/miniconda3/lib/python3.11/site-packages/instagrapi/mixins/user.py", line 155, in user_info_by_username_gql
    data = extract_user_gql(json.loads(self.public_request(f'https://www.instagram.com/api/v1/users/web_profile_info/?username={username}', headers=temporary_public_headers))['data']['user'], update_headers=update_headers)
           ^^^^^^^^^^^^^^^^^^^^^^^^^^^^^^^^^^^^^^^^^^^^^^^^^^^^^^^^^^^^^^^^^^^^^^^^^^^^^^^^^^^^^^^^^^^^^^^^^^^^^^^^^^^^^^^^^^^^^^^^^^^^^^^^^^^^^^^^^^^^^^^^^^^^^^^^^^^^^^^^^^^^^^^^^^^^^^^^^^^^^^^^^^^^^^^^^^^^^^^^^^^^^^^^^^^
TypeError: extract_user_gql() got an unexpected keyword argument 'update_headers'
2025-09-30 15:44:28,694 - INFO - https://i.instagram.com/api/v1/users/bjmiao501/usernameinfo/
2025-09-30 15:44:28,853 - INFO - fretin98 [403] GET https://i.instagram.com/api/v1/users/bjmiao501/usernameinfo/ (269.0.0.18.75, OnePlus 6T Dev)
2025-09-30 15:44:28,854 - ERROR - Unexpected error processing bjmiao501: login_required
2025-09-30 15:44:28,856 - INFO - Waiting 10 seconds before next account...
2025-09-30 15:44:38,857 - INFO - 
[19/25] Processing blackerhund_wong
2025-09-30 15:44:38,858 - INFO - 
============================================================
2025-09-30 15:44:38,858 - INFO - Processing account: blackerhund_wong
2025-09-30 15:44:38,858 - INFO - ============================================================
2025-09-30 15:44:38,858 - INFO - Fetching user info for blackerhund_wong...
2025-09-30 15:44:40,332 - INFO - [None] [200] GET https://www.instagram.com/api/v1/users/web_profile_info/?username=blackerhund_wong
2025-09-30 15:44:40,335 - ERROR - extract_user_gql() got an unexpected keyword argument 'update_headers'
Traceback (most recent call last):
  File "/opt/miniconda3/lib/python3.11/site-packages/instagrapi/mixins/user.py", line 203, in user_info_by_username
    user = self.user_info_by_username_gql(username)
           ^^^^^^^^^^^^^^^^^^^^^^^^^^^^^^^^^^^^^^^^
  File "/opt/miniconda3/lib/python3.11/site-packages/instagrapi/mixins/user.py", line 155, in user_info_by_username_gql
    data = extract_user_gql(json.loads(self.public_request(f'https://www.instagram.com/api/v1/users/web_profile_info/?username={username}', headers=temporary_public_headers))['data']['user'], update_headers=update_headers)
           ^^^^^^^^^^^^^^^^^^^^^^^^^^^^^^^^^^^^^^^^^^^^^^^^^^^^^^^^^^^^^^^^^^^^^^^^^^^^^^^^^^^^^^^^^^^^^^^^^^^^^^^^^^^^^^^^^^^^^^^^^^^^^^^^^^^^^^^^^^^^^^^^^^^^^^^^^^^^^^^^^^^^^^^^^^^^^^^^^^^^^^^^^^^^^^^^^^^^^^^^^^^^^^^^^^^
TypeError: extract_user_gql() got an unexpected keyword argument 'update_headers'
2025-09-30 15:44:41,344 - INFO - https://i.instagram.com/api/v1/users/blackerhund_wong/usernameinfo/
2025-09-30 15:44:41,485 - INFO - fretin98 [403] GET https://i.instagram.com/api/v1/users/blackerhund_wong/usernameinfo/ (269.0.0.18.75, OnePlus 6T Dev)
2025-09-30 15:44:41,486 - ERROR - Unexpected error processing blackerhund_wong: login_required
2025-09-30 15:44:41,487 - INFO - Waiting 10 seconds before next account...
2025-09-30 15:44:51,497 - INFO - 
[20/25] Processing blesmeir
2025-09-30 15:44:51,497 - INFO - 
============================================================
2025-09-30 15:44:51,497 - INFO - Processing account: blesmeir
2025-09-30 15:44:51,497 - INFO - ============================================================
2025-09-30 15:44:51,498 - INFO - Fetching user info for blesmeir...
2025-09-30 15:44:52,711 - INFO - [None] [200] GET https://www.instagram.com/api/v1/users/web_profile_info/?username=blesmeir
2025-09-30 15:44:52,712 - ERROR - extract_user_gql() got an unexpected keyword argument 'update_headers'
Traceback (most recent call last):
  File "/opt/miniconda3/lib/python3.11/site-packages/instagrapi/mixins/user.py", line 203, in user_info_by_username
    user = self.user_info_by_username_gql(username)
           ^^^^^^^^^^^^^^^^^^^^^^^^^^^^^^^^^^^^^^^^
  File "/opt/miniconda3/lib/python3.11/site-packages/instagrapi/mixins/user.py", line 155, in user_info_by_username_gql
    data = extract_user_gql(json.loads(self.public_request(f'https://www.instagram.com/api/v1/users/web_profile_info/?username={username}', headers=temporary_public_headers))['data']['user'], update_headers=update_headers)
           ^^^^^^^^^^^^^^^^^^^^^^^^^^^^^^^^^^^^^^^^^^^^^^^^^^^^^^^^^^^^^^^^^^^^^^^^^^^^^^^^^^^^^^^^^^^^^^^^^^^^^^^^^^^^^^^^^^^^^^^^^^^^^^^^^^^^^^^^^^^^^^^^^^^^^^^^^^^^^^^^^^^^^^^^^^^^^^^^^^^^^^^^^^^^^^^^^^^^^^^^^^^^^^^^^^^
TypeError: extract_user_gql() got an unexpected keyword argument 'update_headers'
2025-09-30 15:44:53,721 - INFO - https://i.instagram.com/api/v1/users/blesmeir/usernameinfo/
2025-09-30 15:44:53,866 - INFO - fretin98 [403] GET https://i.instagram.com/api/v1/users/blesmeir/usernameinfo/ (269.0.0.18.75, OnePlus 6T Dev)
2025-09-30 15:44:53,866 - ERROR - Unexpected error processing blesmeir: login_required
2025-09-30 15:44:53,868 - INFO - Waiting 10 seconds before next account...
2025-09-30 15:45:03,876 - INFO - 
[21/25] Processing blkbcan
2025-09-30 15:45:03,876 - INFO - 
============================================================
2025-09-30 15:45:03,876 - INFO - Processing account: blkbcan
2025-09-30 15:45:03,876 - INFO - ============================================================
2025-09-30 15:45:03,876 - INFO - Fetching user info for blkbcan...
2025-09-30 15:45:06,848 - INFO - [None] [200] GET https://www.instagram.com/api/v1/users/web_profile_info/?username=blkbcan
2025-09-30 15:45:06,853 - ERROR - extract_user_gql() got an unexpected keyword argument 'update_headers'
Traceback (most recent call last):
  File "/opt/miniconda3/lib/python3.11/site-packages/instagrapi/mixins/user.py", line 203, in user_info_by_username
    user = self.user_info_by_username_gql(username)
           ^^^^^^^^^^^^^^^^^^^^^^^^^^^^^^^^^^^^^^^^
  File "/opt/miniconda3/lib/python3.11/site-packages/instagrapi/mixins/user.py", line 155, in user_info_by_username_gql
    data = extract_user_gql(json.loads(self.public_request(f'https://www.instagram.com/api/v1/users/web_profile_info/?username={username}', headers=temporary_public_headers))['data']['user'], update_headers=update_headers)
           ^^^^^^^^^^^^^^^^^^^^^^^^^^^^^^^^^^^^^^^^^^^^^^^^^^^^^^^^^^^^^^^^^^^^^^^^^^^^^^^^^^^^^^^^^^^^^^^^^^^^^^^^^^^^^^^^^^^^^^^^^^^^^^^^^^^^^^^^^^^^^^^^^^^^^^^^^^^^^^^^^^^^^^^^^^^^^^^^^^^^^^^^^^^^^^^^^^^^^^^^^^^^^^^^^^^
TypeError: extract_user_gql() got an unexpected keyword argument 'update_headers'
2025-09-30 15:45:07,854 - INFO - https://i.instagram.com/api/v1/users/blkbcan/usernameinfo/
2025-09-30 15:45:08,078 - INFO - fretin98 [403] GET https://i.instagram.com/api/v1/users/blkbcan/usernameinfo/ (269.0.0.18.75, OnePlus 6T Dev)
2025-09-30 15:45:08,079 - ERROR - Unexpected error processing blkbcan: login_required
2025-09-30 15:45:08,081 - INFO - Waiting 10 seconds before next account...
2025-09-30 15:45:18,086 - INFO - 
[22/25] Processing blockchaincolumbia
2025-09-30 15:45:18,086 - INFO - 
============================================================
2025-09-30 15:45:18,087 - INFO - Processing account: blockchaincolumbia
2025-09-30 15:45:18,087 - INFO - ============================================================
2025-09-30 15:45:18,087 - INFO - Fetching user info for blockchaincolumbia...
2025-09-30 15:45:20,290 - INFO - [None] [200] GET https://www.instagram.com/api/v1/users/web_profile_info/?username=blockchaincolumbia
2025-09-30 15:45:20,292 - ERROR - extract_user_gql() got an unexpected keyword argument 'update_headers'
Traceback (most recent call last):
  File "/opt/miniconda3/lib/python3.11/site-packages/instagrapi/mixins/user.py", line 203, in user_info_by_username
    user = self.user_info_by_username_gql(username)
           ^^^^^^^^^^^^^^^^^^^^^^^^^^^^^^^^^^^^^^^^
  File "/opt/miniconda3/lib/python3.11/site-packages/instagrapi/mixins/user.py", line 155, in user_info_by_username_gql
    data = extract_user_gql(json.loads(self.public_request(f'https://www.instagram.com/api/v1/users/web_profile_info/?username={username}', headers=temporary_public_headers))['data']['user'], update_headers=update_headers)
           ^^^^^^^^^^^^^^^^^^^^^^^^^^^^^^^^^^^^^^^^^^^^^^^^^^^^^^^^^^^^^^^^^^^^^^^^^^^^^^^^^^^^^^^^^^^^^^^^^^^^^^^^^^^^^^^^^^^^^^^^^^^^^^^^^^^^^^^^^^^^^^^^^^^^^^^^^^^^^^^^^^^^^^^^^^^^^^^^^^^^^^^^^^^^^^^^^^^^^^^^^^^^^^^^^^^
TypeError: extract_user_gql() got an unexpected keyword argument 'update_headers'
2025-09-30 15:45:21,303 - INFO - https://i.instagram.com/api/v1/users/blockchaincolumbia/usernameinfo/
2025-09-30 15:45:21,448 - INFO - fretin98 [403] GET https://i.instagram.com/api/v1/users/blockchaincolumbia/usernameinfo/ (269.0.0.18.75, OnePlus 6T Dev)
2025-09-30 15:45:21,448 - ERROR - Unexpected error processing blockchaincolumbia: login_required
2025-09-30 15:45:21,449 - INFO - Waiting 10 seconds before next account...
2025-09-30 15:45:31,451 - INFO - 
[23/25] Processing bluelug
2025-09-30 15:45:31,451 - INFO - 
============================================================
2025-09-30 15:45:31,451 - INFO - Processing account: bluelug
2025-09-30 15:45:31,452 - INFO - ============================================================
2025-09-30 15:45:31,452 - INFO - Fetching user info for bluelug...
2025-09-30 15:45:34,846 - INFO - [None] [200] GET https://www.instagram.com/api/v1/users/web_profile_info/?username=bluelug
2025-09-30 15:45:34,855 - ERROR - extract_user_gql() got an unexpected keyword argument 'update_headers'
Traceback (most recent call last):
  File "/opt/miniconda3/lib/python3.11/site-packages/instagrapi/mixins/user.py", line 203, in user_info_by_username
    user = self.user_info_by_username_gql(username)
           ^^^^^^^^^^^^^^^^^^^^^^^^^^^^^^^^^^^^^^^^
  File "/opt/miniconda3/lib/python3.11/site-packages/instagrapi/mixins/user.py", line 155, in user_info_by_username_gql
    data = extract_user_gql(json.loads(self.public_request(f'https://www.instagram.com/api/v1/users/web_profile_info/?username={username}', headers=temporary_public_headers))['data']['user'], update_headers=update_headers)
           ^^^^^^^^^^^^^^^^^^^^^^^^^^^^^^^^^^^^^^^^^^^^^^^^^^^^^^^^^^^^^^^^^^^^^^^^^^^^^^^^^^^^^^^^^^^^^^^^^^^^^^^^^^^^^^^^^^^^^^^^^^^^^^^^^^^^^^^^^^^^^^^^^^^^^^^^^^^^^^^^^^^^^^^^^^^^^^^^^^^^^^^^^^^^^^^^^^^^^^^^^^^^^^^^^^^
TypeError: extract_user_gql() got an unexpected keyword argument 'update_headers'
2025-09-30 15:45:35,864 - INFO - https://i.instagram.com/api/v1/users/bluelug/usernameinfo/
2025-09-30 15:45:36,007 - INFO - fretin98 [403] GET https://i.instagram.com/api/v1/users/bluelug/usernameinfo/ (269.0.0.18.75, OnePlus 6T Dev)
2025-09-30 15:45:36,008 - ERROR - Unexpected error processing bluelug: login_required
2025-09-30 15:45:36,009 - INFO - Waiting 10 seconds before next account...
2025-09-30 15:45:46,018 - INFO - 
[24/25] Processing bobby_1030
2025-09-30 15:45:46,019 - INFO - 
============================================================
2025-09-30 15:45:46,019 - INFO - Processing account: bobby_1030
2025-09-30 15:45:46,019 - INFO - ============================================================
2025-09-30 15:45:46,019 - INFO - Fetching user info for bobby_1030...
2025-09-30 15:45:47,454 - INFO - [None] [200] GET https://www.instagram.com/api/v1/users/web_profile_info/?username=bobby_1030
2025-09-30 15:45:47,455 - ERROR - extract_user_gql() got an unexpected keyword argument 'update_headers'
Traceback (most recent call last):
  File "/opt/miniconda3/lib/python3.11/site-packages/instagrapi/mixins/user.py", line 203, in user_info_by_username
    user = self.user_info_by_username_gql(username)
           ^^^^^^^^^^^^^^^^^^^^^^^^^^^^^^^^^^^^^^^^
  File "/opt/miniconda3/lib/python3.11/site-packages/instagrapi/mixins/user.py", line 155, in user_info_by_username_gql
    data = extract_user_gql(json.loads(self.public_request(f'https://www.instagram.com/api/v1/users/web_profile_info/?username={username}', headers=temporary_public_headers))['data']['user'], update_headers=update_headers)
           ^^^^^^^^^^^^^^^^^^^^^^^^^^^^^^^^^^^^^^^^^^^^^^^^^^^^^^^^^^^^^^^^^^^^^^^^^^^^^^^^^^^^^^^^^^^^^^^^^^^^^^^^^^^^^^^^^^^^^^^^^^^^^^^^^^^^^^^^^^^^^^^^^^^^^^^^^^^^^^^^^^^^^^^^^^^^^^^^^^^^^^^^^^^^^^^^^^^^^^^^^^^^^^^^^^^
TypeError: extract_user_gql() got an unexpected keyword argument 'update_headers'
2025-09-30 15:45:48,464 - INFO - https://i.instagram.com/api/v1/users/bobby_1030/usernameinfo/
2025-09-30 15:45:48,625 - INFO - fretin98 [403] GET https://i.instagram.com/api/v1/users/bobby_1030/usernameinfo/ (269.0.0.18.75, OnePlus 6T Dev)
2025-09-30 15:45:48,625 - ERROR - Unexpected error processing bobby_1030: login_required
2025-09-30 15:45:48,626 - INFO - Waiting 10 seconds before next account...
2025-09-30 15:45:58,630 - INFO - 
[25/25] Processing boediegel
2025-09-30 15:45:58,630 - INFO - 
============================================================
2025-09-30 15:45:58,630 - INFO - Processing account: boediegel
2025-09-30 15:45:58,630 - INFO - ============================================================
2025-09-30 15:45:58,630 - INFO - Fetching user info for boediegel...
2025-09-30 15:46:00,242 - INFO - [None] [200] GET https://www.instagram.com/api/v1/users/web_profile_info/?username=boediegel
2025-09-30 15:46:00,246 - ERROR - extract_user_gql() got an unexpected keyword argument 'update_headers'
Traceback (most recent call last):
  File "/opt/miniconda3/lib/python3.11/site-packages/instagrapi/mixins/user.py", line 203, in user_info_by_username
    user = self.user_info_by_username_gql(username)
           ^^^^^^^^^^^^^^^^^^^^^^^^^^^^^^^^^^^^^^^^
  File "/opt/miniconda3/lib/python3.11/site-packages/instagrapi/mixins/user.py", line 155, in user_info_by_username_gql
    data = extract_user_gql(json.loads(self.public_request(f'https://www.instagram.com/api/v1/users/web_profile_info/?username={username}', headers=temporary_public_headers))['data']['user'], update_headers=update_headers)
           ^^^^^^^^^^^^^^^^^^^^^^^^^^^^^^^^^^^^^^^^^^^^^^^^^^^^^^^^^^^^^^^^^^^^^^^^^^^^^^^^^^^^^^^^^^^^^^^^^^^^^^^^^^^^^^^^^^^^^^^^^^^^^^^^^^^^^^^^^^^^^^^^^^^^^^^^^^^^^^^^^^^^^^^^^^^^^^^^^^^^^^^^^^^^^^^^^^^^^^^^^^^^^^^^^^^
TypeError: extract_user_gql() got an unexpected keyword argument 'update_headers'
2025-09-30 15:46:01,254 - INFO - https://i.instagram.com/api/v1/users/boediegel/usernameinfo/
2025-09-30 15:46:01,394 - INFO - fretin98 [403] GET https://i.instagram.com/api/v1/users/boediegel/usernameinfo/ (269.0.0.18.75, OnePlus 6T Dev)
2025-09-30 15:46:01,394 - ERROR - Unexpected error processing boediegel: login_required
2025-09-30 15:46:01,396 - INFO - Waiting 10 seconds before next account...
2025-09-30 15:46:11,400 - INFO - Saved data to instagram_data/daily_sessions.json
2025-09-30 15:46:11,400 - INFO - 
============================================================
2025-09-30 15:46:11,400 - INFO - SCRAPING SESSION COMPLETE
2025-09-30 15:46:11,400 - INFO - ============================================================
2025-09-30 15:46:11,400 - INFO - Processed: 25 accounts
2025-09-30 15:46:11,400 - INFO - Successful: 24 accounts
2025-09-30 15:46:11,400 - INFO - Errors: 1 accounts
2025-09-30 15:46:11,400 - INFO - Remaining in queue: 1108
2025-09-30 15:46:11,403 - INFO - 
Updated Account Status:
2025-09-30 15:46:11,403 - INFO -   unprocessed: 0 accounts (0.0%)
2025-09-30 15:46:11,403 - INFO -   incomplete: 41 accounts (2.9%)
2025-09-30 15:46:11,403 - INFO -   rate_limited: 1087 accounts (77.3%)
2025-09-30 15:46:11,403 - INFO -   complete: 140 accounts (10.0%)
2025-09-30 15:46:11,403 - INFO -   skipped: 97 accounts (6.9%)
2025-09-30 15:46:11,403 - INFO -   empty: 41 accounts (2.9%)
2025-09-30 15:46:11,403 - INFO - 
============================================================
