2025-09-30 16:08:07,291 - INFO - ============================================================
2025-09-30 16:08:07,291 - INFO - Instagram Scraper with Instagrapi Starting
2025-09-30 16:08:07,291 - INFO - ============================================================
2025-09-30 16:08:07,291 - INFO - Loading existing data...
2025-09-30 16:08:07,293 - INFO - Loaded 1406 accounts from queue
2025-09-30 16:08:07,293 - INFO - 
Account Categories:
2025-09-30 16:08:07,293 - INFO -   unprocessed: 0 accounts (0.0%)
2025-09-30 16:08:07,293 - INFO -   incomplete: 42 accounts (3.0%)
2025-09-30 16:08:07,293 - INFO -   rate_limited: 1077 accounts (76.6%)
2025-09-30 16:08:07,293 - INFO -   complete: 149 accounts (10.6%)
2025-09-30 16:08:07,293 - INFO -   skipped: 97 accounts (6.9%)
2025-09-30 16:08:07,293 - INFO -   empty: 41 accounts (2.9%)
2025-09-30 16:08:07,293 - INFO - 
Total accounts to process: 1119
2025-09-30 16:08:07,293 - INFO - Will process up to 25 accounts this session
2025-09-30 16:08:07,293 - INFO - 
Logging in as fretin98...
2025-09-30 16:08:07,293 - INFO - https://i.instagram.com/api/v1/launcher/sync/
2025-09-30 16:08:07,820 - INFO - fretin98 [200] POST https://i.instagram.com/api/v1/launcher/sync/ (269.0.0.18.75, OnePlus 6T Dev)
2025-09-30 16:08:08,312 - INFO - https://i.instagram.com/api/v1/accounts/login/
2025-09-30 16:08:13,621 - INFO - fretin98 [200] POST https://i.instagram.com/api/v1/accounts/login/ (269.0.0.18.75, OnePlus 6T Dev)
2025-09-30 16:08:14,633 - INFO - https://i.instagram.com/api/v1/feed/reels_tray/
2025-09-30 16:08:14,795 - INFO - fretin98 [400] POST https://i.instagram.com/api/v1/feed/reels_tray/ (269.0.0.18.75, OnePlus 6T Dev)
2025-09-30 16:08:15,798 - INFO - https://i.instagram.com/api/v1/challenge/
2025-09-30 16:08:16,055 - INFO - fretin98 [400] GET https://i.instagram.com/api/v1/challenge/ (269.0.0.18.75, OnePlus 6T Dev)
2025-09-30 16:08:32,654 - INFO - https://i.instagram.com/api/v1/feed/reels_tray/
2025-09-30 16:08:32,983 - INFO - fretin98 [403] POST https://i.instagram.com/api/v1/feed/reels_tray/ (269.0.0.18.75, OnePlus 6T Dev)
2025-09-30 16:08:32,983 - ERROR - ❌ Login failed: login_required
