2025-09-30 16:46:10,176 - INFO - ============================================================
2025-09-30 16:46:10,176 - INFO - Instagram Scraper with Instagrapi Starting
2025-09-30 16:46:10,176 - INFO - ============================================================
2025-09-30 16:46:10,176 - INFO - Loading existing data...
2025-09-30 16:46:10,178 - INFO - Loaded 1406 accounts from queue
2025-09-30 16:46:10,180 - INFO - 
Account Categories:
2025-09-30 16:46:10,180 - INFO -   unprocessed: 0 accounts (0.0%)
2025-09-30 16:46:10,180 - INFO -   incomplete: 42 accounts (3.0%)
2025-09-30 16:46:10,180 - INFO -   rate_limited: 1077 accounts (76.6%)
2025-09-30 16:46:10,180 - INFO -   complete: 149 accounts (10.6%)
2025-09-30 16:46:10,180 - INFO -   skipped: 97 accounts (6.9%)
2025-09-30 16:46:10,180 - INFO -   empty: 41 accounts (2.9%)
2025-09-30 16:46:10,180 - INFO - 
Total accounts to process: 1119
2025-09-30 16:46:10,180 - INFO - Will process up to 25 accounts this session
2025-09-30 16:46:10,180 - INFO - 
Logging in as fretin98...
2025-09-30 16:46:10,181 - INFO - https://i.instagram.com/api/v1/launcher/sync/
2025-09-30 16:46:10,850 - INFO - fretin98 [200] POST https://i.instagram.com/api/v1/launcher/sync/ (269.0.0.18.75, OnePlus 6T Dev)
2025-09-30 16:46:11,265 - INFO - https://i.instagram.com/api/v1/accounts/login/
2025-09-30 16:46:16,433 - INFO - fretin98 [200] POST https://i.instagram.com/api/v1/accounts/login/ (269.0.0.18.75, OnePlus 6T Dev)
2025-09-30 16:46:17,439 - INFO - https://i.instagram.com/api/v1/feed/reels_tray/
2025-09-30 16:46:17,620 - INFO - fretin98 [400] POST https://i.instagram.com/api/v1/feed/reels_tray/ (269.0.0.18.75, OnePlus 6T Dev)
2025-09-30 16:46:18,623 - INFO - https://i.instagram.com/api/v1/challenge/
2025-09-30 16:46:18,893 - INFO - fretin98 [400] GET https://i.instagram.com/api/v1/challenge/ (269.0.0.18.75, OnePlus 6T Dev)
2025-09-30 16:46:35,550 - INFO - https://i.instagram.com/api/v1/feed/reels_tray/
2025-09-30 16:46:35,698 - INFO - fretin98 [400] POST https://i.instagram.com/api/v1/feed/reels_tray/ (269.0.0.18.75, OnePlus 6T Dev)
2025-09-30 16:46:35,699 - ERROR - ❌ Login failed: challenge_required
