2025-10-02 12:32:43,704 - INFO - ============================================================
2025-10-02 12:32:43,704 - INFO - Instagram Scraper with Instagrapi Starting
2025-10-02 12:32:43,704 - INFO - ============================================================
2025-10-02 12:32:43,704 - INFO - Loading existing data...
2025-10-02 12:32:43,706 - INFO - Loaded 1406 accounts from queue
2025-10-02 12:32:43,707 - INFO - 
Account Categories:
2025-10-02 12:32:43,707 - INFO -   unprocessed: 0 accounts (0.0%)
2025-10-02 12:32:43,707 - INFO -   incomplete: 41 accounts (2.9%)
2025-10-02 12:32:43,707 - INFO -   rate_limited: 1079 accounts (76.7%)
2025-10-02 12:32:43,707 - INFO -   complete: 149 accounts (10.6%)
2025-10-02 12:32:43,707 - INFO -   skipped: 96 accounts (6.8%)
2025-10-02 12:32:43,707 - INFO -   empty: 41 accounts (2.9%)
2025-10-02 12:32:43,707 - INFO - 
Total accounts to process: 1120
2025-10-02 12:32:43,707 - INFO - Will process up to 10 accounts this session
2025-10-02 12:32:43,707 - INFO - 
Logging in as fretin98...
2025-10-02 12:32:43,707 - INFO - https://i.instagram.com/api/v1/launcher/sync/
2025-10-02 12:32:44,133 - INFO - fretin98 [200] POST https://i.instagram.com/api/v1/launcher/sync/ (269.0.0.18.75, OnePlus 6T Dev)
2025-10-02 12:32:44,536 - INFO - https://i.instagram.com/api/v1/accounts/login/
2025-10-02 12:32:46,224 - INFO - fretin98 [400] POST https://i.instagram.com/api/v1/accounts/login/ (269.0.0.18.75, OnePlus 6T Dev)
2025-10-02 12:32:46,224 - ERROR - ❌ Login failed: You can log in with your linked Facebook account. If you are sure that the password is correct, then change your IP address, because it is added to the blacklist of the Instagram Server
2025-10-02 12:32:46,224 - ERROR - ⚠️  Login blocked - waiting 1-2 hours before next attempt to avoid triggering more protections
2025-10-02 12:32:46,224 - INFO - ⏳ Sleeping for 1.5 hours...
