2025-09-30 19:17:24,762 - INFO - ============================================================
2025-09-30 19:17:24,762 - INFO - Instagram Scraper with Instagrapi Starting
2025-09-30 19:17:24,762 - INFO - ============================================================
2025-09-30 19:17:24,762 - INFO - Loading existing data...
2025-09-30 19:17:24,764 - INFO - Loaded 1406 accounts from queue
2025-09-30 19:17:24,765 - INFO - 
Account Categories:
2025-09-30 19:17:24,765 - INFO -   unprocessed: 0 accounts (0.0%)
2025-09-30 19:17:24,765 - INFO -   incomplete: 42 accounts (3.0%)
2025-09-30 19:17:24,765 - INFO -   rate_limited: 1077 accounts (76.6%)
2025-09-30 19:17:24,765 - INFO -   complete: 149 accounts (10.6%)
2025-09-30 19:17:24,765 - INFO -   skipped: 97 accounts (6.9%)
2025-09-30 19:17:24,765 - INFO -   empty: 41 accounts (2.9%)
2025-09-30 19:17:24,765 - INFO - 
Total accounts to process: 1119
2025-09-30 19:17:24,765 - INFO - Will process up to 25 accounts this session
2025-09-30 19:17:24,765 - INFO - 
Logging in as fretin98...
2025-09-30 19:17:24,765 - INFO - https://i.instagram.com/api/v1/launcher/sync/
2025-09-30 19:17:25,375 - INFO - fretin98 [200] POST https://i.instagram.com/api/v1/launcher/sync/ (269.0.0.18.75, OnePlus 6T Dev)
2025-09-30 19:17:25,819 - INFO - https://i.instagram.com/api/v1/accounts/login/
2025-09-30 19:17:29,147 - INFO - fretin98 [400] POST https://i.instagram.com/api/v1/accounts/login/ (269.0.0.18.75, OnePlus 6T Dev)
2025-09-30 19:17:29,148 - ERROR - ❌ Login failed: You can log in with your linked Facebook account. If you are sure that the password is correct, then change your IP address, because it is added to the blacklist of the Instagram Server
