2025-09-30 16:29:51,802 - INFO - ============================================================
2025-09-30 16:29:51,802 - INFO - Instagram Scraper with Instagrapi Starting
2025-09-30 16:29:51,802 - INFO - ============================================================
2025-09-30 16:29:51,802 - INFO - Loading existing data...
2025-09-30 16:29:51,803 - INFO - Loaded 1406 accounts from queue
2025-09-30 16:29:51,804 - INFO - 
Account Categories:
2025-09-30 16:29:51,804 - INFO -   unprocessed: 0 accounts (0.0%)
2025-09-30 16:29:51,804 - INFO -   incomplete: 42 accounts (3.0%)
2025-09-30 16:29:51,804 - INFO -   rate_limited: 1077 accounts (76.6%)
2025-09-30 16:29:51,804 - INFO -   complete: 149 accounts (10.6%)
2025-09-30 16:29:51,804 - INFO -   skipped: 97 accounts (6.9%)
2025-09-30 16:29:51,804 - INFO -   empty: 41 accounts (2.9%)
2025-09-30 16:29:51,804 - INFO - 
Total accounts to process: 1119
2025-09-30 16:29:51,804 - INFO - Will process up to 25 accounts this session
2025-09-30 16:29:51,804 - INFO - 
Logging in as fretin98...
2025-09-30 16:29:51,804 - INFO - https://i.instagram.com/api/v1/launcher/sync/
2025-09-30 16:29:52,423 - INFO - fretin98 [200] POST https://i.instagram.com/api/v1/launcher/sync/ (269.0.0.18.75, OnePlus 6T Dev)
2025-09-30 16:29:52,804 - INFO - https://i.instagram.com/api/v1/accounts/login/
2025-09-30 16:29:57,678 - INFO - fretin98 [200] POST https://i.instagram.com/api/v1/accounts/login/ (269.0.0.18.75, OnePlus 6T Dev)
2025-09-30 16:29:58,686 - INFO - https://i.instagram.com/api/v1/feed/reels_tray/
2025-09-30 16:29:58,901 - INFO - fretin98 [400] POST https://i.instagram.com/api/v1/feed/reels_tray/ (269.0.0.18.75, OnePlus 6T Dev)
2025-09-30 16:29:59,909 - INFO - https://i.instagram.com/api/v1/challenge/
2025-09-30 16:30:00,217 - INFO - fretin98 [400] GET https://i.instagram.com/api/v1/challenge/ (269.0.0.18.75, OnePlus 6T Dev)
2025-09-30 16:30:16,777 - INFO - https://i.instagram.com/api/v1/feed/reels_tray/
2025-09-30 16:30:16,925 - INFO - fretin98 [400] POST https://i.instagram.com/api/v1/feed/reels_tray/ (269.0.0.18.75, OnePlus 6T Dev)
2025-09-30 16:30:16,926 - ERROR - ❌ Login failed: challenge_required
