2025-09-30 14:54:42,854 - INFO - ============================================================
2025-09-30 14:54:42,854 - INFO - Instagram Scraper with Instagrapi Starting
2025-09-30 14:54:42,854 - INFO - ============================================================
2025-09-30 14:54:42,854 - INFO - Loading existing data...
2025-09-30 14:54:42,856 - INFO - Loaded 1406 accounts from queue
2025-09-30 14:54:42,856 - INFO - 
Account Categories:
2025-09-30 14:54:42,856 - INFO -   unprocessed: 0 accounts (0.0%)
2025-09-30 14:54:42,856 - INFO -   incomplete: 38 accounts (2.7%)
2025-09-30 14:54:42,856 - INFO -   rate_limited: 1119 accounts (79.6%)
2025-09-30 14:54:42,856 - INFO -   complete: 112 accounts (8.0%)
2025-09-30 14:54:42,856 - INFO -   skipped: 97 accounts (6.9%)
2025-09-30 14:54:42,856 - INFO -   empty: 40 accounts (2.8%)
2025-09-30 14:54:42,856 - INFO - 
Total accounts to process: 1157
2025-09-30 14:54:42,856 - INFO - Will process up to 25 accounts this session
2025-09-30 14:54:42,856 - INFO - 
Logging in as fretin98...
2025-09-30 14:54:42,856 - INFO - https://i.instagram.com/api/v1/launcher/sync/
2025-09-30 14:54:43,478 - INFO - fretin98 [200] POST https://i.instagram.com/api/v1/launcher/sync/ (269.0.0.18.75, OnePlus 6T Dev)
2025-09-30 14:54:43,850 - INFO - https://i.instagram.com/api/v1/accounts/login/
2025-09-30 14:54:48,614 - INFO - fretin98 [200] POST https://i.instagram.com/api/v1/accounts/login/ (269.0.0.18.75, OnePlus 6T Dev)
2025-09-30 14:54:49,621 - INFO - https://i.instagram.com/api/v1/feed/reels_tray/
2025-09-30 14:54:50,609 - INFO - fretin98 [200] POST https://i.instagram.com/api/v1/feed/reels_tray/ (269.0.0.18.75, OnePlus 6T Dev)
2025-09-30 14:54:51,610 - INFO - https://i.instagram.com/api/v1/feed/timeline/
2025-09-30 14:54:53,723 - INFO - fretin98 [200] POST https://i.instagram.com/api/v1/feed/timeline/ (269.0.0.18.75, OnePlus 6T Dev)
2025-09-30 14:54:53,728 - INFO - ✅ Login successful!
2025-09-30 14:54:53,728 - INFO - 
[1/25] Processing archie.minecraft
2025-09-30 14:54:53,728 - INFO - 
============================================================
2025-09-30 14:54:53,728 - INFO - Processing account: archie.minecraft
2025-09-30 14:54:53,729 - INFO - ============================================================
2025-09-30 14:54:53,729 - INFO - Fetching user info for archie.minecraft...
2025-09-30 14:54:55,429 - INFO - [None] [200] GET https://www.instagram.com/api/v1/users/web_profile_info/?username=archie.minecraft
2025-09-30 14:54:55,429 - ERROR - 'data'
Traceback (most recent call last):
  File "/opt/miniconda3/lib/python3.11/site-packages/instagrapi/mixins/user.py", line 203, in user_info_by_username
    user = self.user_info_by_username_gql(username)
           ^^^^^^^^^^^^^^^^^^^^^^^^^^^^^^^^^^^^^^^^
  File "/opt/miniconda3/lib/python3.11/site-packages/instagrapi/mixins/user.py", line 155, in user_info_by_username_gql
    data = extract_user_gql(json.loads(self.public_request(f'https://www.instagram.com/api/v1/users/web_profile_info/?username={username}', headers=temporary_public_headers))['data']['user'], update_headers=update_headers)
                            ~~~~~~~~~~~~~~~~~~~~~~~~~~~~~~~~~~~~~~~~~~~~~~~~~~~~~~~~~~~~~~~~~~~~~~~~~~~~~~~~~~~~~~~~~~~~~~~~~~~~~~~~~~~~~~~~~~~~~~~~~~~~~~~~~~~~~~~~~~~~~~~~~~^^^^^^^^
KeyError: 'data'
2025-09-30 14:54:56,437 - INFO - https://i.instagram.com/api/v1/users/archie.minecraft/usernameinfo/
2025-09-30 14:54:56,586 - INFO - fretin98 [404] GET https://i.instagram.com/api/v1/users/archie.minecraft/usernameinfo/ (269.0.0.18.75, OnePlus 6T Dev)
2025-09-30 14:54:56,586 - WARNING - Status 404: Endpoint /v1/users/archie.minecraft/usernameinfo/ does not exist
2025-09-30 14:54:56,586 - WARNING - User archie.minecraft not found - may be private or deleted
2025-09-30 14:54:56,586 - INFO - Waiting 10 seconds before next account...
2025-09-30 14:55:06,591 - INFO - 
[2/25] Processing arony_yx
2025-09-30 14:55:06,591 - INFO - 
============================================================
2025-09-30 14:55:06,591 - INFO - Processing account: arony_yx
2025-09-30 14:55:06,591 - INFO - ============================================================
2025-09-30 14:55:06,591 - INFO - Fetching user info for arony_yx...
2025-09-30 14:55:08,001 - INFO - [None] [200] GET https://www.instagram.com/api/v1/users/web_profile_info/?username=arony_yx
2025-09-30 14:55:08,002 - ERROR - extract_user_gql() got an unexpected keyword argument 'update_headers'
Traceback (most recent call last):
  File "/opt/miniconda3/lib/python3.11/site-packages/instagrapi/mixins/user.py", line 203, in user_info_by_username
    user = self.user_info_by_username_gql(username)
           ^^^^^^^^^^^^^^^^^^^^^^^^^^^^^^^^^^^^^^^^
  File "/opt/miniconda3/lib/python3.11/site-packages/instagrapi/mixins/user.py", line 155, in user_info_by_username_gql
    data = extract_user_gql(json.loads(self.public_request(f'https://www.instagram.com/api/v1/users/web_profile_info/?username={username}', headers=temporary_public_headers))['data']['user'], update_headers=update_headers)
           ^^^^^^^^^^^^^^^^^^^^^^^^^^^^^^^^^^^^^^^^^^^^^^^^^^^^^^^^^^^^^^^^^^^^^^^^^^^^^^^^^^^^^^^^^^^^^^^^^^^^^^^^^^^^^^^^^^^^^^^^^^^^^^^^^^^^^^^^^^^^^^^^^^^^^^^^^^^^^^^^^^^^^^^^^^^^^^^^^^^^^^^^^^^^^^^^^^^^^^^^^^^^^^^^^^^
TypeError: extract_user_gql() got an unexpected keyword argument 'update_headers'
2025-09-30 14:55:09,007 - INFO - https://i.instagram.com/api/v1/users/arony_yx/usernameinfo/
2025-09-30 14:55:09,600 - INFO - fretin98 [200] GET https://i.instagram.com/api/v1/users/arony_yx/usernameinfo/ (269.0.0.18.75, OnePlus 6T Dev)
2025-09-30 14:55:09,603 - INFO - Account stats: 156 followers, 170 following
2025-09-30 14:55:09,603 - INFO - Fetching following list for arony_yx...
2025-09-30 14:55:10,607 - INFO - https://i.instagram.com/api/v1/friendships/1261185678/following/
2025-09-30 14:55:12,735 - INFO - fretin98 [200] GET https://i.instagram.com/api/v1/friendships/1261185678/following/?max_id=&count=200&rank_token=1073026362_8c412307-f48f-4faa-b842-2ac48014d8f2&search_surface=follow_list_page&query=&enable_groups=true (269.0.0.18.75, OnePlus 6T Dev)
2025-09-30 14:55:12,739 - INFO - ✅ Successfully retrieved 170 following accounts
2025-09-30 14:55:12,756 - INFO - Saved data to instagram_data/scraping_progress.json
2025-09-30 14:55:12,756 - INFO - Waiting 10 seconds before next account...
2025-09-30 14:55:22,758 - INFO - 
[3/25] Processing art.by.tania.n.s
2025-09-30 14:55:22,759 - INFO - 
============================================================
2025-09-30 14:55:22,759 - INFO - Processing account: art.by.tania.n.s
2025-09-30 14:55:22,759 - INFO - ============================================================
2025-09-30 14:55:22,759 - INFO - Fetching user info for art.by.tania.n.s...
2025-09-30 14:55:24,816 - INFO - [None] [200] GET https://www.instagram.com/api/v1/users/web_profile_info/?username=art.by.tania.n.s
2025-09-30 14:55:24,816 - ERROR - extract_user_gql() got an unexpected keyword argument 'update_headers'
Traceback (most recent call last):
  File "/opt/miniconda3/lib/python3.11/site-packages/instagrapi/mixins/user.py", line 203, in user_info_by_username
    user = self.user_info_by_username_gql(username)
           ^^^^^^^^^^^^^^^^^^^^^^^^^^^^^^^^^^^^^^^^
  File "/opt/miniconda3/lib/python3.11/site-packages/instagrapi/mixins/user.py", line 155, in user_info_by_username_gql
    data = extract_user_gql(json.loads(self.public_request(f'https://www.instagram.com/api/v1/users/web_profile_info/?username={username}', headers=temporary_public_headers))['data']['user'], update_headers=update_headers)
           ^^^^^^^^^^^^^^^^^^^^^^^^^^^^^^^^^^^^^^^^^^^^^^^^^^^^^^^^^^^^^^^^^^^^^^^^^^^^^^^^^^^^^^^^^^^^^^^^^^^^^^^^^^^^^^^^^^^^^^^^^^^^^^^^^^^^^^^^^^^^^^^^^^^^^^^^^^^^^^^^^^^^^^^^^^^^^^^^^^^^^^^^^^^^^^^^^^^^^^^^^^^^^^^^^^^
TypeError: extract_user_gql() got an unexpected keyword argument 'update_headers'
2025-09-30 14:55:25,818 - INFO - https://i.instagram.com/api/v1/users/art.by.tania.n.s/usernameinfo/
2025-09-30 14:55:26,550 - INFO - fretin98 [200] GET https://i.instagram.com/api/v1/users/art.by.tania.n.s/usernameinfo/ (269.0.0.18.75, OnePlus 6T Dev)
2025-09-30 14:55:26,550 - INFO - Account stats: 1,153 followers, 788 following
2025-09-30 14:55:26,550 - INFO - Fetching following list for art.by.tania.n.s...
2025-09-30 14:55:27,555 - INFO - https://i.instagram.com/api/v1/friendships/1935605843/following/
2025-09-30 14:55:28,779 - INFO - fretin98 [200] GET https://i.instagram.com/api/v1/friendships/1935605843/following/?max_id=&count=200&rank_token=1073026362_8c412307-f48f-4faa-b842-2ac48014d8f2&search_surface=follow_list_page&query=&enable_groups=true (269.0.0.18.75, OnePlus 6T Dev)
2025-09-30 14:55:29,786 - INFO - https://i.instagram.com/api/v1/friendships/1935605843/following/
2025-09-30 14:55:31,280 - INFO - fretin98 [200] GET https://i.instagram.com/api/v1/friendships/1935605843/following/?max_id=QVFBUDhGcU9NRUZMbEpvcThBWUpRUnVBQXgxUldSNE81UjZpbHByNHZUNEh0X1k2SHgtQUNFWEpUQkRpdkFTaTd6MEczNzBrcjk0aTRyTWlBNHY0bzZKTw%3D%3D&count=200&rank_token=1073026362_8c412307-f48f-4faa-b842-2ac48014d8f2&search_surface=follow_list_page&query=&enable_groups=true (269.0.0.18.75, OnePlus 6T Dev)
2025-09-30 14:55:32,289 - INFO - https://i.instagram.com/api/v1/friendships/1935605843/following/
2025-09-30 14:55:33,577 - INFO - fretin98 [200] GET https://i.instagram.com/api/v1/friendships/1935605843/following/?max_id=QVFCbkRESDFnQ3I0SXdSVmJYZkxiSmtDT3lNVko4QTN2UEYwR1ZKeGtPclR0TGFFcE8yWVViU21ScGlGZVBhMzhjQkxLaGs4ZzZnazItRFJrNzlBRzk2Sg%3D%3D&count=200&rank_token=1073026362_8c412307-f48f-4faa-b842-2ac48014d8f2&search_surface=follow_list_page&query=&enable_groups=true (269.0.0.18.75, OnePlus 6T Dev)
2025-09-30 14:55:34,588 - INFO - https://i.instagram.com/api/v1/friendships/1935605843/following/
2025-09-30 14:55:36,944 - INFO - fretin98 [200] GET https://i.instagram.com/api/v1/friendships/1935605843/following/?max_id=QVFDWUZLc2dPcXQ2RnhqLUZINmV6bW5kTzlTUm8zT2t5NUJNS2ZfQUFFcTYyZEhiWTJScS1qRU84a3UtTElrR0NVdWl2czBmNVotTFBVaGVIMVNkdXRrMQ%3D%3D&count=200&rank_token=1073026362_8c412307-f48f-4faa-b842-2ac48014d8f2&search_surface=follow_list_page&query=&enable_groups=true (269.0.0.18.75, OnePlus 6T Dev)
2025-09-30 14:55:36,950 - INFO - ✅ Successfully retrieved 788 following accounts
2025-09-30 14:55:36,964 - INFO - Saved data to instagram_data/scraping_progress.json
2025-09-30 14:55:36,964 - INFO - Waiting 10 seconds before next account...
2025-09-30 14:55:46,969 - INFO - 
[4/25] Processing artdecosocietyny
2025-09-30 14:55:46,970 - INFO - 
============================================================
2025-09-30 14:55:46,970 - INFO - Processing account: artdecosocietyny
2025-09-30 14:55:46,970 - INFO - ============================================================
2025-09-30 14:55:46,970 - INFO - Fetching user info for artdecosocietyny...
2025-09-30 14:55:49,627 - INFO - [None] [200] GET https://www.instagram.com/api/v1/users/web_profile_info/?username=artdecosocietyny
2025-09-30 14:55:49,628 - ERROR - extract_user_gql() got an unexpected keyword argument 'update_headers'
Traceback (most recent call last):
  File "/opt/miniconda3/lib/python3.11/site-packages/instagrapi/mixins/user.py", line 203, in user_info_by_username
    user = self.user_info_by_username_gql(username)
           ^^^^^^^^^^^^^^^^^^^^^^^^^^^^^^^^^^^^^^^^
  File "/opt/miniconda3/lib/python3.11/site-packages/instagrapi/mixins/user.py", line 155, in user_info_by_username_gql
    data = extract_user_gql(json.loads(self.public_request(f'https://www.instagram.com/api/v1/users/web_profile_info/?username={username}', headers=temporary_public_headers))['data']['user'], update_headers=update_headers)
           ^^^^^^^^^^^^^^^^^^^^^^^^^^^^^^^^^^^^^^^^^^^^^^^^^^^^^^^^^^^^^^^^^^^^^^^^^^^^^^^^^^^^^^^^^^^^^^^^^^^^^^^^^^^^^^^^^^^^^^^^^^^^^^^^^^^^^^^^^^^^^^^^^^^^^^^^^^^^^^^^^^^^^^^^^^^^^^^^^^^^^^^^^^^^^^^^^^^^^^^^^^^^^^^^^^^
TypeError: extract_user_gql() got an unexpected keyword argument 'update_headers'
2025-09-30 14:55:50,634 - INFO - https://i.instagram.com/api/v1/users/artdecosocietyny/usernameinfo/
2025-09-30 14:55:51,257 - INFO - fretin98 [200] GET https://i.instagram.com/api/v1/users/artdecosocietyny/usernameinfo/ (269.0.0.18.75, OnePlus 6T Dev)
2025-09-30 14:55:51,257 - INFO - Account stats: 46,913 followers, 531 following
2025-09-30 14:55:51,258 - INFO - Fetching following list for artdecosocietyny...
2025-09-30 14:55:52,258 - INFO - https://i.instagram.com/api/v1/friendships/1924805605/following/
2025-09-30 14:55:53,621 - INFO - fretin98 [200] GET https://i.instagram.com/api/v1/friendships/1924805605/following/?max_id=&count=200&rank_token=1073026362_8c412307-f48f-4faa-b842-2ac48014d8f2&search_surface=follow_list_page&query=&enable_groups=true (269.0.0.18.75, OnePlus 6T Dev)
2025-09-30 14:55:54,627 - INFO - https://i.instagram.com/api/v1/friendships/1924805605/following/
2025-09-30 14:55:55,920 - INFO - fretin98 [200] GET https://i.instagram.com/api/v1/friendships/1924805605/following/?max_id=QVFETkVUenQwUHNLM3VMNm9GWW03NUZscGJsQUNSZk9BYVlXWmx4blBuaXl4bDBmU1dfRWhvV3hfQnVrRXRaZEdQeVA1UmZaR3J4RGh1dkR6LUFraFRqRg%3D%3D&count=200&rank_token=1073026362_8c412307-f48f-4faa-b842-2ac48014d8f2&search_surface=follow_list_page&query=&enable_groups=true (269.0.0.18.75, OnePlus 6T Dev)
2025-09-30 14:55:56,931 - INFO - https://i.instagram.com/api/v1/friendships/1924805605/following/
2025-09-30 14:55:58,104 - INFO - fretin98 [200] GET https://i.instagram.com/api/v1/friendships/1924805605/following/?max_id=QVFEYm8tdGdyUHB5Y3p4TlpjWFo0Ym9uTnZ1ZnlHbGdVdjR0MHRTRktQbHNDX09mMDFiU3poMlNaZXh3Sk1rd1ZQZkFXNExBOXZmWlBmeHVycUt2b0F0Sg%3D%3D&count=200&rank_token=1073026362_8c412307-f48f-4faa-b842-2ac48014d8f2&search_surface=follow_list_page&query=&enable_groups=true (269.0.0.18.75, OnePlus 6T Dev)
2025-09-30 14:55:58,106 - INFO - ✅ Successfully retrieved 531 following accounts
2025-09-30 14:55:58,118 - INFO - Saved data to instagram_data/scraping_progress.json
2025-09-30 14:55:58,118 - INFO - Waiting 10 seconds before next account...
2025-09-30 14:56:08,123 - INFO - 
[5/25] Processing artfromjapan
2025-09-30 14:56:08,123 - INFO - 
============================================================
2025-09-30 14:56:08,123 - INFO - Processing account: artfromjapan
2025-09-30 14:56:08,123 - INFO - ============================================================
2025-09-30 14:56:08,123 - INFO - Fetching user info for artfromjapan...
2025-09-30 14:56:10,242 - INFO - [None] [200] GET https://www.instagram.com/api/v1/users/web_profile_info/?username=artfromjapan
2025-09-30 14:56:10,244 - ERROR - extract_user_gql() got an unexpected keyword argument 'update_headers'
Traceback (most recent call last):
  File "/opt/miniconda3/lib/python3.11/site-packages/instagrapi/mixins/user.py", line 203, in user_info_by_username
    user = self.user_info_by_username_gql(username)
           ^^^^^^^^^^^^^^^^^^^^^^^^^^^^^^^^^^^^^^^^
  File "/opt/miniconda3/lib/python3.11/site-packages/instagrapi/mixins/user.py", line 155, in user_info_by_username_gql
    data = extract_user_gql(json.loads(self.public_request(f'https://www.instagram.com/api/v1/users/web_profile_info/?username={username}', headers=temporary_public_headers))['data']['user'], update_headers=update_headers)
           ^^^^^^^^^^^^^^^^^^^^^^^^^^^^^^^^^^^^^^^^^^^^^^^^^^^^^^^^^^^^^^^^^^^^^^^^^^^^^^^^^^^^^^^^^^^^^^^^^^^^^^^^^^^^^^^^^^^^^^^^^^^^^^^^^^^^^^^^^^^^^^^^^^^^^^^^^^^^^^^^^^^^^^^^^^^^^^^^^^^^^^^^^^^^^^^^^^^^^^^^^^^^^^^^^^^
TypeError: extract_user_gql() got an unexpected keyword argument 'update_headers'
2025-09-30 14:56:11,249 - INFO - https://i.instagram.com/api/v1/users/artfromjapan/usernameinfo/
2025-09-30 14:56:11,999 - INFO - fretin98 [200] GET https://i.instagram.com/api/v1/users/artfromjapan/usernameinfo/ (269.0.0.18.75, OnePlus 6T Dev)
2025-09-30 14:56:12,000 - INFO - Account stats: 497,389 followers, 733 following
2025-09-30 14:56:12,000 - INFO - Fetching following list for artfromjapan...
2025-09-30 14:56:13,005 - INFO - https://i.instagram.com/api/v1/friendships/6325275898/following/
2025-09-30 14:56:14,218 - INFO - fretin98 [200] GET https://i.instagram.com/api/v1/friendships/6325275898/following/?max_id=&count=200&rank_token=1073026362_8c412307-f48f-4faa-b842-2ac48014d8f2&search_surface=follow_list_page&query=&enable_groups=true (269.0.0.18.75, OnePlus 6T Dev)
2025-09-30 14:56:15,225 - INFO - https://i.instagram.com/api/v1/friendships/6325275898/following/
2025-09-30 14:56:16,287 - INFO - fretin98 [200] GET https://i.instagram.com/api/v1/friendships/6325275898/following/?max_id=QVFEM1lMS1Zkc2ZsVG5WbzBXVW80eGpwZ1NIVFJlNUdNcUFYMW1jWG1tMkpjdDAzTTlHUEduQlFfRGNaUHdlcGxwdEdJcEk2bXFyY2dRSkk4VjlQeHlYZA%3D%3D&count=200&rank_token=1073026362_8c412307-f48f-4faa-b842-2ac48014d8f2&search_surface=follow_list_page&query=&enable_groups=true (269.0.0.18.75, OnePlus 6T Dev)
2025-09-30 14:56:17,295 - INFO - https://i.instagram.com/api/v1/friendships/6325275898/following/
2025-09-30 14:56:18,465 - INFO - fretin98 [200] GET https://i.instagram.com/api/v1/friendships/6325275898/following/?max_id=QVFEdlh4SjdxSDNLN09DdUJraTRJSkJWMlBaa2lJV2k4dmtLcTNfOUZIWF9NYjBlS2pZT29GSzRWUHcwaDR0ZWc0Z3R1RFZ1Y2ZnTGdNUE5lN0h4Sm1LdQ%3D%3D&count=200&rank_token=1073026362_8c412307-f48f-4faa-b842-2ac48014d8f2&search_surface=follow_list_page&query=&enable_groups=true (269.0.0.18.75, OnePlus 6T Dev)
2025-09-30 14:56:19,470 - INFO - https://i.instagram.com/api/v1/friendships/6325275898/following/
2025-09-30 14:56:20,696 - INFO - fretin98 [200] GET https://i.instagram.com/api/v1/friendships/6325275898/following/?max_id=QVFEdkl5MWk4Mm5xY1ZVSkJLYnhXc203M2JhMEhLdnJrNkhYR01nYi1rWVY5Ykh0QnpOZXNBeC1WSzBCMWRFdzExVmtIWk5qY2ZwX2VnYy1xbzY4YTZ0aA%3D%3D&count=200&rank_token=1073026362_8c412307-f48f-4faa-b842-2ac48014d8f2&search_surface=follow_list_page&query=&enable_groups=true (269.0.0.18.75, OnePlus 6T Dev)
2025-09-30 14:56:20,700 - INFO - ✅ Successfully retrieved 733 following accounts
2025-09-30 14:56:20,715 - INFO - Saved data to instagram_data/scraping_progress.json
2025-09-30 14:56:20,715 - INFO - Waiting 10 seconds before next account...
2025-09-30 14:56:30,720 - INFO - 
[6/25] Processing arthur.jiangjiangjiang
2025-09-30 14:56:30,721 - INFO - 
============================================================
2025-09-30 14:56:30,721 - INFO - Processing account: arthur.jiangjiangjiang
2025-09-30 14:56:30,721 - INFO - ============================================================
2025-09-30 14:56:30,721 - INFO - Fetching user info for arthur.jiangjiangjiang...
2025-09-30 14:56:32,994 - INFO - [None] [200] GET https://www.instagram.com/api/v1/users/web_profile_info/?username=arthur.jiangjiangjiang
2025-09-30 14:56:32,995 - ERROR - extract_user_gql() got an unexpected keyword argument 'update_headers'
Traceback (most recent call last):
  File "/opt/miniconda3/lib/python3.11/site-packages/instagrapi/mixins/user.py", line 203, in user_info_by_username
    user = self.user_info_by_username_gql(username)
           ^^^^^^^^^^^^^^^^^^^^^^^^^^^^^^^^^^^^^^^^
  File "/opt/miniconda3/lib/python3.11/site-packages/instagrapi/mixins/user.py", line 155, in user_info_by_username_gql
    data = extract_user_gql(json.loads(self.public_request(f'https://www.instagram.com/api/v1/users/web_profile_info/?username={username}', headers=temporary_public_headers))['data']['user'], update_headers=update_headers)
           ^^^^^^^^^^^^^^^^^^^^^^^^^^^^^^^^^^^^^^^^^^^^^^^^^^^^^^^^^^^^^^^^^^^^^^^^^^^^^^^^^^^^^^^^^^^^^^^^^^^^^^^^^^^^^^^^^^^^^^^^^^^^^^^^^^^^^^^^^^^^^^^^^^^^^^^^^^^^^^^^^^^^^^^^^^^^^^^^^^^^^^^^^^^^^^^^^^^^^^^^^^^^^^^^^^^
TypeError: extract_user_gql() got an unexpected keyword argument 'update_headers'
2025-09-30 14:56:34,000 - INFO - https://i.instagram.com/api/v1/users/arthur.jiangjiangjiang/usernameinfo/
2025-09-30 14:56:34,546 - INFO - fretin98 [200] GET https://i.instagram.com/api/v1/users/arthur.jiangjiangjiang/usernameinfo/ (269.0.0.18.75, OnePlus 6T Dev)
2025-09-30 14:56:34,547 - INFO - Account stats: 329 followers, 695 following
2025-09-30 14:56:34,547 - INFO - Fetching following list for arthur.jiangjiangjiang...
2025-09-30 14:56:35,552 - INFO - https://i.instagram.com/api/v1/friendships/8534319337/following/
2025-09-30 14:56:37,155 - INFO - fretin98 [200] GET https://i.instagram.com/api/v1/friendships/8534319337/following/?max_id=&count=200&rank_token=1073026362_8c412307-f48f-4faa-b842-2ac48014d8f2&search_surface=follow_list_page&query=&enable_groups=true (269.0.0.18.75, OnePlus 6T Dev)
2025-09-30 14:56:38,162 - INFO - https://i.instagram.com/api/v1/friendships/8534319337/following/
2025-09-30 14:56:39,342 - INFO - fretin98 [200] GET https://i.instagram.com/api/v1/friendships/8534319337/following/?max_id=QVFDY2tXRGFHSnZNYVZZMF92MjUtX1haNnltY20yd0dVbXVTVk5SMWNVX0h6SWw1V21pLWF2WUFGWVVNX05rSUFOU3RVNlk4R0oxbkxEZHhsa3ByRkxIQg%3D%3D&count=200&rank_token=1073026362_8c412307-f48f-4faa-b842-2ac48014d8f2&search_surface=follow_list_page&query=&enable_groups=true (269.0.0.18.75, OnePlus 6T Dev)
2025-09-30 14:56:40,354 - INFO - https://i.instagram.com/api/v1/friendships/8534319337/following/
2025-09-30 14:56:41,683 - INFO - fretin98 [200] GET https://i.instagram.com/api/v1/friendships/8534319337/following/?max_id=QVFCZUEySkhnUU9feFJiWmJ0Z2g2ZlFGdXVyODNTRXBmVmswZWYxSFFyQTNUakxOekNOOFVMNmVrNlMyejFUZGNOYWhydDc0clBLQ2pXbVcxNlVlSTlYWQ%3D%3D&count=200&rank_token=1073026362_8c412307-f48f-4faa-b842-2ac48014d8f2&search_surface=follow_list_page&query=&enable_groups=true (269.0.0.18.75, OnePlus 6T Dev)
2025-09-30 14:56:42,694 - INFO - https://i.instagram.com/api/v1/friendships/8534319337/following/
2025-09-30 14:56:43,639 - INFO - fretin98 [200] GET https://i.instagram.com/api/v1/friendships/8534319337/following/?max_id=QVFEdnBtbUpERWxGT3YwNTFlU2pHeGxHOUJiRWlWVmR3ckxPTHM5XzFCLURpb1J5dGlZZFNpN1RYMm5VcC1ielZhU242NExhRllwX1dxWE1UcldDMTJ5Rg%3D%3D&count=200&rank_token=1073026362_8c412307-f48f-4faa-b842-2ac48014d8f2&search_surface=follow_list_page&query=&enable_groups=true (269.0.0.18.75, OnePlus 6T Dev)
2025-09-30 14:56:43,643 - INFO - ✅ Successfully retrieved 695 following accounts
2025-09-30 14:56:43,658 - INFO - Saved data to instagram_data/scraping_progress.json
2025-09-30 14:56:43,658 - INFO - Waiting 10 seconds before next account...
2025-09-30 14:56:53,663 - INFO - 
[7/25] Processing arthurdepins
2025-09-30 14:56:53,665 - INFO - 
============================================================
2025-09-30 14:56:53,665 - INFO - Processing account: arthurdepins
2025-09-30 14:56:53,665 - INFO - ============================================================
2025-09-30 14:56:53,665 - INFO - Fetching user info for arthurdepins...
2025-09-30 14:56:55,485 - INFO - [None] [200] GET https://www.instagram.com/api/v1/users/web_profile_info/?username=arthurdepins
2025-09-30 14:56:55,489 - ERROR - extract_user_gql() got an unexpected keyword argument 'update_headers'
Traceback (most recent call last):
  File "/opt/miniconda3/lib/python3.11/site-packages/instagrapi/mixins/user.py", line 203, in user_info_by_username
    user = self.user_info_by_username_gql(username)
           ^^^^^^^^^^^^^^^^^^^^^^^^^^^^^^^^^^^^^^^^
  File "/opt/miniconda3/lib/python3.11/site-packages/instagrapi/mixins/user.py", line 155, in user_info_by_username_gql
    data = extract_user_gql(json.loads(self.public_request(f'https://www.instagram.com/api/v1/users/web_profile_info/?username={username}', headers=temporary_public_headers))['data']['user'], update_headers=update_headers)
           ^^^^^^^^^^^^^^^^^^^^^^^^^^^^^^^^^^^^^^^^^^^^^^^^^^^^^^^^^^^^^^^^^^^^^^^^^^^^^^^^^^^^^^^^^^^^^^^^^^^^^^^^^^^^^^^^^^^^^^^^^^^^^^^^^^^^^^^^^^^^^^^^^^^^^^^^^^^^^^^^^^^^^^^^^^^^^^^^^^^^^^^^^^^^^^^^^^^^^^^^^^^^^^^^^^^
TypeError: extract_user_gql() got an unexpected keyword argument 'update_headers'
2025-09-30 14:56:56,492 - INFO - https://i.instagram.com/api/v1/users/arthurdepins/usernameinfo/
2025-09-30 14:56:57,020 - INFO - fretin98 [200] GET https://i.instagram.com/api/v1/users/arthurdepins/usernameinfo/ (269.0.0.18.75, OnePlus 6T Dev)
2025-09-30 14:56:57,021 - INFO - Account stats: 64,295 followers, 1,135 following
2025-09-30 14:56:57,021 - INFO - Fetching following list for arthurdepins...
2025-09-30 14:56:58,024 - INFO - https://i.instagram.com/api/v1/friendships/3679063568/following/
2025-09-30 14:56:59,491 - INFO - fretin98 [200] GET https://i.instagram.com/api/v1/friendships/3679063568/following/?max_id=&count=200&rank_token=1073026362_8c412307-f48f-4faa-b842-2ac48014d8f2&search_surface=follow_list_page&query=&enable_groups=true (269.0.0.18.75, OnePlus 6T Dev)
2025-09-30 14:57:00,498 - INFO - https://i.instagram.com/api/v1/friendships/3679063568/following/
2025-09-30 14:57:01,600 - INFO - fretin98 [200] GET https://i.instagram.com/api/v1/friendships/3679063568/following/?max_id=QVFDeExZd3Q3Smc5enJPTlpRZ0RWQmxjY1N4Z1NrQUFMdFhOUjYwQVFpMlBGcUhVZFpMWFAzcGQ1Q1hoUmYtNGlBa19ycWVDbFRjSGlnYkI4R25Eak1UeA%3D%3D&count=200&rank_token=1073026362_8c412307-f48f-4faa-b842-2ac48014d8f2&search_surface=follow_list_page&query=&enable_groups=true (269.0.0.18.75, OnePlus 6T Dev)
2025-09-30 14:57:02,609 - INFO - https://i.instagram.com/api/v1/friendships/3679063568/following/
2025-09-30 14:57:02,857 - INFO - fretin98 [401] GET https://i.instagram.com/api/v1/friendships/3679063568/following/?max_id=QVFEeTlFaUp2bUdreFl0c3hGZ25XMDZEczdOckV1TzNyV1ZwWmNCRWhPc19ITGxjeEtua0xnYnNRcmU4OWdJUjRZTmp2Y2RmOExzWUdoRXllNng5TjRpeA%3D%3D&count=200&rank_token=1073026362_8c412307-f48f-4faa-b842-2ac48014d8f2&search_surface=follow_list_page&query=&enable_groups=true (269.0.0.18.75, OnePlus 6T Dev)
2025-09-30 14:57:02,857 - WARNING - Rate limit hit for arthurdepins: Please wait a few minutes before you try again.
2025-09-30 14:57:02,875 - INFO - Saved data to instagram_data/scraping_progress.json
2025-09-30 14:57:02,875 - INFO - Waiting 10 seconds before next account...
2025-09-30 14:57:12,880 - INFO - 
[8/25] Processing artimenidze
2025-09-30 14:57:12,881 - INFO - 
============================================================
2025-09-30 14:57:12,881 - INFO - Processing account: artimenidze
2025-09-30 14:57:12,882 - INFO - ============================================================
2025-09-30 14:57:12,882 - INFO - Fetching user info for artimenidze...
2025-09-30 14:57:14,029 - INFO - [None] [200] GET https://www.instagram.com/api/v1/users/web_profile_info/?username=artimenidze
2025-09-30 14:57:14,030 - ERROR - 'data'
Traceback (most recent call last):
  File "/opt/miniconda3/lib/python3.11/site-packages/instagrapi/mixins/user.py", line 203, in user_info_by_username
    user = self.user_info_by_username_gql(username)
           ^^^^^^^^^^^^^^^^^^^^^^^^^^^^^^^^^^^^^^^^
  File "/opt/miniconda3/lib/python3.11/site-packages/instagrapi/mixins/user.py", line 155, in user_info_by_username_gql
    data = extract_user_gql(json.loads(self.public_request(f'https://www.instagram.com/api/v1/users/web_profile_info/?username={username}', headers=temporary_public_headers))['data']['user'], update_headers=update_headers)
                            ~~~~~~~~~~~~~~~~~~~~~~~~~~~~~~~~~~~~~~~~~~~~~~~~~~~~~~~~~~~~~~~~~~~~~~~~~~~~~~~~~~~~~~~~~~~~~~~~~~~~~~~~~~~~~~~~~~~~~~~~~~~~~~~~~~~~~~~~~~~~~~~~~~^^^^^^^^
KeyError: 'data'
2025-09-30 14:57:15,035 - INFO - https://i.instagram.com/api/v1/users/artimenidze/usernameinfo/
2025-09-30 14:57:15,329 - INFO - fretin98 [403] GET https://i.instagram.com/api/v1/users/artimenidze/usernameinfo/ (269.0.0.18.75, OnePlus 6T Dev)
2025-09-30 14:57:15,329 - ERROR - Unexpected error processing artimenidze: login_required
2025-09-30 14:57:15,333 - INFO - Waiting 10 seconds before next account...
2025-09-30 14:57:25,336 - INFO - 
[9/25] Processing artman_moga
2025-09-30 14:57:25,336 - INFO - 
============================================================
2025-09-30 14:57:25,336 - INFO - Processing account: artman_moga
2025-09-30 14:57:25,337 - INFO - ============================================================
2025-09-30 14:57:25,337 - INFO - Fetching user info for artman_moga...
2025-09-30 14:57:26,951 - INFO - [None] [200] GET https://www.instagram.com/api/v1/users/web_profile_info/?username=artman_moga
2025-09-30 14:57:26,953 - ERROR - extract_user_gql() got an unexpected keyword argument 'update_headers'
Traceback (most recent call last):
  File "/opt/miniconda3/lib/python3.11/site-packages/instagrapi/mixins/user.py", line 203, in user_info_by_username
    user = self.user_info_by_username_gql(username)
           ^^^^^^^^^^^^^^^^^^^^^^^^^^^^^^^^^^^^^^^^
  File "/opt/miniconda3/lib/python3.11/site-packages/instagrapi/mixins/user.py", line 155, in user_info_by_username_gql
    data = extract_user_gql(json.loads(self.public_request(f'https://www.instagram.com/api/v1/users/web_profile_info/?username={username}', headers=temporary_public_headers))['data']['user'], update_headers=update_headers)
           ^^^^^^^^^^^^^^^^^^^^^^^^^^^^^^^^^^^^^^^^^^^^^^^^^^^^^^^^^^^^^^^^^^^^^^^^^^^^^^^^^^^^^^^^^^^^^^^^^^^^^^^^^^^^^^^^^^^^^^^^^^^^^^^^^^^^^^^^^^^^^^^^^^^^^^^^^^^^^^^^^^^^^^^^^^^^^^^^^^^^^^^^^^^^^^^^^^^^^^^^^^^^^^^^^^^
TypeError: extract_user_gql() got an unexpected keyword argument 'update_headers'
2025-09-30 14:57:27,960 - INFO - https://i.instagram.com/api/v1/users/artman_moga/usernameinfo/
2025-09-30 14:57:28,139 - INFO - fretin98 [403] GET https://i.instagram.com/api/v1/users/artman_moga/usernameinfo/ (269.0.0.18.75, OnePlus 6T Dev)
2025-09-30 14:57:28,140 - ERROR - Unexpected error processing artman_moga: login_required
2025-09-30 14:57:28,140 - INFO - Waiting 10 seconds before next account...
2025-09-30 14:57:38,143 - INFO - 
[10/25] Processing aruto.or.alto
2025-09-30 14:57:38,143 - INFO - 
============================================================
2025-09-30 14:57:38,143 - INFO - Processing account: aruto.or.alto
2025-09-30 14:57:38,143 - INFO - ============================================================
2025-09-30 14:57:38,143 - INFO - Fetching user info for aruto.or.alto...
2025-09-30 14:57:39,505 - INFO - [None] [200] GET https://www.instagram.com/api/v1/users/web_profile_info/?username=aruto.or.alto
2025-09-30 14:57:39,505 - ERROR - extract_user_gql() got an unexpected keyword argument 'update_headers'
Traceback (most recent call last):
  File "/opt/miniconda3/lib/python3.11/site-packages/instagrapi/mixins/user.py", line 203, in user_info_by_username
    user = self.user_info_by_username_gql(username)
           ^^^^^^^^^^^^^^^^^^^^^^^^^^^^^^^^^^^^^^^^
  File "/opt/miniconda3/lib/python3.11/site-packages/instagrapi/mixins/user.py", line 155, in user_info_by_username_gql
    data = extract_user_gql(json.loads(self.public_request(f'https://www.instagram.com/api/v1/users/web_profile_info/?username={username}', headers=temporary_public_headers))['data']['user'], update_headers=update_headers)
           ^^^^^^^^^^^^^^^^^^^^^^^^^^^^^^^^^^^^^^^^^^^^^^^^^^^^^^^^^^^^^^^^^^^^^^^^^^^^^^^^^^^^^^^^^^^^^^^^^^^^^^^^^^^^^^^^^^^^^^^^^^^^^^^^^^^^^^^^^^^^^^^^^^^^^^^^^^^^^^^^^^^^^^^^^^^^^^^^^^^^^^^^^^^^^^^^^^^^^^^^^^^^^^^^^^^
TypeError: extract_user_gql() got an unexpected keyword argument 'update_headers'
2025-09-30 14:57:40,510 - INFO - https://i.instagram.com/api/v1/users/aruto.or.alto/usernameinfo/
2025-09-30 14:57:40,726 - INFO - fretin98 [403] GET https://i.instagram.com/api/v1/users/aruto.or.alto/usernameinfo/ (269.0.0.18.75, OnePlus 6T Dev)
2025-09-30 14:57:40,726 - ERROR - Unexpected error processing aruto.or.alto: login_required
2025-09-30 14:57:40,726 - INFO - Waiting 10 seconds before next account...
2025-09-30 14:57:50,738 - INFO - 
[11/25] Processing arvin_cc
2025-09-30 14:57:50,739 - INFO - 
============================================================
2025-09-30 14:57:50,739 - INFO - Processing account: arvin_cc
2025-09-30 14:57:50,739 - INFO - ============================================================
2025-09-30 14:57:50,739 - INFO - Fetching user info for arvin_cc...
2025-09-30 14:57:52,113 - INFO - [None] [200] GET https://www.instagram.com/api/v1/users/web_profile_info/?username=arvin_cc
2025-09-30 14:57:52,113 - ERROR - extract_user_gql() got an unexpected keyword argument 'update_headers'
Traceback (most recent call last):
  File "/opt/miniconda3/lib/python3.11/site-packages/instagrapi/mixins/user.py", line 203, in user_info_by_username
    user = self.user_info_by_username_gql(username)
           ^^^^^^^^^^^^^^^^^^^^^^^^^^^^^^^^^^^^^^^^
  File "/opt/miniconda3/lib/python3.11/site-packages/instagrapi/mixins/user.py", line 155, in user_info_by_username_gql
    data = extract_user_gql(json.loads(self.public_request(f'https://www.instagram.com/api/v1/users/web_profile_info/?username={username}', headers=temporary_public_headers))['data']['user'], update_headers=update_headers)
           ^^^^^^^^^^^^^^^^^^^^^^^^^^^^^^^^^^^^^^^^^^^^^^^^^^^^^^^^^^^^^^^^^^^^^^^^^^^^^^^^^^^^^^^^^^^^^^^^^^^^^^^^^^^^^^^^^^^^^^^^^^^^^^^^^^^^^^^^^^^^^^^^^^^^^^^^^^^^^^^^^^^^^^^^^^^^^^^^^^^^^^^^^^^^^^^^^^^^^^^^^^^^^^^^^^^
TypeError: extract_user_gql() got an unexpected keyword argument 'update_headers'
2025-09-30 14:57:53,114 - INFO - https://i.instagram.com/api/v1/users/arvin_cc/usernameinfo/
2025-09-30 14:57:53,252 - INFO - fretin98 [403] GET https://i.instagram.com/api/v1/users/arvin_cc/usernameinfo/ (269.0.0.18.75, OnePlus 6T Dev)
2025-09-30 14:57:53,252 - ERROR - Unexpected error processing arvin_cc: login_required
2025-09-30 14:57:53,253 - INFO - Waiting 10 seconds before next account...
2025-09-30 14:58:03,256 - INFO - 
[12/25] Processing ashashwuxy
2025-09-30 14:58:03,257 - INFO - 
============================================================
2025-09-30 14:58:03,257 - INFO - Processing account: ashashwuxy
2025-09-30 14:58:03,257 - INFO - ============================================================
2025-09-30 14:58:03,257 - INFO - Fetching user info for ashashwuxy...
2025-09-30 14:58:05,128 - INFO - [None] [200] GET https://www.instagram.com/api/v1/users/web_profile_info/?username=ashashwuxy
2025-09-30 14:58:05,129 - ERROR - extract_user_gql() got an unexpected keyword argument 'update_headers'
Traceback (most recent call last):
  File "/opt/miniconda3/lib/python3.11/site-packages/instagrapi/mixins/user.py", line 203, in user_info_by_username
    user = self.user_info_by_username_gql(username)
           ^^^^^^^^^^^^^^^^^^^^^^^^^^^^^^^^^^^^^^^^
  File "/opt/miniconda3/lib/python3.11/site-packages/instagrapi/mixins/user.py", line 155, in user_info_by_username_gql
    data = extract_user_gql(json.loads(self.public_request(f'https://www.instagram.com/api/v1/users/web_profile_info/?username={username}', headers=temporary_public_headers))['data']['user'], update_headers=update_headers)
           ^^^^^^^^^^^^^^^^^^^^^^^^^^^^^^^^^^^^^^^^^^^^^^^^^^^^^^^^^^^^^^^^^^^^^^^^^^^^^^^^^^^^^^^^^^^^^^^^^^^^^^^^^^^^^^^^^^^^^^^^^^^^^^^^^^^^^^^^^^^^^^^^^^^^^^^^^^^^^^^^^^^^^^^^^^^^^^^^^^^^^^^^^^^^^^^^^^^^^^^^^^^^^^^^^^^
TypeError: extract_user_gql() got an unexpected keyword argument 'update_headers'
2025-09-30 14:58:06,134 - INFO - https://i.instagram.com/api/v1/users/ashashwuxy/usernameinfo/
2025-09-30 14:58:06,307 - INFO - fretin98 [403] GET https://i.instagram.com/api/v1/users/ashashwuxy/usernameinfo/ (269.0.0.18.75, OnePlus 6T Dev)
2025-09-30 14:58:06,307 - ERROR - Unexpected error processing ashashwuxy: login_required
2025-09-30 14:58:06,308 - INFO - Waiting 10 seconds before next account...
2025-09-30 14:58:16,309 - INFO - 
[13/25] Processing ashley_duerya
2025-09-30 14:58:16,310 - INFO - 
============================================================
2025-09-30 14:58:16,310 - INFO - Processing account: ashley_duerya
2025-09-30 14:58:16,310 - INFO - ============================================================
2025-09-30 14:58:16,310 - INFO - Fetching user info for ashley_duerya...
2025-09-30 14:58:17,596 - INFO - [None] [200] GET https://www.instagram.com/api/v1/users/web_profile_info/?username=ashley_duerya
2025-09-30 14:58:17,596 - ERROR - extract_user_gql() got an unexpected keyword argument 'update_headers'
Traceback (most recent call last):
  File "/opt/miniconda3/lib/python3.11/site-packages/instagrapi/mixins/user.py", line 203, in user_info_by_username
    user = self.user_info_by_username_gql(username)
           ^^^^^^^^^^^^^^^^^^^^^^^^^^^^^^^^^^^^^^^^
  File "/opt/miniconda3/lib/python3.11/site-packages/instagrapi/mixins/user.py", line 155, in user_info_by_username_gql
    data = extract_user_gql(json.loads(self.public_request(f'https://www.instagram.com/api/v1/users/web_profile_info/?username={username}', headers=temporary_public_headers))['data']['user'], update_headers=update_headers)
           ^^^^^^^^^^^^^^^^^^^^^^^^^^^^^^^^^^^^^^^^^^^^^^^^^^^^^^^^^^^^^^^^^^^^^^^^^^^^^^^^^^^^^^^^^^^^^^^^^^^^^^^^^^^^^^^^^^^^^^^^^^^^^^^^^^^^^^^^^^^^^^^^^^^^^^^^^^^^^^^^^^^^^^^^^^^^^^^^^^^^^^^^^^^^^^^^^^^^^^^^^^^^^^^^^^^
TypeError: extract_user_gql() got an unexpected keyword argument 'update_headers'
2025-09-30 14:58:18,603 - INFO - https://i.instagram.com/api/v1/users/ashley_duerya/usernameinfo/
2025-09-30 14:58:18,747 - INFO - fretin98 [403] GET https://i.instagram.com/api/v1/users/ashley_duerya/usernameinfo/ (269.0.0.18.75, OnePlus 6T Dev)
2025-09-30 14:58:18,747 - ERROR - Unexpected error processing ashley_duerya: login_required
2025-09-30 14:58:18,748 - INFO - Waiting 10 seconds before next account...
2025-09-30 14:58:28,753 - INFO - 
[14/25] Processing astridsapig
2025-09-30 14:58:28,753 - INFO - 
============================================================
2025-09-30 14:58:28,753 - INFO - Processing account: astridsapig
2025-09-30 14:58:28,753 - INFO - ============================================================
2025-09-30 14:58:28,753 - INFO - Fetching user info for astridsapig...
2025-09-30 14:58:30,048 - INFO - [None] [200] GET https://www.instagram.com/api/v1/users/web_profile_info/?username=astridsapig
2025-09-30 14:58:30,049 - ERROR - extract_user_gql() got an unexpected keyword argument 'update_headers'
Traceback (most recent call last):
  File "/opt/miniconda3/lib/python3.11/site-packages/instagrapi/mixins/user.py", line 203, in user_info_by_username
    user = self.user_info_by_username_gql(username)
           ^^^^^^^^^^^^^^^^^^^^^^^^^^^^^^^^^^^^^^^^
  File "/opt/miniconda3/lib/python3.11/site-packages/instagrapi/mixins/user.py", line 155, in user_info_by_username_gql
    data = extract_user_gql(json.loads(self.public_request(f'https://www.instagram.com/api/v1/users/web_profile_info/?username={username}', headers=temporary_public_headers))['data']['user'], update_headers=update_headers)
           ^^^^^^^^^^^^^^^^^^^^^^^^^^^^^^^^^^^^^^^^^^^^^^^^^^^^^^^^^^^^^^^^^^^^^^^^^^^^^^^^^^^^^^^^^^^^^^^^^^^^^^^^^^^^^^^^^^^^^^^^^^^^^^^^^^^^^^^^^^^^^^^^^^^^^^^^^^^^^^^^^^^^^^^^^^^^^^^^^^^^^^^^^^^^^^^^^^^^^^^^^^^^^^^^^^^
TypeError: extract_user_gql() got an unexpected keyword argument 'update_headers'
2025-09-30 14:58:31,050 - INFO - https://i.instagram.com/api/v1/users/astridsapig/usernameinfo/
2025-09-30 14:58:31,190 - INFO - fretin98 [403] GET https://i.instagram.com/api/v1/users/astridsapig/usernameinfo/ (269.0.0.18.75, OnePlus 6T Dev)
2025-09-30 14:58:31,190 - ERROR - Unexpected error processing astridsapig: login_required
2025-09-30 14:58:31,191 - INFO - Waiting 10 seconds before next account...
2025-09-30 14:58:41,196 - INFO - 
[15/25] Processing astridtonkin
2025-09-30 14:58:41,196 - INFO - 
============================================================
2025-09-30 14:58:41,196 - INFO - Processing account: astridtonkin
2025-09-30 14:58:41,196 - INFO - ============================================================
2025-09-30 14:58:41,196 - INFO - Fetching user info for astridtonkin...
2025-09-30 14:58:42,901 - INFO - [None] [200] GET https://www.instagram.com/api/v1/users/web_profile_info/?username=astridtonkin
2025-09-30 14:58:42,902 - ERROR - extract_user_gql() got an unexpected keyword argument 'update_headers'
Traceback (most recent call last):
  File "/opt/miniconda3/lib/python3.11/site-packages/instagrapi/mixins/user.py", line 203, in user_info_by_username
    user = self.user_info_by_username_gql(username)
           ^^^^^^^^^^^^^^^^^^^^^^^^^^^^^^^^^^^^^^^^
  File "/opt/miniconda3/lib/python3.11/site-packages/instagrapi/mixins/user.py", line 155, in user_info_by_username_gql
    data = extract_user_gql(json.loads(self.public_request(f'https://www.instagram.com/api/v1/users/web_profile_info/?username={username}', headers=temporary_public_headers))['data']['user'], update_headers=update_headers)
           ^^^^^^^^^^^^^^^^^^^^^^^^^^^^^^^^^^^^^^^^^^^^^^^^^^^^^^^^^^^^^^^^^^^^^^^^^^^^^^^^^^^^^^^^^^^^^^^^^^^^^^^^^^^^^^^^^^^^^^^^^^^^^^^^^^^^^^^^^^^^^^^^^^^^^^^^^^^^^^^^^^^^^^^^^^^^^^^^^^^^^^^^^^^^^^^^^^^^^^^^^^^^^^^^^^^
TypeError: extract_user_gql() got an unexpected keyword argument 'update_headers'
2025-09-30 14:58:43,908 - INFO - https://i.instagram.com/api/v1/users/astridtonkin/usernameinfo/
2025-09-30 14:58:44,070 - INFO - fretin98 [403] GET https://i.instagram.com/api/v1/users/astridtonkin/usernameinfo/ (269.0.0.18.75, OnePlus 6T Dev)
2025-09-30 14:58:44,071 - ERROR - Unexpected error processing astridtonkin: login_required
2025-09-30 14:58:44,072 - INFO - Waiting 10 seconds before next account...
2025-09-30 14:58:54,077 - INFO - 
[16/25] Processing asue98
2025-09-30 14:58:54,078 - INFO - 
============================================================
2025-09-30 14:58:54,078 - INFO - Processing account: asue98
2025-09-30 14:58:54,078 - INFO - ============================================================
2025-09-30 14:58:54,078 - INFO - Fetching user info for asue98...
2025-09-30 14:58:55,866 - INFO - [None] [200] GET https://www.instagram.com/api/v1/users/web_profile_info/?username=asue98
2025-09-30 14:58:55,867 - ERROR - extract_user_gql() got an unexpected keyword argument 'update_headers'
Traceback (most recent call last):
  File "/opt/miniconda3/lib/python3.11/site-packages/instagrapi/mixins/user.py", line 203, in user_info_by_username
    user = self.user_info_by_username_gql(username)
           ^^^^^^^^^^^^^^^^^^^^^^^^^^^^^^^^^^^^^^^^
  File "/opt/miniconda3/lib/python3.11/site-packages/instagrapi/mixins/user.py", line 155, in user_info_by_username_gql
    data = extract_user_gql(json.loads(self.public_request(f'https://www.instagram.com/api/v1/users/web_profile_info/?username={username}', headers=temporary_public_headers))['data']['user'], update_headers=update_headers)
           ^^^^^^^^^^^^^^^^^^^^^^^^^^^^^^^^^^^^^^^^^^^^^^^^^^^^^^^^^^^^^^^^^^^^^^^^^^^^^^^^^^^^^^^^^^^^^^^^^^^^^^^^^^^^^^^^^^^^^^^^^^^^^^^^^^^^^^^^^^^^^^^^^^^^^^^^^^^^^^^^^^^^^^^^^^^^^^^^^^^^^^^^^^^^^^^^^^^^^^^^^^^^^^^^^^^
TypeError: extract_user_gql() got an unexpected keyword argument 'update_headers'
2025-09-30 14:58:56,872 - INFO - https://i.instagram.com/api/v1/users/asue98/usernameinfo/
2025-09-30 14:58:58,448 - INFO - fretin98 [403] GET https://i.instagram.com/api/v1/users/asue98/usernameinfo/ (269.0.0.18.75, OnePlus 6T Dev)
2025-09-30 14:58:58,448 - ERROR - Unexpected error processing asue98: login_required
2025-09-30 14:58:58,449 - INFO - Waiting 10 seconds before next account...
2025-09-30 14:59:08,453 - INFO - 
[17/25] Processing atri_r__ray
2025-09-30 14:59:08,453 - INFO - 
============================================================
2025-09-30 14:59:08,453 - INFO - Processing account: atri_r__ray
2025-09-30 14:59:08,453 - INFO - ============================================================
2025-09-30 14:59:08,453 - INFO - Fetching user info for atri_r__ray...
2025-09-30 14:59:10,346 - INFO - [None] [200] GET https://www.instagram.com/api/v1/users/web_profile_info/?username=atri_r__ray
2025-09-30 14:59:10,346 - ERROR - extract_user_gql() got an unexpected keyword argument 'update_headers'
Traceback (most recent call last):
  File "/opt/miniconda3/lib/python3.11/site-packages/instagrapi/mixins/user.py", line 203, in user_info_by_username
    user = self.user_info_by_username_gql(username)
           ^^^^^^^^^^^^^^^^^^^^^^^^^^^^^^^^^^^^^^^^
  File "/opt/miniconda3/lib/python3.11/site-packages/instagrapi/mixins/user.py", line 155, in user_info_by_username_gql
    data = extract_user_gql(json.loads(self.public_request(f'https://www.instagram.com/api/v1/users/web_profile_info/?username={username}', headers=temporary_public_headers))['data']['user'], update_headers=update_headers)
           ^^^^^^^^^^^^^^^^^^^^^^^^^^^^^^^^^^^^^^^^^^^^^^^^^^^^^^^^^^^^^^^^^^^^^^^^^^^^^^^^^^^^^^^^^^^^^^^^^^^^^^^^^^^^^^^^^^^^^^^^^^^^^^^^^^^^^^^^^^^^^^^^^^^^^^^^^^^^^^^^^^^^^^^^^^^^^^^^^^^^^^^^^^^^^^^^^^^^^^^^^^^^^^^^^^^
TypeError: extract_user_gql() got an unexpected keyword argument 'update_headers'
2025-09-30 14:59:11,352 - INFO - https://i.instagram.com/api/v1/users/atri_r__ray/usernameinfo/
2025-09-30 14:59:11,566 - INFO - fretin98 [403] GET https://i.instagram.com/api/v1/users/atri_r__ray/usernameinfo/ (269.0.0.18.75, OnePlus 6T Dev)
2025-09-30 14:59:11,566 - ERROR - Unexpected error processing atri_r__ray: login_required
2025-09-30 14:59:11,567 - INFO - Waiting 10 seconds before next account...
2025-09-30 14:59:21,572 - INFO - 
[18/25] Processing audrey_ding15
2025-09-30 14:59:21,572 - INFO - 
============================================================
2025-09-30 14:59:21,572 - INFO - Processing account: audrey_ding15
2025-09-30 14:59:21,572 - INFO - ============================================================
2025-09-30 14:59:21,572 - INFO - Fetching user info for audrey_ding15...
2025-09-30 14:59:22,945 - INFO - [None] [200] GET https://www.instagram.com/api/v1/users/web_profile_info/?username=audrey_ding15
2025-09-30 14:59:22,945 - ERROR - extract_user_gql() got an unexpected keyword argument 'update_headers'
Traceback (most recent call last):
  File "/opt/miniconda3/lib/python3.11/site-packages/instagrapi/mixins/user.py", line 203, in user_info_by_username
    user = self.user_info_by_username_gql(username)
           ^^^^^^^^^^^^^^^^^^^^^^^^^^^^^^^^^^^^^^^^
  File "/opt/miniconda3/lib/python3.11/site-packages/instagrapi/mixins/user.py", line 155, in user_info_by_username_gql
    data = extract_user_gql(json.loads(self.public_request(f'https://www.instagram.com/api/v1/users/web_profile_info/?username={username}', headers=temporary_public_headers))['data']['user'], update_headers=update_headers)
           ^^^^^^^^^^^^^^^^^^^^^^^^^^^^^^^^^^^^^^^^^^^^^^^^^^^^^^^^^^^^^^^^^^^^^^^^^^^^^^^^^^^^^^^^^^^^^^^^^^^^^^^^^^^^^^^^^^^^^^^^^^^^^^^^^^^^^^^^^^^^^^^^^^^^^^^^^^^^^^^^^^^^^^^^^^^^^^^^^^^^^^^^^^^^^^^^^^^^^^^^^^^^^^^^^^^
TypeError: extract_user_gql() got an unexpected keyword argument 'update_headers'
2025-09-30 14:59:23,948 - INFO - https://i.instagram.com/api/v1/users/audrey_ding15/usernameinfo/
2025-09-30 14:59:24,098 - INFO - fretin98 [403] GET https://i.instagram.com/api/v1/users/audrey_ding15/usernameinfo/ (269.0.0.18.75, OnePlus 6T Dev)
2025-09-30 14:59:24,098 - ERROR - Unexpected error processing audrey_ding15: login_required
2025-09-30 14:59:24,098 - INFO - Waiting 10 seconds before next account...
2025-09-30 14:59:34,104 - INFO - 
[19/25] Processing audrey_forest15
2025-09-30 14:59:34,104 - INFO - 
============================================================
2025-09-30 14:59:34,104 - INFO - Processing account: audrey_forest15
2025-09-30 14:59:34,104 - INFO - ============================================================
2025-09-30 14:59:34,104 - INFO - Fetching user info for audrey_forest15...
2025-09-30 14:59:35,724 - INFO - [None] [200] GET https://www.instagram.com/api/v1/users/web_profile_info/?username=audrey_forest15
2025-09-30 14:59:35,724 - ERROR - extract_user_gql() got an unexpected keyword argument 'update_headers'
Traceback (most recent call last):
  File "/opt/miniconda3/lib/python3.11/site-packages/instagrapi/mixins/user.py", line 203, in user_info_by_username
    user = self.user_info_by_username_gql(username)
           ^^^^^^^^^^^^^^^^^^^^^^^^^^^^^^^^^^^^^^^^
  File "/opt/miniconda3/lib/python3.11/site-packages/instagrapi/mixins/user.py", line 155, in user_info_by_username_gql
    data = extract_user_gql(json.loads(self.public_request(f'https://www.instagram.com/api/v1/users/web_profile_info/?username={username}', headers=temporary_public_headers))['data']['user'], update_headers=update_headers)
           ^^^^^^^^^^^^^^^^^^^^^^^^^^^^^^^^^^^^^^^^^^^^^^^^^^^^^^^^^^^^^^^^^^^^^^^^^^^^^^^^^^^^^^^^^^^^^^^^^^^^^^^^^^^^^^^^^^^^^^^^^^^^^^^^^^^^^^^^^^^^^^^^^^^^^^^^^^^^^^^^^^^^^^^^^^^^^^^^^^^^^^^^^^^^^^^^^^^^^^^^^^^^^^^^^^^
TypeError: extract_user_gql() got an unexpected keyword argument 'update_headers'
2025-09-30 14:59:36,730 - INFO - https://i.instagram.com/api/v1/users/audrey_forest15/usernameinfo/
2025-09-30 14:59:36,970 - INFO - fretin98 [403] GET https://i.instagram.com/api/v1/users/audrey_forest15/usernameinfo/ (269.0.0.18.75, OnePlus 6T Dev)
2025-09-30 14:59:36,970 - ERROR - Unexpected error processing audrey_forest15: login_required
2025-09-30 14:59:36,971 - INFO - Waiting 10 seconds before next account...
2025-09-30 14:59:46,973 - INFO - 
[20/25] Processing audreyl9296
2025-09-30 14:59:46,973 - INFO - 
============================================================
2025-09-30 14:59:46,973 - INFO - Processing account: audreyl9296
2025-09-30 14:59:46,973 - INFO - ============================================================
2025-09-30 14:59:46,974 - INFO - Fetching user info for audreyl9296...
2025-09-30 14:59:48,705 - INFO - [None] [200] GET https://www.instagram.com/api/v1/users/web_profile_info/?username=audreyl9296
2025-09-30 14:59:48,706 - ERROR - extract_user_gql() got an unexpected keyword argument 'update_headers'
Traceback (most recent call last):
  File "/opt/miniconda3/lib/python3.11/site-packages/instagrapi/mixins/user.py", line 203, in user_info_by_username
    user = self.user_info_by_username_gql(username)
           ^^^^^^^^^^^^^^^^^^^^^^^^^^^^^^^^^^^^^^^^
  File "/opt/miniconda3/lib/python3.11/site-packages/instagrapi/mixins/user.py", line 155, in user_info_by_username_gql
    data = extract_user_gql(json.loads(self.public_request(f'https://www.instagram.com/api/v1/users/web_profile_info/?username={username}', headers=temporary_public_headers))['data']['user'], update_headers=update_headers)
           ^^^^^^^^^^^^^^^^^^^^^^^^^^^^^^^^^^^^^^^^^^^^^^^^^^^^^^^^^^^^^^^^^^^^^^^^^^^^^^^^^^^^^^^^^^^^^^^^^^^^^^^^^^^^^^^^^^^^^^^^^^^^^^^^^^^^^^^^^^^^^^^^^^^^^^^^^^^^^^^^^^^^^^^^^^^^^^^^^^^^^^^^^^^^^^^^^^^^^^^^^^^^^^^^^^^
TypeError: extract_user_gql() got an unexpected keyword argument 'update_headers'
2025-09-30 14:59:49,755 - INFO - https://i.instagram.com/api/v1/users/audreyl9296/usernameinfo/
2025-09-30 14:59:49,914 - INFO - fretin98 [403] GET https://i.instagram.com/api/v1/users/audreyl9296/usernameinfo/ (269.0.0.18.75, OnePlus 6T Dev)
2025-09-30 14:59:49,914 - ERROR - Unexpected error processing audreyl9296: login_required
2025-09-30 14:59:49,915 - INFO - Waiting 10 seconds before next account...
2025-09-30 14:59:59,920 - INFO - 
[21/25] Processing august8_fridaaa
2025-09-30 14:59:59,920 - INFO - 
============================================================
2025-09-30 14:59:59,920 - INFO - Processing account: august8_fridaaa
2025-09-30 14:59:59,920 - INFO - ============================================================
2025-09-30 14:59:59,920 - INFO - Fetching user info for august8_fridaaa...
2025-09-30 15:00:01,546 - INFO - [None] [200] GET https://www.instagram.com/api/v1/users/web_profile_info/?username=august8_fridaaa
2025-09-30 15:00:01,547 - ERROR - extract_user_gql() got an unexpected keyword argument 'update_headers'
Traceback (most recent call last):
  File "/opt/miniconda3/lib/python3.11/site-packages/instagrapi/mixins/user.py", line 203, in user_info_by_username
    user = self.user_info_by_username_gql(username)
           ^^^^^^^^^^^^^^^^^^^^^^^^^^^^^^^^^^^^^^^^
  File "/opt/miniconda3/lib/python3.11/site-packages/instagrapi/mixins/user.py", line 155, in user_info_by_username_gql
    data = extract_user_gql(json.loads(self.public_request(f'https://www.instagram.com/api/v1/users/web_profile_info/?username={username}', headers=temporary_public_headers))['data']['user'], update_headers=update_headers)
           ^^^^^^^^^^^^^^^^^^^^^^^^^^^^^^^^^^^^^^^^^^^^^^^^^^^^^^^^^^^^^^^^^^^^^^^^^^^^^^^^^^^^^^^^^^^^^^^^^^^^^^^^^^^^^^^^^^^^^^^^^^^^^^^^^^^^^^^^^^^^^^^^^^^^^^^^^^^^^^^^^^^^^^^^^^^^^^^^^^^^^^^^^^^^^^^^^^^^^^^^^^^^^^^^^^^
TypeError: extract_user_gql() got an unexpected keyword argument 'update_headers'
2025-09-30 15:00:02,547 - INFO - https://i.instagram.com/api/v1/users/august8_fridaaa/usernameinfo/
2025-09-30 15:00:02,689 - INFO - fretin98 [403] GET https://i.instagram.com/api/v1/users/august8_fridaaa/usernameinfo/ (269.0.0.18.75, OnePlus 6T Dev)
2025-09-30 15:00:02,689 - ERROR - Unexpected error processing august8_fridaaa: login_required
2025-09-30 15:00:02,691 - INFO - Waiting 10 seconds before next account...
2025-09-30 15:00:12,692 - INFO - 
[22/25] Processing aurelie_gcy
2025-09-30 15:00:12,693 - INFO - 
============================================================
2025-09-30 15:00:12,693 - INFO - Processing account: aurelie_gcy
2025-09-30 15:00:12,693 - INFO - ============================================================
2025-09-30 15:00:12,693 - INFO - Fetching user info for aurelie_gcy...
2025-09-30 15:00:14,782 - INFO - [None] [200] GET https://www.instagram.com/api/v1/users/web_profile_info/?username=aurelie_gcy
2025-09-30 15:00:14,783 - ERROR - extract_user_gql() got an unexpected keyword argument 'update_headers'
Traceback (most recent call last):
  File "/opt/miniconda3/lib/python3.11/site-packages/instagrapi/mixins/user.py", line 203, in user_info_by_username
    user = self.user_info_by_username_gql(username)
           ^^^^^^^^^^^^^^^^^^^^^^^^^^^^^^^^^^^^^^^^
  File "/opt/miniconda3/lib/python3.11/site-packages/instagrapi/mixins/user.py", line 155, in user_info_by_username_gql
    data = extract_user_gql(json.loads(self.public_request(f'https://www.instagram.com/api/v1/users/web_profile_info/?username={username}', headers=temporary_public_headers))['data']['user'], update_headers=update_headers)
           ^^^^^^^^^^^^^^^^^^^^^^^^^^^^^^^^^^^^^^^^^^^^^^^^^^^^^^^^^^^^^^^^^^^^^^^^^^^^^^^^^^^^^^^^^^^^^^^^^^^^^^^^^^^^^^^^^^^^^^^^^^^^^^^^^^^^^^^^^^^^^^^^^^^^^^^^^^^^^^^^^^^^^^^^^^^^^^^^^^^^^^^^^^^^^^^^^^^^^^^^^^^^^^^^^^^
TypeError: extract_user_gql() got an unexpected keyword argument 'update_headers'
2025-09-30 15:00:15,788 - INFO - https://i.instagram.com/api/v1/users/aurelie_gcy/usernameinfo/
2025-09-30 15:00:15,984 - INFO - fretin98 [403] GET https://i.instagram.com/api/v1/users/aurelie_gcy/usernameinfo/ (269.0.0.18.75, OnePlus 6T Dev)
2025-09-30 15:00:15,984 - ERROR - Unexpected error processing aurelie_gcy: login_required
2025-09-30 15:00:15,985 - INFO - Waiting 10 seconds before next account...
2025-09-30 15:00:25,989 - INFO - 
[23/25] Processing autumnleaves.qiu
2025-09-30 15:00:25,990 - INFO - 
============================================================
2025-09-30 15:00:25,990 - INFO - Processing account: autumnleaves.qiu
2025-09-30 15:00:25,990 - INFO - ============================================================
2025-09-30 15:00:25,990 - INFO - Fetching user info for autumnleaves.qiu...
2025-09-30 15:00:27,593 - INFO - [None] [200] GET https://www.instagram.com/api/v1/users/web_profile_info/?username=autumnleaves.qiu
2025-09-30 15:00:27,593 - ERROR - extract_user_gql() got an unexpected keyword argument 'update_headers'
Traceback (most recent call last):
  File "/opt/miniconda3/lib/python3.11/site-packages/instagrapi/mixins/user.py", line 203, in user_info_by_username
    user = self.user_info_by_username_gql(username)
           ^^^^^^^^^^^^^^^^^^^^^^^^^^^^^^^^^^^^^^^^
  File "/opt/miniconda3/lib/python3.11/site-packages/instagrapi/mixins/user.py", line 155, in user_info_by_username_gql
    data = extract_user_gql(json.loads(self.public_request(f'https://www.instagram.com/api/v1/users/web_profile_info/?username={username}', headers=temporary_public_headers))['data']['user'], update_headers=update_headers)
           ^^^^^^^^^^^^^^^^^^^^^^^^^^^^^^^^^^^^^^^^^^^^^^^^^^^^^^^^^^^^^^^^^^^^^^^^^^^^^^^^^^^^^^^^^^^^^^^^^^^^^^^^^^^^^^^^^^^^^^^^^^^^^^^^^^^^^^^^^^^^^^^^^^^^^^^^^^^^^^^^^^^^^^^^^^^^^^^^^^^^^^^^^^^^^^^^^^^^^^^^^^^^^^^^^^^
TypeError: extract_user_gql() got an unexpected keyword argument 'update_headers'
2025-09-30 15:00:28,594 - INFO - https://i.instagram.com/api/v1/users/autumnleaves.qiu/usernameinfo/
2025-09-30 15:00:28,809 - INFO - fretin98 [403] GET https://i.instagram.com/api/v1/users/autumnleaves.qiu/usernameinfo/ (269.0.0.18.75, OnePlus 6T Dev)
2025-09-30 15:00:28,809 - ERROR - Unexpected error processing autumnleaves.qiu: login_required
2025-09-30 15:00:28,811 - INFO - Waiting 10 seconds before next account...
2025-09-30 15:00:38,812 - INFO - 
[24/25] Processing awesome_xu_
2025-09-30 15:00:38,813 - INFO - 
============================================================
2025-09-30 15:00:38,813 - INFO - Processing account: awesome_xu_
2025-09-30 15:00:38,813 - INFO - ============================================================
2025-09-30 15:00:38,813 - INFO - Fetching user info for awesome_xu_...
2025-09-30 15:00:40,427 - INFO - [None] [200] GET https://www.instagram.com/api/v1/users/web_profile_info/?username=awesome_xu_
2025-09-30 15:00:40,428 - ERROR - extract_user_gql() got an unexpected keyword argument 'update_headers'
Traceback (most recent call last):
  File "/opt/miniconda3/lib/python3.11/site-packages/instagrapi/mixins/user.py", line 203, in user_info_by_username
    user = self.user_info_by_username_gql(username)
           ^^^^^^^^^^^^^^^^^^^^^^^^^^^^^^^^^^^^^^^^
  File "/opt/miniconda3/lib/python3.11/site-packages/instagrapi/mixins/user.py", line 155, in user_info_by_username_gql
    data = extract_user_gql(json.loads(self.public_request(f'https://www.instagram.com/api/v1/users/web_profile_info/?username={username}', headers=temporary_public_headers))['data']['user'], update_headers=update_headers)
           ^^^^^^^^^^^^^^^^^^^^^^^^^^^^^^^^^^^^^^^^^^^^^^^^^^^^^^^^^^^^^^^^^^^^^^^^^^^^^^^^^^^^^^^^^^^^^^^^^^^^^^^^^^^^^^^^^^^^^^^^^^^^^^^^^^^^^^^^^^^^^^^^^^^^^^^^^^^^^^^^^^^^^^^^^^^^^^^^^^^^^^^^^^^^^^^^^^^^^^^^^^^^^^^^^^^
TypeError: extract_user_gql() got an unexpected keyword argument 'update_headers'
2025-09-30 15:00:41,433 - INFO - https://i.instagram.com/api/v1/users/awesome_xu_/usernameinfo/
2025-09-30 15:00:41,599 - INFO - fretin98 [403] GET https://i.instagram.com/api/v1/users/awesome_xu_/usernameinfo/ (269.0.0.18.75, OnePlus 6T Dev)
2025-09-30 15:00:41,599 - ERROR - Unexpected error processing awesome_xu_: login_required
2025-09-30 15:00:41,599 - INFO - Waiting 10 seconds before next account...
2025-09-30 15:00:51,604 - INFO - 
[25/25] Processing az.thete
2025-09-30 15:00:51,605 - INFO - 
============================================================
2025-09-30 15:00:51,606 - INFO - Processing account: az.thete
2025-09-30 15:00:51,606 - INFO - ============================================================
2025-09-30 15:00:51,606 - INFO - Fetching user info for az.thete...
2025-09-30 15:00:53,540 - INFO - [None] [200] GET https://www.instagram.com/api/v1/users/web_profile_info/?username=az.thete
2025-09-30 15:00:53,544 - ERROR - extract_user_gql() got an unexpected keyword argument 'update_headers'
Traceback (most recent call last):
  File "/opt/miniconda3/lib/python3.11/site-packages/instagrapi/mixins/user.py", line 203, in user_info_by_username
    user = self.user_info_by_username_gql(username)
           ^^^^^^^^^^^^^^^^^^^^^^^^^^^^^^^^^^^^^^^^
  File "/opt/miniconda3/lib/python3.11/site-packages/instagrapi/mixins/user.py", line 155, in user_info_by_username_gql
    data = extract_user_gql(json.loads(self.public_request(f'https://www.instagram.com/api/v1/users/web_profile_info/?username={username}', headers=temporary_public_headers))['data']['user'], update_headers=update_headers)
           ^^^^^^^^^^^^^^^^^^^^^^^^^^^^^^^^^^^^^^^^^^^^^^^^^^^^^^^^^^^^^^^^^^^^^^^^^^^^^^^^^^^^^^^^^^^^^^^^^^^^^^^^^^^^^^^^^^^^^^^^^^^^^^^^^^^^^^^^^^^^^^^^^^^^^^^^^^^^^^^^^^^^^^^^^^^^^^^^^^^^^^^^^^^^^^^^^^^^^^^^^^^^^^^^^^^
TypeError: extract_user_gql() got an unexpected keyword argument 'update_headers'
2025-09-30 15:00:54,547 - INFO - https://i.instagram.com/api/v1/users/az.thete/usernameinfo/
2025-09-30 15:00:54,692 - INFO - fretin98 [403] GET https://i.instagram.com/api/v1/users/az.thete/usernameinfo/ (269.0.0.18.75, OnePlus 6T Dev)
2025-09-30 15:00:54,692 - ERROR - Unexpected error processing az.thete: login_required
2025-09-30 15:00:54,693 - INFO - Waiting 10 seconds before next account...
2025-09-30 15:01:04,701 - INFO - Saved data to instagram_data/daily_sessions.json
2025-09-30 15:01:04,701 - INFO - 
============================================================
2025-09-30 15:01:04,701 - INFO - SCRAPING SESSION COMPLETE
2025-09-30 15:01:04,701 - INFO - ============================================================
2025-09-30 15:01:04,701 - INFO - Processed: 25 accounts
2025-09-30 15:01:04,702 - INFO - Successful: 23 accounts
2025-09-30 15:01:04,702 - INFO - Errors: 2 accounts
2025-09-30 15:01:04,702 - INFO - Remaining in queue: 1132
2025-09-30 15:01:04,705 - INFO - 
Updated Account Status:
2025-09-30 15:01:04,705 - INFO -   unprocessed: 0 accounts (0.0%)
2025-09-30 15:01:04,706 - INFO -   incomplete: 39 accounts (2.8%)
2025-09-30 15:01:04,706 - INFO -   rate_limited: 1112 accounts (79.1%)
2025-09-30 15:01:04,706 - INFO -   complete: 117 accounts (8.3%)
2025-09-30 15:01:04,706 - INFO -   skipped: 97 accounts (6.9%)
2025-09-30 15:01:04,706 - INFO -   empty: 41 accounts (2.9%)
2025-09-30 15:01:04,706 - INFO - 
============================================================
