2025-09-30 15:28:26,598 - INFO - ============================================================
2025-09-30 15:28:26,598 - INFO - Instagram Scraper with Instagrapi Starting
2025-09-30 15:28:26,599 - INFO - ============================================================
2025-09-30 15:28:26,599 - INFO - Loading existing data...
2025-09-30 15:28:26,600 - INFO - Loaded 1406 accounts from queue
2025-09-30 15:28:26,601 - INFO - 
Account Categories:
2025-09-30 15:28:26,601 - INFO -   unprocessed: 0 accounts (0.0%)
2025-09-30 15:28:26,601 - INFO -   incomplete: 39 accounts (2.8%)
2025-09-30 15:28:26,601 - INFO -   rate_limited: 1098 accounts (78.1%)
2025-09-30 15:28:26,601 - INFO -   complete: 131 accounts (9.3%)
2025-09-30 15:28:26,601 - INFO -   skipped: 97 accounts (6.9%)
2025-09-30 15:28:26,601 - INFO -   empty: 41 accounts (2.9%)
2025-09-30 15:28:26,601 - INFO - 
Total accounts to process: 1137
2025-09-30 15:28:26,601 - INFO - Will process up to 25 accounts this session
2025-09-30 15:28:26,601 - INFO - 
Logging in as fretin98...
2025-09-30 15:28:26,601 - INFO - https://i.instagram.com/api/v1/launcher/sync/
2025-09-30 15:28:27,224 - INFO - fretin98 [200] POST https://i.instagram.com/api/v1/launcher/sync/ (269.0.0.18.75, OnePlus 6T Dev)
2025-09-30 15:28:27,577 - INFO - https://i.instagram.com/api/v1/accounts/login/
2025-09-30 15:28:32,453 - INFO - fretin98 [200] POST https://i.instagram.com/api/v1/accounts/login/ (269.0.0.18.75, OnePlus 6T Dev)
2025-09-30 15:28:33,464 - INFO - https://i.instagram.com/api/v1/feed/reels_tray/
2025-09-30 15:28:33,654 - INFO - fretin98 [400] POST https://i.instagram.com/api/v1/feed/reels_tray/ (269.0.0.18.75, OnePlus 6T Dev)
2025-09-30 15:28:34,665 - INFO - https://i.instagram.com/api/v1/challenge/
2025-09-30 15:28:34,951 - INFO - fretin98 [200] GET https://i.instagram.com/api/v1/challenge/ (269.0.0.18.75, OnePlus 6T Dev)
2025-09-30 15:28:35,959 - INFO - https://i.instagram.com/api/v1/challenge/
2025-09-30 15:28:36,972 - INFO - fretin98 [200] POST https://i.instagram.com/api/v1/challenge/ (269.0.0.18.75, OnePlus 6T Dev)
2025-09-30 15:28:37,979 - INFO - https://i.instagram.com/api/v1/feed/reels_tray/
2025-09-30 15:28:38,691 - INFO - fretin98 [200] POST https://i.instagram.com/api/v1/feed/reels_tray/ (269.0.0.18.75, OnePlus 6T Dev)
2025-09-30 15:28:39,702 - INFO - https://i.instagram.com/api/v1/feed/timeline/
2025-09-30 15:28:41,909 - INFO - fretin98 [200] POST https://i.instagram.com/api/v1/feed/timeline/ (269.0.0.18.75, OnePlus 6T Dev)
2025-09-30 15:28:41,913 - INFO - ✅ Login successful!
2025-09-30 15:28:41,914 - INFO - 
[1/25] Processing aurelie_gcy
2025-09-30 15:28:41,914 - INFO - 
============================================================
2025-09-30 15:28:41,914 - INFO - Processing account: aurelie_gcy
2025-09-30 15:28:41,914 - INFO - ============================================================
2025-09-30 15:28:41,914 - INFO - Fetching user info for aurelie_gcy...
2025-09-30 15:28:43,711 - INFO - [None] [200] GET https://www.instagram.com/api/v1/users/web_profile_info/?username=aurelie_gcy
2025-09-30 15:28:43,712 - ERROR - extract_user_gql() got an unexpected keyword argument 'update_headers'
Traceback (most recent call last):
  File "/opt/miniconda3/lib/python3.11/site-packages/instagrapi/mixins/user.py", line 203, in user_info_by_username
    user = self.user_info_by_username_gql(username)
           ^^^^^^^^^^^^^^^^^^^^^^^^^^^^^^^^^^^^^^^^
  File "/opt/miniconda3/lib/python3.11/site-packages/instagrapi/mixins/user.py", line 155, in user_info_by_username_gql
    data = extract_user_gql(json.loads(self.public_request(f'https://www.instagram.com/api/v1/users/web_profile_info/?username={username}', headers=temporary_public_headers))['data']['user'], update_headers=update_headers)
           ^^^^^^^^^^^^^^^^^^^^^^^^^^^^^^^^^^^^^^^^^^^^^^^^^^^^^^^^^^^^^^^^^^^^^^^^^^^^^^^^^^^^^^^^^^^^^^^^^^^^^^^^^^^^^^^^^^^^^^^^^^^^^^^^^^^^^^^^^^^^^^^^^^^^^^^^^^^^^^^^^^^^^^^^^^^^^^^^^^^^^^^^^^^^^^^^^^^^^^^^^^^^^^^^^^^
TypeError: extract_user_gql() got an unexpected keyword argument 'update_headers'
2025-09-30 15:28:44,732 - INFO - https://i.instagram.com/api/v1/users/aurelie_gcy/usernameinfo/
2025-09-30 15:28:45,358 - INFO - fretin98 [200] GET https://i.instagram.com/api/v1/users/aurelie_gcy/usernameinfo/ (269.0.0.18.75, OnePlus 6T Dev)
2025-09-30 15:28:45,361 - INFO - Account stats: 144 followers, 80 following
2025-09-30 15:28:45,361 - INFO - Fetching following list for aurelie_gcy...
2025-09-30 15:28:46,372 - INFO - https://i.instagram.com/api/v1/friendships/6096952331/following/
2025-09-30 15:28:47,616 - INFO - fretin98 [200] GET https://i.instagram.com/api/v1/friendships/6096952331/following/?max_id=&count=200&rank_token=1073026362_6932fb0b-778e-4c33-a728-b21489f04433&search_surface=follow_list_page&query=&enable_groups=true (269.0.0.18.75, OnePlus 6T Dev)
2025-09-30 15:28:47,618 - INFO - ✅ Successfully retrieved 80 following accounts
2025-09-30 15:28:47,639 - INFO - Saved data to instagram_data/scraping_progress.json
2025-09-30 15:28:47,639 - INFO - Waiting 10 seconds before next account...
2025-09-30 15:28:57,644 - INFO - 
[2/25] Processing autumnleaves.qiu
2025-09-30 15:28:57,645 - INFO - 
============================================================
2025-09-30 15:28:57,645 - INFO - Processing account: autumnleaves.qiu
2025-09-30 15:28:57,646 - INFO - ============================================================
2025-09-30 15:28:57,646 - INFO - Fetching user info for autumnleaves.qiu...
2025-09-30 15:28:58,943 - INFO - [None] [200] GET https://www.instagram.com/api/v1/users/web_profile_info/?username=autumnleaves.qiu
2025-09-30 15:28:58,945 - ERROR - extract_user_gql() got an unexpected keyword argument 'update_headers'
Traceback (most recent call last):
  File "/opt/miniconda3/lib/python3.11/site-packages/instagrapi/mixins/user.py", line 203, in user_info_by_username
    user = self.user_info_by_username_gql(username)
           ^^^^^^^^^^^^^^^^^^^^^^^^^^^^^^^^^^^^^^^^
  File "/opt/miniconda3/lib/python3.11/site-packages/instagrapi/mixins/user.py", line 155, in user_info_by_username_gql
    data = extract_user_gql(json.loads(self.public_request(f'https://www.instagram.com/api/v1/users/web_profile_info/?username={username}', headers=temporary_public_headers))['data']['user'], update_headers=update_headers)
           ^^^^^^^^^^^^^^^^^^^^^^^^^^^^^^^^^^^^^^^^^^^^^^^^^^^^^^^^^^^^^^^^^^^^^^^^^^^^^^^^^^^^^^^^^^^^^^^^^^^^^^^^^^^^^^^^^^^^^^^^^^^^^^^^^^^^^^^^^^^^^^^^^^^^^^^^^^^^^^^^^^^^^^^^^^^^^^^^^^^^^^^^^^^^^^^^^^^^^^^^^^^^^^^^^^^
TypeError: extract_user_gql() got an unexpected keyword argument 'update_headers'
2025-09-30 15:28:59,948 - INFO - https://i.instagram.com/api/v1/users/autumnleaves.qiu/usernameinfo/
2025-09-30 15:29:00,482 - INFO - fretin98 [200] GET https://i.instagram.com/api/v1/users/autumnleaves.qiu/usernameinfo/ (269.0.0.18.75, OnePlus 6T Dev)
2025-09-30 15:29:00,484 - INFO - Account stats: 105 followers, 101 following
2025-09-30 15:29:00,484 - INFO - Fetching following list for autumnleaves.qiu...
2025-09-30 15:29:01,490 - INFO - https://i.instagram.com/api/v1/friendships/3721276164/following/
2025-09-30 15:29:03,329 - INFO - fretin98 [200] GET https://i.instagram.com/api/v1/friendships/3721276164/following/?max_id=&count=200&rank_token=1073026362_6932fb0b-778e-4c33-a728-b21489f04433&search_surface=follow_list_page&query=&enable_groups=true (269.0.0.18.75, OnePlus 6T Dev)
2025-09-30 15:29:03,333 - INFO - ✅ Successfully retrieved 101 following accounts
2025-09-30 15:29:03,359 - INFO - Saved data to instagram_data/scraping_progress.json
2025-09-30 15:29:03,359 - INFO - Waiting 10 seconds before next account...
2025-09-30 15:29:13,370 - INFO - 
[3/25] Processing awesome_xu_
2025-09-30 15:29:13,371 - INFO - 
============================================================
2025-09-30 15:29:13,372 - INFO - Processing account: awesome_xu_
2025-09-30 15:29:13,372 - INFO - ============================================================
2025-09-30 15:29:13,372 - INFO - Fetching user info for awesome_xu_...
2025-09-30 15:29:14,777 - INFO - [None] [200] GET https://www.instagram.com/api/v1/users/web_profile_info/?username=awesome_xu_
2025-09-30 15:29:14,780 - ERROR - extract_user_gql() got an unexpected keyword argument 'update_headers'
Traceback (most recent call last):
  File "/opt/miniconda3/lib/python3.11/site-packages/instagrapi/mixins/user.py", line 203, in user_info_by_username
    user = self.user_info_by_username_gql(username)
           ^^^^^^^^^^^^^^^^^^^^^^^^^^^^^^^^^^^^^^^^
  File "/opt/miniconda3/lib/python3.11/site-packages/instagrapi/mixins/user.py", line 155, in user_info_by_username_gql
    data = extract_user_gql(json.loads(self.public_request(f'https://www.instagram.com/api/v1/users/web_profile_info/?username={username}', headers=temporary_public_headers))['data']['user'], update_headers=update_headers)
           ^^^^^^^^^^^^^^^^^^^^^^^^^^^^^^^^^^^^^^^^^^^^^^^^^^^^^^^^^^^^^^^^^^^^^^^^^^^^^^^^^^^^^^^^^^^^^^^^^^^^^^^^^^^^^^^^^^^^^^^^^^^^^^^^^^^^^^^^^^^^^^^^^^^^^^^^^^^^^^^^^^^^^^^^^^^^^^^^^^^^^^^^^^^^^^^^^^^^^^^^^^^^^^^^^^^
TypeError: extract_user_gql() got an unexpected keyword argument 'update_headers'
2025-09-30 15:29:15,791 - INFO - https://i.instagram.com/api/v1/users/awesome_xu_/usernameinfo/
2025-09-30 15:29:16,426 - INFO - fretin98 [200] GET https://i.instagram.com/api/v1/users/awesome_xu_/usernameinfo/ (269.0.0.18.75, OnePlus 6T Dev)
2025-09-30 15:29:16,427 - INFO - Account stats: 827 followers, 310 following
2025-09-30 15:29:16,428 - INFO - Fetching following list for awesome_xu_...
2025-09-30 15:29:17,433 - INFO - https://i.instagram.com/api/v1/friendships/12546745516/following/
2025-09-30 15:29:19,684 - INFO - fretin98 [200] GET https://i.instagram.com/api/v1/friendships/12546745516/following/?max_id=&count=200&rank_token=1073026362_6932fb0b-778e-4c33-a728-b21489f04433&search_surface=follow_list_page&query=&enable_groups=true (269.0.0.18.75, OnePlus 6T Dev)
2025-09-30 15:29:20,693 - INFO - https://i.instagram.com/api/v1/friendships/12546745516/following/
2025-09-30 15:29:21,686 - INFO - fretin98 [200] GET https://i.instagram.com/api/v1/friendships/12546745516/following/?max_id=QVFBZFhFMDlrOE1UbFd4M0VGbGowTnFIemMzRTNhWEVzNDdydWN3TFlJbTY0NkI1c1Bmb1FYMjdoVmFwcV8tSDRJVVRvbDhLZUpZM29zbEt1OVhvOF9HLQ%3D%3D&count=200&rank_token=1073026362_6932fb0b-778e-4c33-a728-b21489f04433&search_surface=follow_list_page&query=&enable_groups=true (269.0.0.18.75, OnePlus 6T Dev)
2025-09-30 15:29:21,690 - INFO - ✅ Successfully retrieved 310 following accounts
2025-09-30 15:29:21,707 - INFO - Saved data to instagram_data/scraping_progress.json
2025-09-30 15:29:21,708 - INFO - Waiting 10 seconds before next account...
2025-09-30 15:29:31,718 - INFO - 
[4/25] Processing az.thete
2025-09-30 15:29:31,718 - INFO - 
============================================================
2025-09-30 15:29:31,719 - INFO - Processing account: az.thete
2025-09-30 15:29:31,719 - INFO - ============================================================
2025-09-30 15:29:31,719 - INFO - Fetching user info for az.thete...
2025-09-30 15:29:33,384 - INFO - [None] [200] GET https://www.instagram.com/api/v1/users/web_profile_info/?username=az.thete
2025-09-30 15:29:33,386 - ERROR - extract_user_gql() got an unexpected keyword argument 'update_headers'
Traceback (most recent call last):
  File "/opt/miniconda3/lib/python3.11/site-packages/instagrapi/mixins/user.py", line 203, in user_info_by_username
    user = self.user_info_by_username_gql(username)
           ^^^^^^^^^^^^^^^^^^^^^^^^^^^^^^^^^^^^^^^^
  File "/opt/miniconda3/lib/python3.11/site-packages/instagrapi/mixins/user.py", line 155, in user_info_by_username_gql
    data = extract_user_gql(json.loads(self.public_request(f'https://www.instagram.com/api/v1/users/web_profile_info/?username={username}', headers=temporary_public_headers))['data']['user'], update_headers=update_headers)
           ^^^^^^^^^^^^^^^^^^^^^^^^^^^^^^^^^^^^^^^^^^^^^^^^^^^^^^^^^^^^^^^^^^^^^^^^^^^^^^^^^^^^^^^^^^^^^^^^^^^^^^^^^^^^^^^^^^^^^^^^^^^^^^^^^^^^^^^^^^^^^^^^^^^^^^^^^^^^^^^^^^^^^^^^^^^^^^^^^^^^^^^^^^^^^^^^^^^^^^^^^^^^^^^^^^^
TypeError: extract_user_gql() got an unexpected keyword argument 'update_headers'
2025-09-30 15:29:34,396 - INFO - https://i.instagram.com/api/v1/users/az.thete/usernameinfo/
2025-09-30 15:29:34,759 - INFO - fretin98 [200] GET https://i.instagram.com/api/v1/users/az.thete/usernameinfo/ (269.0.0.18.75, OnePlus 6T Dev)
2025-09-30 15:29:34,760 - INFO - Account stats: 746 followers, 1,893 following
2025-09-30 15:29:34,760 - INFO - Fetching following list for az.thete...
2025-09-30 15:29:35,765 - INFO - https://i.instagram.com/api/v1/friendships/7046754784/following/
2025-09-30 15:29:37,041 - INFO - fretin98 [200] GET https://i.instagram.com/api/v1/friendships/7046754784/following/?max_id=&count=200&rank_token=1073026362_6932fb0b-778e-4c33-a728-b21489f04433&search_surface=follow_list_page&query=&enable_groups=true (269.0.0.18.75, OnePlus 6T Dev)
2025-09-30 15:29:38,055 - INFO - https://i.instagram.com/api/v1/friendships/7046754784/following/
2025-09-30 15:29:39,404 - INFO - fretin98 [200] GET https://i.instagram.com/api/v1/friendships/7046754784/following/?max_id=QVFCWTZTNXktdWRkb1RxMzdpTGlYYkdYUGcyTFhKa1BoTU50TWc3QnhCVGZ2U0FOU2xhTDBYNDRwVjZCa3BKNnY0V1ktZXF2WllOV0xXV2RpSnFDTzU3Tw%3D%3D&count=200&rank_token=1073026362_6932fb0b-778e-4c33-a728-b21489f04433&search_surface=follow_list_page&query=&enable_groups=true (269.0.0.18.75, OnePlus 6T Dev)
2025-09-30 15:29:40,414 - INFO - https://i.instagram.com/api/v1/friendships/7046754784/following/
2025-09-30 15:29:42,172 - INFO - fretin98 [200] GET https://i.instagram.com/api/v1/friendships/7046754784/following/?max_id=QVFDZ1pzejdvMnE4eGtGTV81a2hNY2IyRjFzeWFKSmZYeVVOSFo5QTV6eWZPaE4xR19pTkZETlpvRkVmRF9qdFFGTjdtR2VsNEFtenlfUXZtLWJnTUd5OA%3D%3D&count=200&rank_token=1073026362_6932fb0b-778e-4c33-a728-b21489f04433&search_surface=follow_list_page&query=&enable_groups=true (269.0.0.18.75, OnePlus 6T Dev)
2025-09-30 15:29:43,177 - INFO - https://i.instagram.com/api/v1/friendships/7046754784/following/
2025-09-30 15:29:44,422 - INFO - fretin98 [200] GET https://i.instagram.com/api/v1/friendships/7046754784/following/?max_id=QVFDWFNMSzR4MkFfSGFWQWljR3BXVll2TC1zc0ktRkVBc0NRbnhkYVlGZkRzd2VSSy1XVzRzRlMwbkRfVU9WM1dHM1BhRE9kYkVZd0hoQUFwYlU2cFNjMg%3D%3D&count=200&rank_token=1073026362_6932fb0b-778e-4c33-a728-b21489f04433&search_surface=follow_list_page&query=&enable_groups=true (269.0.0.18.75, OnePlus 6T Dev)
2025-09-30 15:29:45,436 - INFO - https://i.instagram.com/api/v1/friendships/7046754784/following/
2025-09-30 15:29:46,529 - INFO - fretin98 [200] GET https://i.instagram.com/api/v1/friendships/7046754784/following/?max_id=QVFETnkwNlNjSVpZR1VfTkgtREdiUXhwOEdWMUpVNnNoRTd5TFoxOGJaMW9KR1V6clJRM0VacjE0cTZ0ODJNQ0xhTE1TSXZFYVVsdWhwNE5mN19nRWZJaw%3D%3D&count=200&rank_token=1073026362_6932fb0b-778e-4c33-a728-b21489f04433&search_surface=follow_list_page&query=&enable_groups=true (269.0.0.18.75, OnePlus 6T Dev)
2025-09-30 15:29:47,538 - INFO - https://i.instagram.com/api/v1/friendships/7046754784/following/
2025-09-30 15:29:48,842 - INFO - fretin98 [200] GET https://i.instagram.com/api/v1/friendships/7046754784/following/?max_id=QVFDZ0ptaE1mUmVlcmQxeTE5ekozTkU2bnplRkR0c2Z5cDl6czV6U04xcG1EMVBLeTF5eDdvR2tyY0RkUHJRVjdBLUVsSWdjclhLek1NaW51MWRhUFFwTA%3D%3D&count=200&rank_token=1073026362_6932fb0b-778e-4c33-a728-b21489f04433&search_surface=follow_list_page&query=&enable_groups=true (269.0.0.18.75, OnePlus 6T Dev)
2025-09-30 15:29:49,856 - INFO - https://i.instagram.com/api/v1/friendships/7046754784/following/
2025-09-30 15:29:51,938 - INFO - fretin98 [200] GET https://i.instagram.com/api/v1/friendships/7046754784/following/?max_id=QVFEYXhkU0lSMUlxTloyTWlzLVRBWEZxWlhhc3hZdmRUY01wRjJkTWhsZy1rUjBhNnNFcWZYb2VUOWZTY282YllMOHJJLWl5SzJOdWxEeHJROGE2MTNYcQ%3D%3D&count=200&rank_token=1073026362_6932fb0b-778e-4c33-a728-b21489f04433&search_surface=follow_list_page&query=&enable_groups=true (269.0.0.18.75, OnePlus 6T Dev)
2025-09-30 15:29:52,952 - INFO - https://i.instagram.com/api/v1/friendships/7046754784/following/
2025-09-30 15:29:55,051 - INFO - fretin98 [200] GET https://i.instagram.com/api/v1/friendships/7046754784/following/?max_id=QVFBOGpMalc0MFY5TENOLXZ6U1pzdkpfZk5GYUJZd2NHeGMwSXdReU9kT3NlcjUxdmZVQmE2MU5yM3NWZDdVbk5mWU5HSEpqUXMtN245VEgxUHdLWXNhYQ%3D%3D&count=200&rank_token=1073026362_6932fb0b-778e-4c33-a728-b21489f04433&search_surface=follow_list_page&query=&enable_groups=true (269.0.0.18.75, OnePlus 6T Dev)
2025-09-30 15:29:56,061 - INFO - https://i.instagram.com/api/v1/friendships/7046754784/following/
2025-09-30 15:29:57,351 - INFO - fretin98 [200] GET https://i.instagram.com/api/v1/friendships/7046754784/following/?max_id=QVFEVHd1OENKbUMxYUxJS285ME0yUkZmemhZTmxRNUJGdHI0LWx6aXFBZVd6R1dIbXk1Z3BiN19aM2RoU2RDQ1FKYjZtSEpJMnZ1OFZNRzlNdk1FUTFUdQ%3D%3D&count=200&rank_token=1073026362_6932fb0b-778e-4c33-a728-b21489f04433&search_surface=follow_list_page&query=&enable_groups=true (269.0.0.18.75, OnePlus 6T Dev)
2025-09-30 15:29:58,356 - INFO - https://i.instagram.com/api/v1/friendships/7046754784/following/
2025-09-30 15:29:59,242 - INFO - fretin98 [200] GET https://i.instagram.com/api/v1/friendships/7046754784/following/?max_id=QVFEaWlOSF9KdDlNU2xfMWdYR2VLc1d0cTVfZFpJWF9rVXhPQnBGNm80ZFZRb1V1QlB5TmUxcHhSY09UR080T1M4bTR2TFdMNnBvakNCNXZWTXlvcmVrVg%3D%3D&count=200&rank_token=1073026362_6932fb0b-778e-4c33-a728-b21489f04433&search_surface=follow_list_page&query=&enable_groups=true (269.0.0.18.75, OnePlus 6T Dev)
2025-09-30 15:29:59,243 - INFO - ✅ Successfully retrieved 1893 following accounts
2025-09-30 15:29:59,250 - INFO - Saved data to instagram_data/scraping_progress.json
2025-09-30 15:29:59,250 - INFO - Waiting 10 seconds before next account...
2025-09-30 15:30:09,261 - INFO - 
[5/25] Processing azrlning
2025-09-30 15:30:09,261 - INFO - 
============================================================
2025-09-30 15:30:09,261 - INFO - Processing account: azrlning
2025-09-30 15:30:09,261 - INFO - ============================================================
2025-09-30 15:30:09,261 - INFO - Fetching user info for azrlning...
2025-09-30 15:30:10,947 - INFO - [None] [200] GET https://www.instagram.com/api/v1/users/web_profile_info/?username=azrlning
2025-09-30 15:30:10,954 - ERROR - extract_user_gql() got an unexpected keyword argument 'update_headers'
Traceback (most recent call last):
  File "/opt/miniconda3/lib/python3.11/site-packages/instagrapi/mixins/user.py", line 203, in user_info_by_username
    user = self.user_info_by_username_gql(username)
           ^^^^^^^^^^^^^^^^^^^^^^^^^^^^^^^^^^^^^^^^
  File "/opt/miniconda3/lib/python3.11/site-packages/instagrapi/mixins/user.py", line 155, in user_info_by_username_gql
    data = extract_user_gql(json.loads(self.public_request(f'https://www.instagram.com/api/v1/users/web_profile_info/?username={username}', headers=temporary_public_headers))['data']['user'], update_headers=update_headers)
           ^^^^^^^^^^^^^^^^^^^^^^^^^^^^^^^^^^^^^^^^^^^^^^^^^^^^^^^^^^^^^^^^^^^^^^^^^^^^^^^^^^^^^^^^^^^^^^^^^^^^^^^^^^^^^^^^^^^^^^^^^^^^^^^^^^^^^^^^^^^^^^^^^^^^^^^^^^^^^^^^^^^^^^^^^^^^^^^^^^^^^^^^^^^^^^^^^^^^^^^^^^^^^^^^^^^
TypeError: extract_user_gql() got an unexpected keyword argument 'update_headers'
2025-09-30 15:30:11,960 - INFO - https://i.instagram.com/api/v1/users/azrlning/usernameinfo/
2025-09-30 15:30:12,279 - INFO - fretin98 [200] GET https://i.instagram.com/api/v1/users/azrlning/usernameinfo/ (269.0.0.18.75, OnePlus 6T Dev)
2025-09-30 15:30:12,279 - INFO - Account stats: 988 followers, 744 following
2025-09-30 15:30:12,280 - INFO - Fetching following list for azrlning...
2025-09-30 15:30:13,281 - INFO - https://i.instagram.com/api/v1/friendships/4806790118/following/
2025-09-30 15:30:14,999 - INFO - fretin98 [200] GET https://i.instagram.com/api/v1/friendships/4806790118/following/?max_id=&count=200&rank_token=1073026362_6932fb0b-778e-4c33-a728-b21489f04433&search_surface=follow_list_page&query=&enable_groups=true (269.0.0.18.75, OnePlus 6T Dev)
2025-09-30 15:30:16,016 - INFO - https://i.instagram.com/api/v1/friendships/4806790118/following/
2025-09-30 15:30:17,786 - INFO - fretin98 [200] GET https://i.instagram.com/api/v1/friendships/4806790118/following/?max_id=QVFDd1QzRFkzNjUzamE0NDROTl9LaGhwTGtjcXotVVJjM0F1U3dTVF9QRzN6SmJ6Y185SzljMU80MUFTV1JOZnZEam9SdHB3aGxKbXV5bWNPeUF5RHNNMA%3D%3D&count=200&rank_token=1073026362_6932fb0b-778e-4c33-a728-b21489f04433&search_surface=follow_list_page&query=&enable_groups=true (269.0.0.18.75, OnePlus 6T Dev)
2025-09-30 15:30:18,800 - INFO - https://i.instagram.com/api/v1/friendships/4806790118/following/
2025-09-30 15:30:19,116 - INFO - fretin98 [401] GET https://i.instagram.com/api/v1/friendships/4806790118/following/?max_id=QVFEaTN4dkZ4Ykt5V2NHWURjVWF2ekNvdnhxSlhlSHcyVEtfSlkxTTljRDFpYVNBUVFlYlEzTnJqWWtMU0NmYU1NbU5XSFpFTEJTN3pFQ2dtTndxTlJwXw%3D%3D&count=200&rank_token=1073026362_6932fb0b-778e-4c33-a728-b21489f04433&search_surface=follow_list_page&query=&enable_groups=true (269.0.0.18.75, OnePlus 6T Dev)
2025-09-30 15:30:19,117 - WARNING - Rate limit hit for azrlning: Please wait a few minutes before you try again.
2025-09-30 15:30:19,134 - INFO - Saved data to instagram_data/scraping_progress.json
2025-09-30 15:30:19,134 - INFO - Waiting 10 seconds before next account...
2025-09-30 15:30:29,144 - INFO - 
[6/25] Processing b1ngyaow
2025-09-30 15:30:29,146 - INFO - 
============================================================
2025-09-30 15:30:29,146 - INFO - Processing account: b1ngyaow
2025-09-30 15:30:29,146 - INFO - ============================================================
2025-09-30 15:30:29,146 - INFO - Fetching user info for b1ngyaow...
2025-09-30 15:30:30,359 - INFO - [None] [200] GET https://www.instagram.com/api/v1/users/web_profile_info/?username=b1ngyaow
2025-09-30 15:30:30,360 - ERROR - extract_user_gql() got an unexpected keyword argument 'update_headers'
Traceback (most recent call last):
  File "/opt/miniconda3/lib/python3.11/site-packages/instagrapi/mixins/user.py", line 203, in user_info_by_username
    user = self.user_info_by_username_gql(username)
           ^^^^^^^^^^^^^^^^^^^^^^^^^^^^^^^^^^^^^^^^
  File "/opt/miniconda3/lib/python3.11/site-packages/instagrapi/mixins/user.py", line 155, in user_info_by_username_gql
    data = extract_user_gql(json.loads(self.public_request(f'https://www.instagram.com/api/v1/users/web_profile_info/?username={username}', headers=temporary_public_headers))['data']['user'], update_headers=update_headers)
           ^^^^^^^^^^^^^^^^^^^^^^^^^^^^^^^^^^^^^^^^^^^^^^^^^^^^^^^^^^^^^^^^^^^^^^^^^^^^^^^^^^^^^^^^^^^^^^^^^^^^^^^^^^^^^^^^^^^^^^^^^^^^^^^^^^^^^^^^^^^^^^^^^^^^^^^^^^^^^^^^^^^^^^^^^^^^^^^^^^^^^^^^^^^^^^^^^^^^^^^^^^^^^^^^^^^
TypeError: extract_user_gql() got an unexpected keyword argument 'update_headers'
2025-09-30 15:30:31,371 - INFO - https://i.instagram.com/api/v1/users/b1ngyaow/usernameinfo/
2025-09-30 15:30:31,563 - INFO - fretin98 [403] GET https://i.instagram.com/api/v1/users/b1ngyaow/usernameinfo/ (269.0.0.18.75, OnePlus 6T Dev)
2025-09-30 15:30:31,564 - ERROR - Unexpected error processing b1ngyaow: login_required
2025-09-30 15:30:31,571 - INFO - Waiting 10 seconds before next account...
2025-09-30 15:30:41,581 - INFO - 
[7/25] Processing backstagecast
2025-09-30 15:30:41,581 - INFO - 
============================================================
2025-09-30 15:30:41,581 - INFO - Processing account: backstagecast
2025-09-30 15:30:41,581 - INFO - ============================================================
2025-09-30 15:30:41,581 - INFO - Fetching user info for backstagecast...
2025-09-30 15:30:43,651 - INFO - [None] [200] GET https://www.instagram.com/api/v1/users/web_profile_info/?username=backstagecast
2025-09-30 15:30:43,655 - ERROR - extract_user_gql() got an unexpected keyword argument 'update_headers'
Traceback (most recent call last):
  File "/opt/miniconda3/lib/python3.11/site-packages/instagrapi/mixins/user.py", line 203, in user_info_by_username
    user = self.user_info_by_username_gql(username)
           ^^^^^^^^^^^^^^^^^^^^^^^^^^^^^^^^^^^^^^^^
  File "/opt/miniconda3/lib/python3.11/site-packages/instagrapi/mixins/user.py", line 155, in user_info_by_username_gql
    data = extract_user_gql(json.loads(self.public_request(f'https://www.instagram.com/api/v1/users/web_profile_info/?username={username}', headers=temporary_public_headers))['data']['user'], update_headers=update_headers)
           ^^^^^^^^^^^^^^^^^^^^^^^^^^^^^^^^^^^^^^^^^^^^^^^^^^^^^^^^^^^^^^^^^^^^^^^^^^^^^^^^^^^^^^^^^^^^^^^^^^^^^^^^^^^^^^^^^^^^^^^^^^^^^^^^^^^^^^^^^^^^^^^^^^^^^^^^^^^^^^^^^^^^^^^^^^^^^^^^^^^^^^^^^^^^^^^^^^^^^^^^^^^^^^^^^^^
TypeError: extract_user_gql() got an unexpected keyword argument 'update_headers'
2025-09-30 15:30:44,657 - INFO - https://i.instagram.com/api/v1/users/backstagecast/usernameinfo/
2025-09-30 15:30:44,804 - INFO - fretin98 [403] GET https://i.instagram.com/api/v1/users/backstagecast/usernameinfo/ (269.0.0.18.75, OnePlus 6T Dev)
2025-09-30 15:30:44,805 - ERROR - Unexpected error processing backstagecast: login_required
2025-09-30 15:30:44,809 - INFO - Waiting 10 seconds before next account...
2025-09-30 15:30:54,814 - INFO - 
[8/25] Processing baekkuu_
2025-09-30 15:30:54,814 - INFO - 
============================================================
2025-09-30 15:30:54,814 - INFO - Processing account: baekkuu_
2025-09-30 15:30:54,814 - INFO - ============================================================
2025-09-30 15:30:54,815 - INFO - Fetching user info for baekkuu_...
2025-09-30 15:30:56,466 - INFO - [None] [200] GET https://www.instagram.com/api/v1/users/web_profile_info/?username=baekkuu_
2025-09-30 15:30:56,470 - ERROR - extract_user_gql() got an unexpected keyword argument 'update_headers'
Traceback (most recent call last):
  File "/opt/miniconda3/lib/python3.11/site-packages/instagrapi/mixins/user.py", line 203, in user_info_by_username
    user = self.user_info_by_username_gql(username)
           ^^^^^^^^^^^^^^^^^^^^^^^^^^^^^^^^^^^^^^^^
  File "/opt/miniconda3/lib/python3.11/site-packages/instagrapi/mixins/user.py", line 155, in user_info_by_username_gql
    data = extract_user_gql(json.loads(self.public_request(f'https://www.instagram.com/api/v1/users/web_profile_info/?username={username}', headers=temporary_public_headers))['data']['user'], update_headers=update_headers)
           ^^^^^^^^^^^^^^^^^^^^^^^^^^^^^^^^^^^^^^^^^^^^^^^^^^^^^^^^^^^^^^^^^^^^^^^^^^^^^^^^^^^^^^^^^^^^^^^^^^^^^^^^^^^^^^^^^^^^^^^^^^^^^^^^^^^^^^^^^^^^^^^^^^^^^^^^^^^^^^^^^^^^^^^^^^^^^^^^^^^^^^^^^^^^^^^^^^^^^^^^^^^^^^^^^^^
TypeError: extract_user_gql() got an unexpected keyword argument 'update_headers'
2025-09-30 15:30:57,475 - INFO - https://i.instagram.com/api/v1/users/baekkuu_/usernameinfo/
2025-09-30 15:30:57,650 - INFO - fretin98 [403] GET https://i.instagram.com/api/v1/users/baekkuu_/usernameinfo/ (269.0.0.18.75, OnePlus 6T Dev)
2025-09-30 15:30:57,651 - ERROR - Unexpected error processing baekkuu_: login_required
2025-09-30 15:30:57,651 - INFO - Waiting 10 seconds before next account...
2025-09-30 15:31:07,656 - INFO - 
[9/25] Processing bagdelete
2025-09-30 15:31:07,658 - INFO - 
============================================================
2025-09-30 15:31:07,658 - INFO - Processing account: bagdelete
2025-09-30 15:31:07,658 - INFO - ============================================================
2025-09-30 15:31:07,658 - INFO - Fetching user info for bagdelete...
2025-09-30 15:31:09,333 - INFO - [None] [200] GET https://www.instagram.com/api/v1/users/web_profile_info/?username=bagdelete
2025-09-30 15:31:09,336 - ERROR - extract_user_gql() got an unexpected keyword argument 'update_headers'
Traceback (most recent call last):
  File "/opt/miniconda3/lib/python3.11/site-packages/instagrapi/mixins/user.py", line 203, in user_info_by_username
    user = self.user_info_by_username_gql(username)
           ^^^^^^^^^^^^^^^^^^^^^^^^^^^^^^^^^^^^^^^^
  File "/opt/miniconda3/lib/python3.11/site-packages/instagrapi/mixins/user.py", line 155, in user_info_by_username_gql
    data = extract_user_gql(json.loads(self.public_request(f'https://www.instagram.com/api/v1/users/web_profile_info/?username={username}', headers=temporary_public_headers))['data']['user'], update_headers=update_headers)
           ^^^^^^^^^^^^^^^^^^^^^^^^^^^^^^^^^^^^^^^^^^^^^^^^^^^^^^^^^^^^^^^^^^^^^^^^^^^^^^^^^^^^^^^^^^^^^^^^^^^^^^^^^^^^^^^^^^^^^^^^^^^^^^^^^^^^^^^^^^^^^^^^^^^^^^^^^^^^^^^^^^^^^^^^^^^^^^^^^^^^^^^^^^^^^^^^^^^^^^^^^^^^^^^^^^^
TypeError: extract_user_gql() got an unexpected keyword argument 'update_headers'
2025-09-30 15:31:10,341 - INFO - https://i.instagram.com/api/v1/users/bagdelete/usernameinfo/
2025-09-30 15:31:10,572 - INFO - fretin98 [403] GET https://i.instagram.com/api/v1/users/bagdelete/usernameinfo/ (269.0.0.18.75, OnePlus 6T Dev)
2025-09-30 15:31:10,572 - ERROR - Unexpected error processing bagdelete: login_required
2025-09-30 15:31:10,574 - INFO - Waiting 10 seconds before next account...
2025-09-30 15:31:20,578 - INFO - 
[10/25] Processing bangzhuo_song
2025-09-30 15:31:20,579 - INFO - 
============================================================
2025-09-30 15:31:20,579 - INFO - Processing account: bangzhuo_song
2025-09-30 15:31:20,579 - INFO - ============================================================
2025-09-30 15:31:20,579 - INFO - Fetching user info for bangzhuo_song...
2025-09-30 15:31:21,808 - INFO - [None] [200] GET https://www.instagram.com/api/v1/users/web_profile_info/?username=bangzhuo_song
2025-09-30 15:31:21,808 - ERROR - extract_user_gql() got an unexpected keyword argument 'update_headers'
Traceback (most recent call last):
  File "/opt/miniconda3/lib/python3.11/site-packages/instagrapi/mixins/user.py", line 203, in user_info_by_username
    user = self.user_info_by_username_gql(username)
           ^^^^^^^^^^^^^^^^^^^^^^^^^^^^^^^^^^^^^^^^
  File "/opt/miniconda3/lib/python3.11/site-packages/instagrapi/mixins/user.py", line 155, in user_info_by_username_gql
    data = extract_user_gql(json.loads(self.public_request(f'https://www.instagram.com/api/v1/users/web_profile_info/?username={username}', headers=temporary_public_headers))['data']['user'], update_headers=update_headers)
           ^^^^^^^^^^^^^^^^^^^^^^^^^^^^^^^^^^^^^^^^^^^^^^^^^^^^^^^^^^^^^^^^^^^^^^^^^^^^^^^^^^^^^^^^^^^^^^^^^^^^^^^^^^^^^^^^^^^^^^^^^^^^^^^^^^^^^^^^^^^^^^^^^^^^^^^^^^^^^^^^^^^^^^^^^^^^^^^^^^^^^^^^^^^^^^^^^^^^^^^^^^^^^^^^^^^
TypeError: extract_user_gql() got an unexpected keyword argument 'update_headers'
2025-09-30 15:31:22,811 - INFO - https://i.instagram.com/api/v1/users/bangzhuo_song/usernameinfo/
2025-09-30 15:31:22,958 - INFO - fretin98 [403] GET https://i.instagram.com/api/v1/users/bangzhuo_song/usernameinfo/ (269.0.0.18.75, OnePlus 6T Dev)
2025-09-30 15:31:22,959 - ERROR - Unexpected error processing bangzhuo_song: login_required
2025-09-30 15:31:22,961 - INFO - Waiting 10 seconds before next account...
2025-09-30 15:31:32,967 - INFO - 
[11/25] Processing battlebots
2025-09-30 15:31:32,968 - INFO - 
============================================================
2025-09-30 15:31:32,968 - INFO - Processing account: battlebots
2025-09-30 15:31:32,968 - INFO - ============================================================
2025-09-30 15:31:32,968 - INFO - Fetching user info for battlebots...
2025-09-30 15:31:35,297 - INFO - [None] [200] GET https://www.instagram.com/api/v1/users/web_profile_info/?username=battlebots
2025-09-30 15:31:35,299 - ERROR - extract_user_gql() got an unexpected keyword argument 'update_headers'
Traceback (most recent call last):
  File "/opt/miniconda3/lib/python3.11/site-packages/instagrapi/mixins/user.py", line 203, in user_info_by_username
    user = self.user_info_by_username_gql(username)
           ^^^^^^^^^^^^^^^^^^^^^^^^^^^^^^^^^^^^^^^^
  File "/opt/miniconda3/lib/python3.11/site-packages/instagrapi/mixins/user.py", line 155, in user_info_by_username_gql
    data = extract_user_gql(json.loads(self.public_request(f'https://www.instagram.com/api/v1/users/web_profile_info/?username={username}', headers=temporary_public_headers))['data']['user'], update_headers=update_headers)
           ^^^^^^^^^^^^^^^^^^^^^^^^^^^^^^^^^^^^^^^^^^^^^^^^^^^^^^^^^^^^^^^^^^^^^^^^^^^^^^^^^^^^^^^^^^^^^^^^^^^^^^^^^^^^^^^^^^^^^^^^^^^^^^^^^^^^^^^^^^^^^^^^^^^^^^^^^^^^^^^^^^^^^^^^^^^^^^^^^^^^^^^^^^^^^^^^^^^^^^^^^^^^^^^^^^^
TypeError: extract_user_gql() got an unexpected keyword argument 'update_headers'
2025-09-30 15:31:36,302 - INFO - https://i.instagram.com/api/v1/users/battlebots/usernameinfo/
2025-09-30 15:31:36,440 - INFO - fretin98 [403] GET https://i.instagram.com/api/v1/users/battlebots/usernameinfo/ (269.0.0.18.75, OnePlus 6T Dev)
2025-09-30 15:31:36,440 - ERROR - Unexpected error processing battlebots: login_required
2025-09-30 15:31:36,442 - INFO - Waiting 10 seconds before next account...
2025-09-30 15:31:46,442 - INFO - 
[12/25] Processing beatrice.d
2025-09-30 15:31:46,444 - INFO - 
============================================================
2025-09-30 15:31:46,444 - INFO - Processing account: beatrice.d
2025-09-30 15:31:46,444 - INFO - ============================================================
2025-09-30 15:31:46,444 - INFO - Fetching user info for beatrice.d...
2025-09-30 15:31:47,858 - INFO - [None] [200] GET https://www.instagram.com/api/v1/users/web_profile_info/?username=beatrice.d
2025-09-30 15:31:47,858 - ERROR - extract_user_gql() got an unexpected keyword argument 'update_headers'
Traceback (most recent call last):
  File "/opt/miniconda3/lib/python3.11/site-packages/instagrapi/mixins/user.py", line 203, in user_info_by_username
    user = self.user_info_by_username_gql(username)
           ^^^^^^^^^^^^^^^^^^^^^^^^^^^^^^^^^^^^^^^^
  File "/opt/miniconda3/lib/python3.11/site-packages/instagrapi/mixins/user.py", line 155, in user_info_by_username_gql
    data = extract_user_gql(json.loads(self.public_request(f'https://www.instagram.com/api/v1/users/web_profile_info/?username={username}', headers=temporary_public_headers))['data']['user'], update_headers=update_headers)
           ^^^^^^^^^^^^^^^^^^^^^^^^^^^^^^^^^^^^^^^^^^^^^^^^^^^^^^^^^^^^^^^^^^^^^^^^^^^^^^^^^^^^^^^^^^^^^^^^^^^^^^^^^^^^^^^^^^^^^^^^^^^^^^^^^^^^^^^^^^^^^^^^^^^^^^^^^^^^^^^^^^^^^^^^^^^^^^^^^^^^^^^^^^^^^^^^^^^^^^^^^^^^^^^^^^^
TypeError: extract_user_gql() got an unexpected keyword argument 'update_headers'
2025-09-30 15:31:48,862 - INFO - https://i.instagram.com/api/v1/users/beatrice.d/usernameinfo/
2025-09-30 15:31:48,998 - INFO - fretin98 [403] GET https://i.instagram.com/api/v1/users/beatrice.d/usernameinfo/ (269.0.0.18.75, OnePlus 6T Dev)
2025-09-30 15:31:48,998 - ERROR - Unexpected error processing beatrice.d: login_required
2025-09-30 15:31:49,000 - INFO - Waiting 10 seconds before next account...
2025-09-30 15:31:59,005 - INFO - 
[13/25] Processing beautypapersmag
2025-09-30 15:31:59,007 - INFO - 
============================================================
2025-09-30 15:31:59,007 - INFO - Processing account: beautypapersmag
2025-09-30 15:31:59,007 - INFO - ============================================================
2025-09-30 15:31:59,008 - INFO - Fetching user info for beautypapersmag...
2025-09-30 15:32:01,366 - INFO - [None] [200] GET https://www.instagram.com/api/v1/users/web_profile_info/?username=beautypapersmag
2025-09-30 15:32:01,371 - ERROR - extract_user_gql() got an unexpected keyword argument 'update_headers'
Traceback (most recent call last):
  File "/opt/miniconda3/lib/python3.11/site-packages/instagrapi/mixins/user.py", line 203, in user_info_by_username
    user = self.user_info_by_username_gql(username)
           ^^^^^^^^^^^^^^^^^^^^^^^^^^^^^^^^^^^^^^^^
  File "/opt/miniconda3/lib/python3.11/site-packages/instagrapi/mixins/user.py", line 155, in user_info_by_username_gql
    data = extract_user_gql(json.loads(self.public_request(f'https://www.instagram.com/api/v1/users/web_profile_info/?username={username}', headers=temporary_public_headers))['data']['user'], update_headers=update_headers)
           ^^^^^^^^^^^^^^^^^^^^^^^^^^^^^^^^^^^^^^^^^^^^^^^^^^^^^^^^^^^^^^^^^^^^^^^^^^^^^^^^^^^^^^^^^^^^^^^^^^^^^^^^^^^^^^^^^^^^^^^^^^^^^^^^^^^^^^^^^^^^^^^^^^^^^^^^^^^^^^^^^^^^^^^^^^^^^^^^^^^^^^^^^^^^^^^^^^^^^^^^^^^^^^^^^^^
TypeError: extract_user_gql() got an unexpected keyword argument 'update_headers'
2025-09-30 15:32:02,375 - INFO - https://i.instagram.com/api/v1/users/beautypapersmag/usernameinfo/
2025-09-30 15:32:02,518 - INFO - fretin98 [403] GET https://i.instagram.com/api/v1/users/beautypapersmag/usernameinfo/ (269.0.0.18.75, OnePlus 6T Dev)
2025-09-30 15:32:02,518 - ERROR - Unexpected error processing beautypapersmag: login_required
2025-09-30 15:32:02,519 - INFO - Waiting 10 seconds before next account...
2025-09-30 15:32:12,524 - INFO - 
[14/25] Processing bella_wu0528
2025-09-30 15:32:12,524 - INFO - 
============================================================
2025-09-30 15:32:12,524 - INFO - Processing account: bella_wu0528
2025-09-30 15:32:12,524 - INFO - ============================================================
2025-09-30 15:32:12,524 - INFO - Fetching user info for bella_wu0528...
2025-09-30 15:32:13,751 - INFO - [None] [200] GET https://www.instagram.com/api/v1/users/web_profile_info/?username=bella_wu0528
2025-09-30 15:32:13,751 - ERROR - extract_user_gql() got an unexpected keyword argument 'update_headers'
Traceback (most recent call last):
  File "/opt/miniconda3/lib/python3.11/site-packages/instagrapi/mixins/user.py", line 203, in user_info_by_username
    user = self.user_info_by_username_gql(username)
           ^^^^^^^^^^^^^^^^^^^^^^^^^^^^^^^^^^^^^^^^
  File "/opt/miniconda3/lib/python3.11/site-packages/instagrapi/mixins/user.py", line 155, in user_info_by_username_gql
    data = extract_user_gql(json.loads(self.public_request(f'https://www.instagram.com/api/v1/users/web_profile_info/?username={username}', headers=temporary_public_headers))['data']['user'], update_headers=update_headers)
           ^^^^^^^^^^^^^^^^^^^^^^^^^^^^^^^^^^^^^^^^^^^^^^^^^^^^^^^^^^^^^^^^^^^^^^^^^^^^^^^^^^^^^^^^^^^^^^^^^^^^^^^^^^^^^^^^^^^^^^^^^^^^^^^^^^^^^^^^^^^^^^^^^^^^^^^^^^^^^^^^^^^^^^^^^^^^^^^^^^^^^^^^^^^^^^^^^^^^^^^^^^^^^^^^^^^
TypeError: extract_user_gql() got an unexpected keyword argument 'update_headers'
2025-09-30 15:32:14,754 - INFO - https://i.instagram.com/api/v1/users/bella_wu0528/usernameinfo/
2025-09-30 15:32:14,944 - INFO - fretin98 [403] GET https://i.instagram.com/api/v1/users/bella_wu0528/usernameinfo/ (269.0.0.18.75, OnePlus 6T Dev)
2025-09-30 15:32:14,944 - ERROR - Unexpected error processing bella_wu0528: login_required
2025-09-30 15:32:14,945 - INFO - Waiting 10 seconds before next account...
2025-09-30 15:32:24,950 - INFO - 
[15/25] Processing bellolllu
2025-09-30 15:32:24,951 - INFO - 
============================================================
2025-09-30 15:32:24,951 - INFO - Processing account: bellolllu
2025-09-30 15:32:24,951 - INFO - ============================================================
2025-09-30 15:32:24,951 - INFO - Fetching user info for bellolllu...
2025-09-30 15:32:26,344 - INFO - [None] [200] GET https://www.instagram.com/api/v1/users/web_profile_info/?username=bellolllu
2025-09-30 15:32:26,346 - ERROR - extract_user_gql() got an unexpected keyword argument 'update_headers'
Traceback (most recent call last):
  File "/opt/miniconda3/lib/python3.11/site-packages/instagrapi/mixins/user.py", line 203, in user_info_by_username
    user = self.user_info_by_username_gql(username)
           ^^^^^^^^^^^^^^^^^^^^^^^^^^^^^^^^^^^^^^^^
  File "/opt/miniconda3/lib/python3.11/site-packages/instagrapi/mixins/user.py", line 155, in user_info_by_username_gql
    data = extract_user_gql(json.loads(self.public_request(f'https://www.instagram.com/api/v1/users/web_profile_info/?username={username}', headers=temporary_public_headers))['data']['user'], update_headers=update_headers)
           ^^^^^^^^^^^^^^^^^^^^^^^^^^^^^^^^^^^^^^^^^^^^^^^^^^^^^^^^^^^^^^^^^^^^^^^^^^^^^^^^^^^^^^^^^^^^^^^^^^^^^^^^^^^^^^^^^^^^^^^^^^^^^^^^^^^^^^^^^^^^^^^^^^^^^^^^^^^^^^^^^^^^^^^^^^^^^^^^^^^^^^^^^^^^^^^^^^^^^^^^^^^^^^^^^^^
TypeError: extract_user_gql() got an unexpected keyword argument 'update_headers'
2025-09-30 15:32:27,350 - INFO - https://i.instagram.com/api/v1/users/bellolllu/usernameinfo/
2025-09-30 15:32:27,493 - INFO - fretin98 [403] GET https://i.instagram.com/api/v1/users/bellolllu/usernameinfo/ (269.0.0.18.75, OnePlus 6T Dev)
2025-09-30 15:32:27,494 - ERROR - Unexpected error processing bellolllu: login_required
2025-09-30 15:32:27,495 - INFO - Waiting 10 seconds before next account...
2025-09-30 15:32:37,500 - INFO - 
[16/25] Processing benjamin.click
2025-09-30 15:32:37,500 - INFO - 
============================================================
2025-09-30 15:32:37,500 - INFO - Processing account: benjamin.click
2025-09-30 15:32:37,500 - INFO - ============================================================
2025-09-30 15:32:37,500 - INFO - Fetching user info for benjamin.click...
2025-09-30 15:32:38,801 - INFO - [None] [200] GET https://www.instagram.com/api/v1/users/web_profile_info/?username=benjamin.click
2025-09-30 15:32:38,803 - ERROR - extract_user_gql() got an unexpected keyword argument 'update_headers'
Traceback (most recent call last):
  File "/opt/miniconda3/lib/python3.11/site-packages/instagrapi/mixins/user.py", line 203, in user_info_by_username
    user = self.user_info_by_username_gql(username)
           ^^^^^^^^^^^^^^^^^^^^^^^^^^^^^^^^^^^^^^^^
  File "/opt/miniconda3/lib/python3.11/site-packages/instagrapi/mixins/user.py", line 155, in user_info_by_username_gql
    data = extract_user_gql(json.loads(self.public_request(f'https://www.instagram.com/api/v1/users/web_profile_info/?username={username}', headers=temporary_public_headers))['data']['user'], update_headers=update_headers)
           ^^^^^^^^^^^^^^^^^^^^^^^^^^^^^^^^^^^^^^^^^^^^^^^^^^^^^^^^^^^^^^^^^^^^^^^^^^^^^^^^^^^^^^^^^^^^^^^^^^^^^^^^^^^^^^^^^^^^^^^^^^^^^^^^^^^^^^^^^^^^^^^^^^^^^^^^^^^^^^^^^^^^^^^^^^^^^^^^^^^^^^^^^^^^^^^^^^^^^^^^^^^^^^^^^^^
TypeError: extract_user_gql() got an unexpected keyword argument 'update_headers'
2025-09-30 15:32:39,804 - INFO - https://i.instagram.com/api/v1/users/benjamin.click/usernameinfo/
2025-09-30 15:32:40,026 - INFO - fretin98 [403] GET https://i.instagram.com/api/v1/users/benjamin.click/usernameinfo/ (269.0.0.18.75, OnePlus 6T Dev)
2025-09-30 15:32:40,026 - ERROR - Unexpected error processing benjamin.click: login_required
2025-09-30 15:32:40,027 - INFO - Waiting 10 seconds before next account...
2025-09-30 15:32:50,031 - INFO - 
[17/25] Processing benoit_p_officiel
2025-09-30 15:32:50,031 - INFO - 
============================================================
2025-09-30 15:32:50,031 - INFO - Processing account: benoit_p_officiel
2025-09-30 15:32:50,031 - INFO - ============================================================
2025-09-30 15:32:50,031 - INFO - Fetching user info for benoit_p_officiel...
2025-09-30 15:32:52,461 - INFO - [None] [200] GET https://www.instagram.com/api/v1/users/web_profile_info/?username=benoit_p_officiel
2025-09-30 15:32:52,462 - ERROR - extract_user_gql() got an unexpected keyword argument 'update_headers'
Traceback (most recent call last):
  File "/opt/miniconda3/lib/python3.11/site-packages/instagrapi/mixins/user.py", line 203, in user_info_by_username
    user = self.user_info_by_username_gql(username)
           ^^^^^^^^^^^^^^^^^^^^^^^^^^^^^^^^^^^^^^^^
  File "/opt/miniconda3/lib/python3.11/site-packages/instagrapi/mixins/user.py", line 155, in user_info_by_username_gql
    data = extract_user_gql(json.loads(self.public_request(f'https://www.instagram.com/api/v1/users/web_profile_info/?username={username}', headers=temporary_public_headers))['data']['user'], update_headers=update_headers)
           ^^^^^^^^^^^^^^^^^^^^^^^^^^^^^^^^^^^^^^^^^^^^^^^^^^^^^^^^^^^^^^^^^^^^^^^^^^^^^^^^^^^^^^^^^^^^^^^^^^^^^^^^^^^^^^^^^^^^^^^^^^^^^^^^^^^^^^^^^^^^^^^^^^^^^^^^^^^^^^^^^^^^^^^^^^^^^^^^^^^^^^^^^^^^^^^^^^^^^^^^^^^^^^^^^^^
TypeError: extract_user_gql() got an unexpected keyword argument 'update_headers'
2025-09-30 15:32:53,464 - INFO - https://i.instagram.com/api/v1/users/benoit_p_officiel/usernameinfo/
2025-09-30 15:32:53,601 - INFO - fretin98 [403] GET https://i.instagram.com/api/v1/users/benoit_p_officiel/usernameinfo/ (269.0.0.18.75, OnePlus 6T Dev)
2025-09-30 15:32:53,601 - ERROR - Unexpected error processing benoit_p_officiel: login_required
2025-09-30 15:32:53,602 - INFO - Waiting 10 seconds before next account...
2025-09-30 15:33:03,605 - INFO - 
[18/25] Processing benrich__
2025-09-30 15:33:03,605 - INFO - 
============================================================
2025-09-30 15:33:03,605 - INFO - Processing account: benrich__
2025-09-30 15:33:03,605 - INFO - ============================================================
2025-09-30 15:33:03,605 - INFO - Fetching user info for benrich__...
2025-09-30 15:33:05,623 - INFO - [None] [200] GET https://www.instagram.com/api/v1/users/web_profile_info/?username=benrich__
2025-09-30 15:33:05,625 - ERROR - extract_user_gql() got an unexpected keyword argument 'update_headers'
Traceback (most recent call last):
  File "/opt/miniconda3/lib/python3.11/site-packages/instagrapi/mixins/user.py", line 203, in user_info_by_username
    user = self.user_info_by_username_gql(username)
           ^^^^^^^^^^^^^^^^^^^^^^^^^^^^^^^^^^^^^^^^
  File "/opt/miniconda3/lib/python3.11/site-packages/instagrapi/mixins/user.py", line 155, in user_info_by_username_gql
    data = extract_user_gql(json.loads(self.public_request(f'https://www.instagram.com/api/v1/users/web_profile_info/?username={username}', headers=temporary_public_headers))['data']['user'], update_headers=update_headers)
           ^^^^^^^^^^^^^^^^^^^^^^^^^^^^^^^^^^^^^^^^^^^^^^^^^^^^^^^^^^^^^^^^^^^^^^^^^^^^^^^^^^^^^^^^^^^^^^^^^^^^^^^^^^^^^^^^^^^^^^^^^^^^^^^^^^^^^^^^^^^^^^^^^^^^^^^^^^^^^^^^^^^^^^^^^^^^^^^^^^^^^^^^^^^^^^^^^^^^^^^^^^^^^^^^^^^
TypeError: extract_user_gql() got an unexpected keyword argument 'update_headers'
2025-09-30 15:33:06,628 - INFO - https://i.instagram.com/api/v1/users/benrich__/usernameinfo/
2025-09-30 15:33:06,772 - INFO - fretin98 [403] GET https://i.instagram.com/api/v1/users/benrich__/usernameinfo/ (269.0.0.18.75, OnePlus 6T Dev)
2025-09-30 15:33:06,772 - ERROR - Unexpected error processing benrich__: login_required
2025-09-30 15:33:06,774 - INFO - Waiting 10 seconds before next account...
2025-09-30 15:33:16,776 - INFO - 
[19/25] Processing bernard.rudden
2025-09-30 15:33:16,777 - INFO - 
============================================================
2025-09-30 15:33:16,777 - INFO - Processing account: bernard.rudden
2025-09-30 15:33:16,777 - INFO - ============================================================
2025-09-30 15:33:16,777 - INFO - Fetching user info for bernard.rudden...
2025-09-30 15:33:19,183 - INFO - [None] [200] GET https://www.instagram.com/api/v1/users/web_profile_info/?username=bernard.rudden
2025-09-30 15:33:19,185 - ERROR - extract_user_gql() got an unexpected keyword argument 'update_headers'
Traceback (most recent call last):
  File "/opt/miniconda3/lib/python3.11/site-packages/instagrapi/mixins/user.py", line 203, in user_info_by_username
    user = self.user_info_by_username_gql(username)
           ^^^^^^^^^^^^^^^^^^^^^^^^^^^^^^^^^^^^^^^^
  File "/opt/miniconda3/lib/python3.11/site-packages/instagrapi/mixins/user.py", line 155, in user_info_by_username_gql
    data = extract_user_gql(json.loads(self.public_request(f'https://www.instagram.com/api/v1/users/web_profile_info/?username={username}', headers=temporary_public_headers))['data']['user'], update_headers=update_headers)
           ^^^^^^^^^^^^^^^^^^^^^^^^^^^^^^^^^^^^^^^^^^^^^^^^^^^^^^^^^^^^^^^^^^^^^^^^^^^^^^^^^^^^^^^^^^^^^^^^^^^^^^^^^^^^^^^^^^^^^^^^^^^^^^^^^^^^^^^^^^^^^^^^^^^^^^^^^^^^^^^^^^^^^^^^^^^^^^^^^^^^^^^^^^^^^^^^^^^^^^^^^^^^^^^^^^^
TypeError: extract_user_gql() got an unexpected keyword argument 'update_headers'
2025-09-30 15:33:20,190 - INFO - https://i.instagram.com/api/v1/users/bernard.rudden/usernameinfo/
2025-09-30 15:33:20,328 - INFO - fretin98 [403] GET https://i.instagram.com/api/v1/users/bernard.rudden/usernameinfo/ (269.0.0.18.75, OnePlus 6T Dev)
2025-09-30 15:33:20,329 - ERROR - Unexpected error processing bernard.rudden: login_required
2025-09-30 15:33:20,330 - INFO - Waiting 10 seconds before next account...
2025-09-30 15:33:30,335 - INFO - 
[20/25] Processing bernatdeclaravall
2025-09-30 15:33:30,335 - INFO - 
============================================================
2025-09-30 15:33:30,336 - INFO - Processing account: bernatdeclaravall
2025-09-30 15:33:30,336 - INFO - ============================================================
2025-09-30 15:33:30,336 - INFO - Fetching user info for bernatdeclaravall...
2025-09-30 15:33:32,240 - INFO - [None] [200] GET https://www.instagram.com/api/v1/users/web_profile_info/?username=bernatdeclaravall
2025-09-30 15:33:32,242 - ERROR - extract_user_gql() got an unexpected keyword argument 'update_headers'
Traceback (most recent call last):
  File "/opt/miniconda3/lib/python3.11/site-packages/instagrapi/mixins/user.py", line 203, in user_info_by_username
    user = self.user_info_by_username_gql(username)
           ^^^^^^^^^^^^^^^^^^^^^^^^^^^^^^^^^^^^^^^^
  File "/opt/miniconda3/lib/python3.11/site-packages/instagrapi/mixins/user.py", line 155, in user_info_by_username_gql
    data = extract_user_gql(json.loads(self.public_request(f'https://www.instagram.com/api/v1/users/web_profile_info/?username={username}', headers=temporary_public_headers))['data']['user'], update_headers=update_headers)
           ^^^^^^^^^^^^^^^^^^^^^^^^^^^^^^^^^^^^^^^^^^^^^^^^^^^^^^^^^^^^^^^^^^^^^^^^^^^^^^^^^^^^^^^^^^^^^^^^^^^^^^^^^^^^^^^^^^^^^^^^^^^^^^^^^^^^^^^^^^^^^^^^^^^^^^^^^^^^^^^^^^^^^^^^^^^^^^^^^^^^^^^^^^^^^^^^^^^^^^^^^^^^^^^^^^^
TypeError: extract_user_gql() got an unexpected keyword argument 'update_headers'
2025-09-30 15:33:33,248 - INFO - https://i.instagram.com/api/v1/users/bernatdeclaravall/usernameinfo/
2025-09-30 15:33:33,408 - INFO - fretin98 [403] GET https://i.instagram.com/api/v1/users/bernatdeclaravall/usernameinfo/ (269.0.0.18.75, OnePlus 6T Dev)
2025-09-30 15:33:33,408 - ERROR - Unexpected error processing bernatdeclaravall: login_required
2025-09-30 15:33:33,411 - INFO - Waiting 10 seconds before next account...
2025-09-30 15:33:43,415 - INFO - 
[21/25] Processing bigdanieltao
2025-09-30 15:33:43,418 - INFO - 
============================================================
2025-09-30 15:33:43,418 - INFO - Processing account: bigdanieltao
2025-09-30 15:33:43,418 - INFO - ============================================================
2025-09-30 15:33:43,418 - INFO - Fetching user info for bigdanieltao...
2025-09-30 15:33:44,711 - INFO - [None] [200] GET https://www.instagram.com/api/v1/users/web_profile_info/?username=bigdanieltao
2025-09-30 15:33:44,712 - ERROR - extract_user_gql() got an unexpected keyword argument 'update_headers'
Traceback (most recent call last):
  File "/opt/miniconda3/lib/python3.11/site-packages/instagrapi/mixins/user.py", line 203, in user_info_by_username
    user = self.user_info_by_username_gql(username)
           ^^^^^^^^^^^^^^^^^^^^^^^^^^^^^^^^^^^^^^^^
  File "/opt/miniconda3/lib/python3.11/site-packages/instagrapi/mixins/user.py", line 155, in user_info_by_username_gql
    data = extract_user_gql(json.loads(self.public_request(f'https://www.instagram.com/api/v1/users/web_profile_info/?username={username}', headers=temporary_public_headers))['data']['user'], update_headers=update_headers)
           ^^^^^^^^^^^^^^^^^^^^^^^^^^^^^^^^^^^^^^^^^^^^^^^^^^^^^^^^^^^^^^^^^^^^^^^^^^^^^^^^^^^^^^^^^^^^^^^^^^^^^^^^^^^^^^^^^^^^^^^^^^^^^^^^^^^^^^^^^^^^^^^^^^^^^^^^^^^^^^^^^^^^^^^^^^^^^^^^^^^^^^^^^^^^^^^^^^^^^^^^^^^^^^^^^^^
TypeError: extract_user_gql() got an unexpected keyword argument 'update_headers'
2025-09-30 15:33:45,715 - INFO - https://i.instagram.com/api/v1/users/bigdanieltao/usernameinfo/
2025-09-30 15:33:45,901 - INFO - fretin98 [403] GET https://i.instagram.com/api/v1/users/bigdanieltao/usernameinfo/ (269.0.0.18.75, OnePlus 6T Dev)
2025-09-30 15:33:45,901 - ERROR - Unexpected error processing bigdanieltao: login_required
2025-09-30 15:33:45,902 - INFO - Waiting 10 seconds before next account...
2025-09-30 15:33:55,906 - INFO - 
[22/25] Processing biye_hi
2025-09-30 15:33:55,906 - INFO - 
============================================================
2025-09-30 15:33:55,906 - INFO - Processing account: biye_hi
2025-09-30 15:33:55,906 - INFO - ============================================================
2025-09-30 15:33:55,906 - INFO - Fetching user info for biye_hi...
2025-09-30 15:33:58,163 - INFO - [None] [200] GET https://www.instagram.com/api/v1/users/web_profile_info/?username=biye_hi
2025-09-30 15:33:58,165 - ERROR - extract_user_gql() got an unexpected keyword argument 'update_headers'
Traceback (most recent call last):
  File "/opt/miniconda3/lib/python3.11/site-packages/instagrapi/mixins/user.py", line 203, in user_info_by_username
    user = self.user_info_by_username_gql(username)
           ^^^^^^^^^^^^^^^^^^^^^^^^^^^^^^^^^^^^^^^^
  File "/opt/miniconda3/lib/python3.11/site-packages/instagrapi/mixins/user.py", line 155, in user_info_by_username_gql
    data = extract_user_gql(json.loads(self.public_request(f'https://www.instagram.com/api/v1/users/web_profile_info/?username={username}', headers=temporary_public_headers))['data']['user'], update_headers=update_headers)
           ^^^^^^^^^^^^^^^^^^^^^^^^^^^^^^^^^^^^^^^^^^^^^^^^^^^^^^^^^^^^^^^^^^^^^^^^^^^^^^^^^^^^^^^^^^^^^^^^^^^^^^^^^^^^^^^^^^^^^^^^^^^^^^^^^^^^^^^^^^^^^^^^^^^^^^^^^^^^^^^^^^^^^^^^^^^^^^^^^^^^^^^^^^^^^^^^^^^^^^^^^^^^^^^^^^^
TypeError: extract_user_gql() got an unexpected keyword argument 'update_headers'
2025-09-30 15:33:59,171 - INFO - https://i.instagram.com/api/v1/users/biye_hi/usernameinfo/
2025-09-30 15:33:59,397 - INFO - fretin98 [403] GET https://i.instagram.com/api/v1/users/biye_hi/usernameinfo/ (269.0.0.18.75, OnePlus 6T Dev)
2025-09-30 15:33:59,398 - ERROR - Unexpected error processing biye_hi: login_required
2025-09-30 15:33:59,400 - INFO - Waiting 10 seconds before next account...
2025-09-30 15:34:09,405 - INFO - 
[23/25] Processing bjmiao501
2025-09-30 15:34:09,405 - INFO - 
============================================================
2025-09-30 15:34:09,405 - INFO - Processing account: bjmiao501
2025-09-30 15:34:09,405 - INFO - ============================================================
2025-09-30 15:34:09,405 - INFO - Fetching user info for bjmiao501...
2025-09-30 15:34:10,799 - INFO - [None] [200] GET https://www.instagram.com/api/v1/users/web_profile_info/?username=bjmiao501
2025-09-30 15:34:10,800 - ERROR - extract_user_gql() got an unexpected keyword argument 'update_headers'
Traceback (most recent call last):
  File "/opt/miniconda3/lib/python3.11/site-packages/instagrapi/mixins/user.py", line 203, in user_info_by_username
    user = self.user_info_by_username_gql(username)
           ^^^^^^^^^^^^^^^^^^^^^^^^^^^^^^^^^^^^^^^^
  File "/opt/miniconda3/lib/python3.11/site-packages/instagrapi/mixins/user.py", line 155, in user_info_by_username_gql
    data = extract_user_gql(json.loads(self.public_request(f'https://www.instagram.com/api/v1/users/web_profile_info/?username={username}', headers=temporary_public_headers))['data']['user'], update_headers=update_headers)
           ^^^^^^^^^^^^^^^^^^^^^^^^^^^^^^^^^^^^^^^^^^^^^^^^^^^^^^^^^^^^^^^^^^^^^^^^^^^^^^^^^^^^^^^^^^^^^^^^^^^^^^^^^^^^^^^^^^^^^^^^^^^^^^^^^^^^^^^^^^^^^^^^^^^^^^^^^^^^^^^^^^^^^^^^^^^^^^^^^^^^^^^^^^^^^^^^^^^^^^^^^^^^^^^^^^^
TypeError: extract_user_gql() got an unexpected keyword argument 'update_headers'
2025-09-30 15:34:11,806 - INFO - https://i.instagram.com/api/v1/users/bjmiao501/usernameinfo/
2025-09-30 15:34:11,950 - INFO - fretin98 [403] GET https://i.instagram.com/api/v1/users/bjmiao501/usernameinfo/ (269.0.0.18.75, OnePlus 6T Dev)
2025-09-30 15:34:11,950 - ERROR - Unexpected error processing bjmiao501: login_required
2025-09-30 15:34:11,951 - INFO - Waiting 10 seconds before next account...
2025-09-30 15:34:21,956 - INFO - 
[24/25] Processing blackerhund_wong
2025-09-30 15:34:21,956 - INFO - 
============================================================
2025-09-30 15:34:21,956 - INFO - Processing account: blackerhund_wong
2025-09-30 15:34:21,956 - INFO - ============================================================
2025-09-30 15:34:21,956 - INFO - Fetching user info for blackerhund_wong...
2025-09-30 15:34:24,271 - INFO - [None] [200] GET https://www.instagram.com/api/v1/users/web_profile_info/?username=blackerhund_wong
2025-09-30 15:34:24,274 - ERROR - extract_user_gql() got an unexpected keyword argument 'update_headers'
Traceback (most recent call last):
  File "/opt/miniconda3/lib/python3.11/site-packages/instagrapi/mixins/user.py", line 203, in user_info_by_username
    user = self.user_info_by_username_gql(username)
           ^^^^^^^^^^^^^^^^^^^^^^^^^^^^^^^^^^^^^^^^
  File "/opt/miniconda3/lib/python3.11/site-packages/instagrapi/mixins/user.py", line 155, in user_info_by_username_gql
    data = extract_user_gql(json.loads(self.public_request(f'https://www.instagram.com/api/v1/users/web_profile_info/?username={username}', headers=temporary_public_headers))['data']['user'], update_headers=update_headers)
           ^^^^^^^^^^^^^^^^^^^^^^^^^^^^^^^^^^^^^^^^^^^^^^^^^^^^^^^^^^^^^^^^^^^^^^^^^^^^^^^^^^^^^^^^^^^^^^^^^^^^^^^^^^^^^^^^^^^^^^^^^^^^^^^^^^^^^^^^^^^^^^^^^^^^^^^^^^^^^^^^^^^^^^^^^^^^^^^^^^^^^^^^^^^^^^^^^^^^^^^^^^^^^^^^^^^
TypeError: extract_user_gql() got an unexpected keyword argument 'update_headers'
2025-09-30 15:34:25,280 - INFO - https://i.instagram.com/api/v1/users/blackerhund_wong/usernameinfo/
2025-09-30 15:34:25,497 - INFO - fretin98 [403] GET https://i.instagram.com/api/v1/users/blackerhund_wong/usernameinfo/ (269.0.0.18.75, OnePlus 6T Dev)
2025-09-30 15:34:25,498 - ERROR - Unexpected error processing blackerhund_wong: login_required
2025-09-30 15:34:25,499 - INFO - Waiting 10 seconds before next account...
2025-09-30 15:34:35,502 - INFO - 
[25/25] Processing blesmeir
2025-09-30 15:34:35,502 - INFO - 
============================================================
2025-09-30 15:34:35,502 - INFO - Processing account: blesmeir
2025-09-30 15:34:35,502 - INFO - ============================================================
2025-09-30 15:34:35,502 - INFO - Fetching user info for blesmeir...
2025-09-30 15:34:36,740 - INFO - [None] [200] GET https://www.instagram.com/api/v1/users/web_profile_info/?username=blesmeir
2025-09-30 15:34:36,741 - ERROR - extract_user_gql() got an unexpected keyword argument 'update_headers'
Traceback (most recent call last):
  File "/opt/miniconda3/lib/python3.11/site-packages/instagrapi/mixins/user.py", line 203, in user_info_by_username
    user = self.user_info_by_username_gql(username)
           ^^^^^^^^^^^^^^^^^^^^^^^^^^^^^^^^^^^^^^^^
  File "/opt/miniconda3/lib/python3.11/site-packages/instagrapi/mixins/user.py", line 155, in user_info_by_username_gql
    data = extract_user_gql(json.loads(self.public_request(f'https://www.instagram.com/api/v1/users/web_profile_info/?username={username}', headers=temporary_public_headers))['data']['user'], update_headers=update_headers)
           ^^^^^^^^^^^^^^^^^^^^^^^^^^^^^^^^^^^^^^^^^^^^^^^^^^^^^^^^^^^^^^^^^^^^^^^^^^^^^^^^^^^^^^^^^^^^^^^^^^^^^^^^^^^^^^^^^^^^^^^^^^^^^^^^^^^^^^^^^^^^^^^^^^^^^^^^^^^^^^^^^^^^^^^^^^^^^^^^^^^^^^^^^^^^^^^^^^^^^^^^^^^^^^^^^^^
TypeError: extract_user_gql() got an unexpected keyword argument 'update_headers'
2025-09-30 15:34:37,746 - INFO - https://i.instagram.com/api/v1/users/blesmeir/usernameinfo/
2025-09-30 15:34:37,890 - INFO - fretin98 [403] GET https://i.instagram.com/api/v1/users/blesmeir/usernameinfo/ (269.0.0.18.75, OnePlus 6T Dev)
2025-09-30 15:34:37,890 - ERROR - Unexpected error processing blesmeir: login_required
2025-09-30 15:34:37,892 - INFO - Waiting 10 seconds before next account...
2025-09-30 15:34:47,898 - INFO - Saved data to instagram_data/daily_sessions.json
2025-09-30 15:34:47,899 - INFO - 
============================================================
2025-09-30 15:34:47,899 - INFO - SCRAPING SESSION COMPLETE
2025-09-30 15:34:47,899 - INFO - ============================================================
2025-09-30 15:34:47,899 - INFO - Processed: 25 accounts
2025-09-30 15:34:47,899 - INFO - Successful: 24 accounts
2025-09-30 15:34:47,899 - INFO - Errors: 1 accounts
2025-09-30 15:34:47,899 - INFO - Remaining in queue: 1112
2025-09-30 15:34:47,901 - INFO - 
Updated Account Status:
2025-09-30 15:34:47,901 - INFO -   unprocessed: 0 accounts (0.0%)
2025-09-30 15:34:47,901 - INFO -   incomplete: 40 accounts (2.8%)
2025-09-30 15:34:47,901 - INFO -   rate_limited: 1093 accounts (77.7%)
2025-09-30 15:34:47,901 - INFO -   complete: 135 accounts (9.6%)
2025-09-30 15:34:47,901 - INFO -   skipped: 97 accounts (6.9%)
2025-09-30 15:34:47,901 - INFO -   empty: 41 accounts (2.9%)
2025-09-30 15:34:47,901 - INFO - 
============================================================
