2025-09-30 16:40:43,948 - INFO - ============================================================
2025-09-30 16:40:43,948 - INFO - Instagram Scraper with Instagrapi Starting
2025-09-30 16:40:43,948 - INFO - ============================================================
2025-09-30 16:40:43,948 - INFO - Loading existing data...
2025-09-30 16:40:43,950 - INFO - Loaded 1406 accounts from queue
2025-09-30 16:40:43,950 - INFO - 
Account Categories:
2025-09-30 16:40:43,950 - INFO -   unprocessed: 0 accounts (0.0%)
2025-09-30 16:40:43,950 - INFO -   incomplete: 42 accounts (3.0%)
2025-09-30 16:40:43,950 - INFO -   rate_limited: 1077 accounts (76.6%)
2025-09-30 16:40:43,950 - INFO -   complete: 149 accounts (10.6%)
2025-09-30 16:40:43,950 - INFO -   skipped: 97 accounts (6.9%)
2025-09-30 16:40:43,950 - INFO -   empty: 41 accounts (2.9%)
2025-09-30 16:40:43,950 - INFO - 
Total accounts to process: 1119
2025-09-30 16:40:43,950 - INFO - Will process up to 25 accounts this session
2025-09-30 16:40:43,950 - INFO - 
Logging in as fretin98...
2025-09-30 16:40:43,950 - INFO - https://i.instagram.com/api/v1/launcher/sync/
2025-09-30 16:40:44,493 - INFO - fretin98 [200] POST https://i.instagram.com/api/v1/launcher/sync/ (269.0.0.18.75, OnePlus 6T Dev)
2025-09-30 16:40:44,900 - INFO - https://i.instagram.com/api/v1/accounts/login/
2025-09-30 16:40:50,345 - INFO - fretin98 [200] POST https://i.instagram.com/api/v1/accounts/login/ (269.0.0.18.75, OnePlus 6T Dev)
2025-09-30 16:40:51,355 - INFO - https://i.instagram.com/api/v1/feed/reels_tray/
2025-09-30 16:40:51,529 - INFO - fretin98 [400] POST https://i.instagram.com/api/v1/feed/reels_tray/ (269.0.0.18.75, OnePlus 6T Dev)
2025-09-30 16:40:52,539 - INFO - https://i.instagram.com/api/v1/challenge/
2025-09-30 16:40:52,932 - INFO - fretin98 [400] GET https://i.instagram.com/api/v1/challenge/ (269.0.0.18.75, OnePlus 6T Dev)
2025-09-30 16:41:09,451 - INFO - https://i.instagram.com/api/v1/feed/reels_tray/
2025-09-30 16:41:09,620 - INFO - fretin98 [400] POST https://i.instagram.com/api/v1/feed/reels_tray/ (269.0.0.18.75, OnePlus 6T Dev)
2025-09-30 16:41:09,621 - ERROR - ❌ Login failed: challenge_required
