2025-10-02 12:39:32,163 - INFO - ============================================================
2025-10-02 12:39:32,164 - INFO - Instagram Scraper with Instagrapi Starting
2025-10-02 12:39:32,164 - INFO - ============================================================
2025-10-02 12:39:32,164 - INFO - Loading existing data...
2025-10-02 12:39:32,166 - INFO - Loaded 1406 accounts from queue
2025-10-02 12:39:32,167 - INFO - 
Account Categories:
2025-10-02 12:39:32,167 - INFO -   unprocessed: 0 accounts (0.0%)
2025-10-02 12:39:32,167 - INFO -   incomplete: 41 accounts (2.9%)
2025-10-02 12:39:32,167 - INFO -   rate_limited: 1079 accounts (76.7%)
2025-10-02 12:39:32,167 - INFO -   complete: 149 accounts (10.6%)
2025-10-02 12:39:32,167 - INFO -   skipped: 96 accounts (6.8%)
2025-10-02 12:39:32,167 - INFO -   empty: 41 accounts (2.9%)
2025-10-02 12:39:32,167 - INFO - 
Total accounts to process: 1120
2025-10-02 12:39:32,167 - INFO - Will process up to 10 accounts this session
2025-10-02 12:39:32,167 - INFO - 
Logging in as cheneyli7...
2025-10-02 12:39:32,167 - INFO - https://i.instagram.com/api/v1/launcher/sync/
2025-10-02 12:39:32,708 - INFO - cheneyli7 [200] POST https://i.instagram.com/api/v1/launcher/sync/ (269.0.0.18.75, OnePlus 6T Dev)
2025-10-02 12:39:33,052 - INFO - https://i.instagram.com/api/v1/accounts/login/
2025-10-02 12:39:36,057 - INFO - cheneyli7 [200] POST https://i.instagram.com/api/v1/accounts/login/ (269.0.0.18.75, OnePlus 6T Dev)
2025-10-02 12:39:37,063 - INFO - https://i.instagram.com/api/v1/feed/reels_tray/
2025-10-02 12:39:37,317 - INFO - cheneyli7 [200] POST https://i.instagram.com/api/v1/feed/reels_tray/ (269.0.0.18.75, OnePlus 6T Dev)
2025-10-02 12:39:38,322 - INFO - https://i.instagram.com/api/v1/feed/timeline/
2025-10-02 12:39:45,354 - INFO - cheneyli7 [200] POST https://i.instagram.com/api/v1/feed/timeline/ (269.0.0.18.75, OnePlus 6T Dev)
2025-10-02 12:39:45,364 - INFO - ✅ Login successful!
2025-10-02 12:39:45,364 - INFO - 
[1/10] Processing biye_hi
2025-10-02 12:39:45,365 - INFO - 
============================================================
2025-10-02 12:39:45,365 - INFO - Processing account: biye_hi
2025-10-02 12:39:45,365 - INFO - ============================================================
2025-10-02 12:39:45,365 - INFO - Fetching user info for biye_hi...
2025-10-02 12:39:47,712 - INFO - [None] [200] GET https://www.instagram.com/api/v1/users/web_profile_info/?username=biye_hi
2025-10-02 12:39:47,713 - ERROR - extract_user_gql() got an unexpected keyword argument 'update_headers'
Traceback (most recent call last):
  File "/opt/miniconda3/lib/python3.11/site-packages/instagrapi/mixins/user.py", line 203, in user_info_by_username
    user = self.user_info_by_username_gql(username)
           ^^^^^^^^^^^^^^^^^^^^^^^^^^^^^^^^^^^^^^^^
  File "/opt/miniconda3/lib/python3.11/site-packages/instagrapi/mixins/user.py", line 155, in user_info_by_username_gql
    data = extract_user_gql(json.loads(self.public_request(f'https://www.instagram.com/api/v1/users/web_profile_info/?username={username}', headers=temporary_public_headers))['data']['user'], update_headers=update_headers)
           ^^^^^^^^^^^^^^^^^^^^^^^^^^^^^^^^^^^^^^^^^^^^^^^^^^^^^^^^^^^^^^^^^^^^^^^^^^^^^^^^^^^^^^^^^^^^^^^^^^^^^^^^^^^^^^^^^^^^^^^^^^^^^^^^^^^^^^^^^^^^^^^^^^^^^^^^^^^^^^^^^^^^^^^^^^^^^^^^^^^^^^^^^^^^^^^^^^^^^^^^^^^^^^^^^^^
TypeError: extract_user_gql() got an unexpected keyword argument 'update_headers'
2025-10-02 12:39:48,718 - INFO - https://i.instagram.com/api/v1/users/biye_hi/usernameinfo/
2025-10-02 12:39:49,427 - INFO - cheneyli7 [200] GET https://i.instagram.com/api/v1/users/biye_hi/usernameinfo/ (269.0.0.18.75, OnePlus 6T Dev)
2025-10-02 12:39:49,431 - INFO - Account stats: 69 followers, 109 following
2025-10-02 12:39:49,431 - INFO - Fetching following list for biye_hi...
2025-10-02 12:39:50,436 - INFO - https://i.instagram.com/api/v1/friendships/5351650861/following/
2025-10-02 12:39:51,603 - INFO - cheneyli7 [200] GET https://i.instagram.com/api/v1/friendships/5351650861/following/?max_id=&count=200&rank_token=67658586794_e5a85f02-02bb-4ce7-b27c-1b3cd7f1a664&search_surface=follow_list_page&query=&enable_groups=true (269.0.0.18.75, OnePlus 6T Dev)
2025-10-02 12:39:52,609 - INFO - https://i.instagram.com/api/v1/friendships/5351650861/following/
2025-10-02 12:39:53,172 - INFO - cheneyli7 [200] GET https://i.instagram.com/api/v1/friendships/5351650861/following/?max_id=25&count=200&rank_token=67658586794_e5a85f02-02bb-4ce7-b27c-1b3cd7f1a664&search_surface=follow_list_page&query=&enable_groups=true (269.0.0.18.75, OnePlus 6T Dev)
2025-10-02 12:39:54,174 - INFO - https://i.instagram.com/api/v1/friendships/5351650861/following/
2025-10-02 12:39:54,963 - INFO - cheneyli7 [200] GET https://i.instagram.com/api/v1/friendships/5351650861/following/?max_id=50&count=200&rank_token=67658586794_e5a85f02-02bb-4ce7-b27c-1b3cd7f1a664&search_surface=follow_list_page&query=&enable_groups=true (269.0.0.18.75, OnePlus 6T Dev)
2025-10-02 12:39:55,968 - INFO - https://i.instagram.com/api/v1/friendships/5351650861/following/
2025-10-02 12:39:56,702 - INFO - cheneyli7 [200] GET https://i.instagram.com/api/v1/friendships/5351650861/following/?max_id=75&count=200&rank_token=67658586794_e5a85f02-02bb-4ce7-b27c-1b3cd7f1a664&search_surface=follow_list_page&query=&enable_groups=true (269.0.0.18.75, OnePlus 6T Dev)
2025-10-02 12:39:57,708 - INFO - https://i.instagram.com/api/v1/friendships/5351650861/following/
2025-10-02 12:39:58,154 - INFO - cheneyli7 [200] GET https://i.instagram.com/api/v1/friendships/5351650861/following/?max_id=100&count=200&rank_token=67658586794_e5a85f02-02bb-4ce7-b27c-1b3cd7f1a664&search_surface=follow_list_page&query=&enable_groups=true (269.0.0.18.75, OnePlus 6T Dev)
2025-10-02 12:39:58,154 - INFO - ✅ Successfully retrieved 109 following accounts
2025-10-02 12:39:58,165 - INFO - Saved data to instagram_data/scraping_progress.json
2025-10-02 12:39:58,165 - INFO - ⏳ Waiting 34.5 seconds before next account (human-like behavior)...
2025-10-02 12:40:32,703 - INFO - 
[2/10] Processing bjmiao501
2025-10-02 12:40:32,703 - INFO - 
============================================================
2025-10-02 12:40:32,703 - INFO - Processing account: bjmiao501
2025-10-02 12:40:32,703 - INFO - ============================================================
2025-10-02 12:40:32,703 - INFO - Fetching user info for bjmiao501...
2025-10-02 12:40:34,262 - INFO - [None] [200] GET https://www.instagram.com/api/v1/users/web_profile_info/?username=bjmiao501
2025-10-02 12:40:34,264 - ERROR - extract_user_gql() got an unexpected keyword argument 'update_headers'
Traceback (most recent call last):
  File "/opt/miniconda3/lib/python3.11/site-packages/instagrapi/mixins/user.py", line 203, in user_info_by_username
    user = self.user_info_by_username_gql(username)
           ^^^^^^^^^^^^^^^^^^^^^^^^^^^^^^^^^^^^^^^^
  File "/opt/miniconda3/lib/python3.11/site-packages/instagrapi/mixins/user.py", line 155, in user_info_by_username_gql
    data = extract_user_gql(json.loads(self.public_request(f'https://www.instagram.com/api/v1/users/web_profile_info/?username={username}', headers=temporary_public_headers))['data']['user'], update_headers=update_headers)
           ^^^^^^^^^^^^^^^^^^^^^^^^^^^^^^^^^^^^^^^^^^^^^^^^^^^^^^^^^^^^^^^^^^^^^^^^^^^^^^^^^^^^^^^^^^^^^^^^^^^^^^^^^^^^^^^^^^^^^^^^^^^^^^^^^^^^^^^^^^^^^^^^^^^^^^^^^^^^^^^^^^^^^^^^^^^^^^^^^^^^^^^^^^^^^^^^^^^^^^^^^^^^^^^^^^^
TypeError: extract_user_gql() got an unexpected keyword argument 'update_headers'
2025-10-02 12:40:35,268 - INFO - https://i.instagram.com/api/v1/users/bjmiao501/usernameinfo/
2025-10-02 12:40:35,809 - INFO - cheneyli7 [200] GET https://i.instagram.com/api/v1/users/bjmiao501/usernameinfo/ (269.0.0.18.75, OnePlus 6T Dev)
2025-10-02 12:40:35,809 - INFO - Account stats: 171 followers, 172 following
2025-10-02 12:40:35,809 - INFO - Fetching following list for bjmiao501...
2025-10-02 12:40:36,814 - INFO - https://i.instagram.com/api/v1/friendships/14329009944/following/
2025-10-02 12:40:37,780 - INFO - cheneyli7 [200] GET https://i.instagram.com/api/v1/friendships/14329009944/following/?max_id=&count=200&rank_token=67658586794_e5a85f02-02bb-4ce7-b27c-1b3cd7f1a664&search_surface=follow_list_page&query=&enable_groups=true (269.0.0.18.75, OnePlus 6T Dev)
2025-10-02 12:40:38,781 - INFO - https://i.instagram.com/api/v1/friendships/14329009944/following/
2025-10-02 12:40:39,572 - INFO - cheneyli7 [200] GET https://i.instagram.com/api/v1/friendships/14329009944/following/?max_id=25&count=200&rank_token=67658586794_e5a85f02-02bb-4ce7-b27c-1b3cd7f1a664&search_surface=follow_list_page&query=&enable_groups=true (269.0.0.18.75, OnePlus 6T Dev)
2025-10-02 12:40:40,580 - INFO - https://i.instagram.com/api/v1/friendships/14329009944/following/
2025-10-02 12:40:41,230 - INFO - cheneyli7 [200] GET https://i.instagram.com/api/v1/friendships/14329009944/following/?max_id=50&count=200&rank_token=67658586794_e5a85f02-02bb-4ce7-b27c-1b3cd7f1a664&search_surface=follow_list_page&query=&enable_groups=true (269.0.0.18.75, OnePlus 6T Dev)
2025-10-02 12:40:42,235 - INFO - https://i.instagram.com/api/v1/friendships/14329009944/following/
2025-10-02 12:40:43,102 - INFO - cheneyli7 [200] GET https://i.instagram.com/api/v1/friendships/14329009944/following/?max_id=75&count=200&rank_token=67658586794_e5a85f02-02bb-4ce7-b27c-1b3cd7f1a664&search_surface=follow_list_page&query=&enable_groups=true (269.0.0.18.75, OnePlus 6T Dev)
2025-10-02 12:40:44,107 - INFO - https://i.instagram.com/api/v1/friendships/14329009944/following/
2025-10-02 12:40:44,650 - INFO - cheneyli7 [200] GET https://i.instagram.com/api/v1/friendships/14329009944/following/?max_id=100&count=200&rank_token=67658586794_e5a85f02-02bb-4ce7-b27c-1b3cd7f1a664&search_surface=follow_list_page&query=&enable_groups=true (269.0.0.18.75, OnePlus 6T Dev)
2025-10-02 12:40:45,652 - INFO - https://i.instagram.com/api/v1/friendships/14329009944/following/
2025-10-02 12:40:46,389 - INFO - cheneyli7 [200] GET https://i.instagram.com/api/v1/friendships/14329009944/following/?max_id=125&count=200&rank_token=67658586794_e5a85f02-02bb-4ce7-b27c-1b3cd7f1a664&search_surface=follow_list_page&query=&enable_groups=true (269.0.0.18.75, OnePlus 6T Dev)
2025-10-02 12:40:47,395 - INFO - https://i.instagram.com/api/v1/friendships/14329009944/following/
2025-10-02 12:40:47,943 - INFO - cheneyli7 [200] GET https://i.instagram.com/api/v1/friendships/14329009944/following/?max_id=150&count=200&rank_token=67658586794_e5a85f02-02bb-4ce7-b27c-1b3cd7f1a664&search_surface=follow_list_page&query=&enable_groups=true (269.0.0.18.75, OnePlus 6T Dev)
2025-10-02 12:40:47,943 - INFO - ✅ Successfully retrieved 172 following accounts
2025-10-02 12:40:47,952 - INFO - Saved data to instagram_data/scraping_progress.json
2025-10-02 12:40:47,952 - INFO - ⏳ Waiting 43.4 seconds before next account (human-like behavior)...
2025-10-02 12:41:31,327 - INFO - 
[3/10] Processing blackerhund_wong
2025-10-02 12:41:31,327 - INFO - 
============================================================
2025-10-02 12:41:31,327 - INFO - Processing account: blackerhund_wong
2025-10-02 12:41:31,327 - INFO - ============================================================
2025-10-02 12:41:31,327 - INFO - Fetching user info for blackerhund_wong...
2025-10-02 12:41:33,801 - INFO - [None] [200] GET https://www.instagram.com/api/v1/users/web_profile_info/?username=blackerhund_wong
2025-10-02 12:41:33,802 - ERROR - extract_user_gql() got an unexpected keyword argument 'update_headers'
Traceback (most recent call last):
  File "/opt/miniconda3/lib/python3.11/site-packages/instagrapi/mixins/user.py", line 203, in user_info_by_username
    user = self.user_info_by_username_gql(username)
           ^^^^^^^^^^^^^^^^^^^^^^^^^^^^^^^^^^^^^^^^
  File "/opt/miniconda3/lib/python3.11/site-packages/instagrapi/mixins/user.py", line 155, in user_info_by_username_gql
    data = extract_user_gql(json.loads(self.public_request(f'https://www.instagram.com/api/v1/users/web_profile_info/?username={username}', headers=temporary_public_headers))['data']['user'], update_headers=update_headers)
           ^^^^^^^^^^^^^^^^^^^^^^^^^^^^^^^^^^^^^^^^^^^^^^^^^^^^^^^^^^^^^^^^^^^^^^^^^^^^^^^^^^^^^^^^^^^^^^^^^^^^^^^^^^^^^^^^^^^^^^^^^^^^^^^^^^^^^^^^^^^^^^^^^^^^^^^^^^^^^^^^^^^^^^^^^^^^^^^^^^^^^^^^^^^^^^^^^^^^^^^^^^^^^^^^^^^
TypeError: extract_user_gql() got an unexpected keyword argument 'update_headers'
2025-10-02 12:41:34,803 - INFO - https://i.instagram.com/api/v1/users/blackerhund_wong/usernameinfo/
2025-10-02 12:41:35,476 - INFO - cheneyli7 [200] GET https://i.instagram.com/api/v1/users/blackerhund_wong/usernameinfo/ (269.0.0.18.75, OnePlus 6T Dev)
2025-10-02 12:41:35,476 - INFO - Account stats: 102 followers, 76 following
2025-10-02 12:41:35,476 - INFO - Fetching following list for blackerhund_wong...
2025-10-02 12:41:36,478 - INFO - https://i.instagram.com/api/v1/friendships/7121347902/following/
2025-10-02 12:41:37,234 - INFO - cheneyli7 [200] GET https://i.instagram.com/api/v1/friendships/7121347902/following/?max_id=&count=200&rank_token=67658586794_e5a85f02-02bb-4ce7-b27c-1b3cd7f1a664&search_surface=follow_list_page&query=&enable_groups=true (269.0.0.18.75, OnePlus 6T Dev)
2025-10-02 12:41:38,239 - INFO - https://i.instagram.com/api/v1/friendships/7121347902/following/
2025-10-02 12:41:39,067 - INFO - cheneyli7 [200] GET https://i.instagram.com/api/v1/friendships/7121347902/following/?max_id=25&count=200&rank_token=67658586794_e5a85f02-02bb-4ce7-b27c-1b3cd7f1a664&search_surface=follow_list_page&query=&enable_groups=true (269.0.0.18.75, OnePlus 6T Dev)
2025-10-02 12:41:40,070 - INFO - https://i.instagram.com/api/v1/friendships/7121347902/following/
2025-10-02 12:41:41,313 - INFO - cheneyli7 [200] GET https://i.instagram.com/api/v1/friendships/7121347902/following/?max_id=50&count=200&rank_token=67658586794_e5a85f02-02bb-4ce7-b27c-1b3cd7f1a664&search_surface=follow_list_page&query=&enable_groups=true (269.0.0.18.75, OnePlus 6T Dev)
2025-10-02 12:41:42,315 - INFO - https://i.instagram.com/api/v1/friendships/7121347902/following/
2025-10-02 12:41:42,587 - INFO - cheneyli7 [200] GET https://i.instagram.com/api/v1/friendships/7121347902/following/?max_id=75&count=200&rank_token=67658586794_e5a85f02-02bb-4ce7-b27c-1b3cd7f1a664&search_surface=follow_list_page&query=&enable_groups=true (269.0.0.18.75, OnePlus 6T Dev)
2025-10-02 12:41:42,587 - INFO - ✅ Successfully retrieved 70 following accounts
2025-10-02 12:41:42,595 - INFO - Saved data to instagram_data/scraping_progress.json
2025-10-02 12:41:42,595 - INFO - ⏳ Waiting 17.9 seconds before next account (human-like behavior)...
2025-10-02 12:42:00,511 - INFO - 
[4/10] Processing blesmeir
2025-10-02 12:42:00,511 - INFO - 
============================================================
2025-10-02 12:42:00,511 - INFO - Processing account: blesmeir
2025-10-02 12:42:00,511 - INFO - ============================================================
2025-10-02 12:42:00,511 - INFO - Fetching user info for blesmeir...
2025-10-02 12:42:01,725 - INFO - [None] [200] GET https://www.instagram.com/api/v1/users/web_profile_info/?username=blesmeir
2025-10-02 12:42:01,726 - ERROR - extract_user_gql() got an unexpected keyword argument 'update_headers'
Traceback (most recent call last):
  File "/opt/miniconda3/lib/python3.11/site-packages/instagrapi/mixins/user.py", line 203, in user_info_by_username
    user = self.user_info_by_username_gql(username)
           ^^^^^^^^^^^^^^^^^^^^^^^^^^^^^^^^^^^^^^^^
  File "/opt/miniconda3/lib/python3.11/site-packages/instagrapi/mixins/user.py", line 155, in user_info_by_username_gql
    data = extract_user_gql(json.loads(self.public_request(f'https://www.instagram.com/api/v1/users/web_profile_info/?username={username}', headers=temporary_public_headers))['data']['user'], update_headers=update_headers)
           ^^^^^^^^^^^^^^^^^^^^^^^^^^^^^^^^^^^^^^^^^^^^^^^^^^^^^^^^^^^^^^^^^^^^^^^^^^^^^^^^^^^^^^^^^^^^^^^^^^^^^^^^^^^^^^^^^^^^^^^^^^^^^^^^^^^^^^^^^^^^^^^^^^^^^^^^^^^^^^^^^^^^^^^^^^^^^^^^^^^^^^^^^^^^^^^^^^^^^^^^^^^^^^^^^^^
TypeError: extract_user_gql() got an unexpected keyword argument 'update_headers'
2025-10-02 12:42:02,730 - INFO - https://i.instagram.com/api/v1/users/blesmeir/usernameinfo/
2025-10-02 12:42:03,905 - INFO - cheneyli7 [200] GET https://i.instagram.com/api/v1/users/blesmeir/usernameinfo/ (269.0.0.18.75, OnePlus 6T Dev)
2025-10-02 12:42:03,907 - INFO - Account stats: 401 followers, 680 following
2025-10-02 12:42:03,907 - INFO - Fetching following list for blesmeir...
2025-10-02 12:42:04,912 - INFO - https://i.instagram.com/api/v1/friendships/7517476496/following/
2025-10-02 12:42:05,128 - INFO - cheneyli7 [200] GET https://i.instagram.com/api/v1/friendships/7517476496/following/?max_id=&count=200&rank_token=67658586794_e5a85f02-02bb-4ce7-b27c-1b3cd7f1a664&search_surface=follow_list_page&query=&enable_groups=true (269.0.0.18.75, OnePlus 6T Dev)
2025-10-02 12:42:05,128 - INFO - ✅ Successfully retrieved 0 following accounts
2025-10-02 12:42:05,140 - INFO - Saved data to instagram_data/scraping_progress.json
2025-10-02 12:42:05,140 - INFO - ⏳ Waiting 40.8 seconds before next account (human-like behavior)...
