2025-09-30 18:18:38,920 - INFO - ============================================================
2025-09-30 18:18:38,920 - INFO - Instagram Scraper with Instagrapi Starting
2025-09-30 18:18:38,920 - INFO - ============================================================
2025-09-30 18:18:38,920 - INFO - Loading existing data...
2025-09-30 18:18:38,922 - INFO - Loaded 1406 accounts from queue
2025-09-30 18:18:38,922 - INFO - 
Account Categories:
2025-09-30 18:18:38,922 - INFO -   unprocessed: 0 accounts (0.0%)
2025-09-30 18:18:38,922 - INFO -   incomplete: 42 accounts (3.0%)
2025-09-30 18:18:38,922 - INFO -   rate_limited: 1077 accounts (76.6%)
2025-09-30 18:18:38,922 - INFO -   complete: 149 accounts (10.6%)
2025-09-30 18:18:38,922 - INFO -   skipped: 97 accounts (6.9%)
2025-09-30 18:18:38,922 - INFO -   empty: 41 accounts (2.9%)
2025-09-30 18:18:38,922 - INFO - 
Total accounts to process: 1119
2025-09-30 18:18:38,922 - INFO - Will process up to 25 accounts this session
2025-09-30 18:18:38,922 - INFO - 
Logging in as fretin98...
2025-09-30 18:18:38,923 - INFO - https://i.instagram.com/api/v1/launcher/sync/
2025-09-30 18:18:39,663 - INFO - fretin98 [200] POST https://i.instagram.com/api/v1/launcher/sync/ (269.0.0.18.75, OnePlus 6T Dev)
2025-09-30 18:18:40,084 - INFO - https://i.instagram.com/api/v1/accounts/login/
2025-09-30 18:18:44,786 - INFO - fretin98 [200] POST https://i.instagram.com/api/v1/accounts/login/ (269.0.0.18.75, OnePlus 6T Dev)
2025-09-30 18:18:45,795 - INFO - https://i.instagram.com/api/v1/feed/reels_tray/
2025-09-30 18:18:45,993 - INFO - fretin98 [400] POST https://i.instagram.com/api/v1/feed/reels_tray/ (269.0.0.18.75, OnePlus 6T Dev)
2025-09-30 18:18:47,002 - INFO - https://i.instagram.com/api/v1/challenge/
2025-09-30 18:18:47,345 - INFO - fretin98 [400] GET https://i.instagram.com/api/v1/challenge/ (269.0.0.18.75, OnePlus 6T Dev)
2025-09-30 18:19:03,927 - INFO - https://i.instagram.com/api/v1/feed/reels_tray/
2025-09-30 18:19:04,649 - INFO - fretin98 [400] POST https://i.instagram.com/api/v1/feed/reels_tray/ (269.0.0.18.75, OnePlus 6T Dev)
2025-09-30 18:19:04,650 - ERROR - ❌ Login failed: challenge_required
