2025-09-30 18:40:24,417 - INFO - ============================================================
2025-09-30 18:40:24,417 - INFO - Instagram Scraper with Instagrapi Starting
2025-09-30 18:40:24,417 - INFO - ============================================================
2025-09-30 18:40:24,417 - INFO - Loading existing data...
2025-09-30 18:40:24,419 - INFO - Loaded 1406 accounts from queue
2025-09-30 18:40:24,419 - INFO - 
Account Categories:
2025-09-30 18:40:24,419 - INFO -   unprocessed: 0 accounts (0.0%)
2025-09-30 18:40:24,419 - INFO -   incomplete: 42 accounts (3.0%)
2025-09-30 18:40:24,419 - INFO -   rate_limited: 1077 accounts (76.6%)
2025-09-30 18:40:24,419 - INFO -   complete: 149 accounts (10.6%)
2025-09-30 18:40:24,419 - INFO -   skipped: 97 accounts (6.9%)
2025-09-30 18:40:24,419 - INFO -   empty: 41 accounts (2.9%)
2025-09-30 18:40:24,419 - INFO - 
Total accounts to process: 1119
2025-09-30 18:40:24,419 - INFO - Will process up to 25 accounts this session
2025-09-30 18:40:24,419 - INFO - 
Logging in as fretin98...
2025-09-30 18:40:24,420 - INFO - https://i.instagram.com/api/v1/launcher/sync/
2025-09-30 18:40:25,066 - INFO - fretin98 [200] POST https://i.instagram.com/api/v1/launcher/sync/ (269.0.0.18.75, OnePlus 6T Dev)
2025-09-30 18:40:25,583 - INFO - https://i.instagram.com/api/v1/accounts/login/
2025-09-30 18:40:30,509 - INFO - fretin98 [200] POST https://i.instagram.com/api/v1/accounts/login/ (269.0.0.18.75, OnePlus 6T Dev)
2025-09-30 18:40:31,520 - INFO - https://i.instagram.com/api/v1/feed/reels_tray/
2025-09-30 18:40:31,705 - INFO - fretin98 [400] POST https://i.instagram.com/api/v1/feed/reels_tray/ (269.0.0.18.75, OnePlus 6T Dev)
2025-09-30 18:40:32,715 - INFO - https://i.instagram.com/api/v1/challenge/
2025-09-30 18:40:33,084 - INFO - fretin98 [400] GET https://i.instagram.com/api/v1/challenge/ (269.0.0.18.75, OnePlus 6T Dev)
2025-09-30 18:40:49,699 - INFO - https://i.instagram.com/api/v1/feed/reels_tray/
2025-09-30 18:40:49,866 - INFO - fretin98 [400] POST https://i.instagram.com/api/v1/feed/reels_tray/ (269.0.0.18.75, OnePlus 6T Dev)
2025-09-30 18:40:49,866 - ERROR - ❌ Login failed: challenge_required
