2025-09-30 17:18:48,255 - INFO - ============================================================
2025-09-30 17:18:48,255 - INFO - Instagram Scraper with Instagrapi Starting
2025-09-30 17:18:48,255 - INFO - ============================================================
2025-09-30 17:18:48,255 - INFO - Loading existing data...
2025-09-30 17:18:48,256 - INFO - Loaded 1406 accounts from queue
2025-09-30 17:18:48,257 - INFO - 
Account Categories:
2025-09-30 17:18:48,257 - INFO -   unprocessed: 0 accounts (0.0%)
2025-09-30 17:18:48,257 - INFO -   incomplete: 42 accounts (3.0%)
2025-09-30 17:18:48,257 - INFO -   rate_limited: 1077 accounts (76.6%)
2025-09-30 17:18:48,257 - INFO -   complete: 149 accounts (10.6%)
2025-09-30 17:18:48,257 - INFO -   skipped: 97 accounts (6.9%)
2025-09-30 17:18:48,257 - INFO -   empty: 41 accounts (2.9%)
2025-09-30 17:18:48,257 - INFO - 
Total accounts to process: 1119
2025-09-30 17:18:48,257 - INFO - Will process up to 25 accounts this session
2025-09-30 17:18:48,257 - INFO - 
Logging in as fretin98...
2025-09-30 17:18:48,257 - INFO - https://i.instagram.com/api/v1/launcher/sync/
2025-09-30 17:18:49,043 - INFO - fretin98 [200] POST https://i.instagram.com/api/v1/launcher/sync/ (269.0.0.18.75, OnePlus 6T Dev)
2025-09-30 17:18:49,406 - INFO - https://i.instagram.com/api/v1/accounts/login/
2025-09-30 17:18:55,182 - INFO - fretin98 [200] POST https://i.instagram.com/api/v1/accounts/login/ (269.0.0.18.75, OnePlus 6T Dev)
2025-09-30 17:18:56,192 - INFO - https://i.instagram.com/api/v1/feed/reels_tray/
2025-09-30 17:18:56,367 - INFO - fretin98 [400] POST https://i.instagram.com/api/v1/feed/reels_tray/ (269.0.0.18.75, OnePlus 6T Dev)
2025-09-30 17:18:57,374 - INFO - https://i.instagram.com/api/v1/challenge/
2025-09-30 17:18:58,461 - INFO - fretin98 [400] GET https://i.instagram.com/api/v1/challenge/ (269.0.0.18.75, OnePlus 6T Dev)
2025-09-30 17:19:15,089 - INFO - https://i.instagram.com/api/v1/feed/reels_tray/
2025-09-30 17:19:15,277 - INFO - fretin98 [400] POST https://i.instagram.com/api/v1/feed/reels_tray/ (269.0.0.18.75, OnePlus 6T Dev)
2025-09-30 17:19:15,277 - ERROR - ❌ Login failed: challenge_required
