2025-09-30 18:07:45,742 - INFO - ============================================================
2025-09-30 18:07:45,742 - INFO - Instagram Scraper with Instagrapi Starting
2025-09-30 18:07:45,742 - INFO - ============================================================
2025-09-30 18:07:45,742 - INFO - Loading existing data...
2025-09-30 18:07:45,744 - INFO - Loaded 1406 accounts from queue
2025-09-30 18:07:45,744 - INFO - 
Account Categories:
2025-09-30 18:07:45,744 - INFO -   unprocessed: 0 accounts (0.0%)
2025-09-30 18:07:45,744 - INFO -   incomplete: 42 accounts (3.0%)
2025-09-30 18:07:45,744 - INFO -   rate_limited: 1077 accounts (76.6%)
2025-09-30 18:07:45,744 - INFO -   complete: 149 accounts (10.6%)
2025-09-30 18:07:45,744 - INFO -   skipped: 97 accounts (6.9%)
2025-09-30 18:07:45,744 - INFO -   empty: 41 accounts (2.9%)
2025-09-30 18:07:45,744 - INFO - 
Total accounts to process: 1119
2025-09-30 18:07:45,744 - INFO - Will process up to 25 accounts this session
2025-09-30 18:07:45,744 - INFO - 
Logging in as fretin98...
2025-09-30 18:07:45,745 - INFO - https://i.instagram.com/api/v1/launcher/sync/
2025-09-30 18:07:46,409 - INFO - fretin98 [200] POST https://i.instagram.com/api/v1/launcher/sync/ (269.0.0.18.75, OnePlus 6T Dev)
2025-09-30 18:07:46,811 - INFO - https://i.instagram.com/api/v1/accounts/login/
2025-09-30 18:07:52,385 - INFO - fretin98 [200] POST https://i.instagram.com/api/v1/accounts/login/ (269.0.0.18.75, OnePlus 6T Dev)
2025-09-30 18:07:53,387 - INFO - https://i.instagram.com/api/v1/feed/reels_tray/
2025-09-30 18:07:53,614 - INFO - fretin98 [400] POST https://i.instagram.com/api/v1/feed/reels_tray/ (269.0.0.18.75, OnePlus 6T Dev)
2025-09-30 18:07:54,620 - INFO - https://i.instagram.com/api/v1/challenge/
2025-09-30 18:07:54,946 - INFO - fretin98 [400] GET https://i.instagram.com/api/v1/challenge/ (269.0.0.18.75, OnePlus 6T Dev)
2025-09-30 18:08:11,722 - INFO - https://i.instagram.com/api/v1/feed/reels_tray/
2025-09-30 18:08:11,894 - INFO - fretin98 [400] POST https://i.instagram.com/api/v1/feed/reels_tray/ (269.0.0.18.75, OnePlus 6T Dev)
2025-09-30 18:08:11,894 - ERROR - ❌ Login failed: challenge_required
