2025-09-30 17:02:27,957 - INFO - ============================================================
2025-09-30 17:02:27,957 - INFO - Instagram Scraper with Instagrapi Starting
2025-09-30 17:02:27,957 - INFO - ============================================================
2025-09-30 17:02:27,957 - INFO - Loading existing data...
2025-09-30 17:02:27,959 - INFO - Loaded 1406 accounts from queue
2025-09-30 17:02:27,960 - INFO - 
Account Categories:
2025-09-30 17:02:27,960 - INFO -   unprocessed: 0 accounts (0.0%)
2025-09-30 17:02:27,960 - INFO -   incomplete: 42 accounts (3.0%)
2025-09-30 17:02:27,960 - INFO -   rate_limited: 1077 accounts (76.6%)
2025-09-30 17:02:27,960 - INFO -   complete: 149 accounts (10.6%)
2025-09-30 17:02:27,960 - INFO -   skipped: 97 accounts (6.9%)
2025-09-30 17:02:27,960 - INFO -   empty: 41 accounts (2.9%)
2025-09-30 17:02:27,960 - INFO - 
Total accounts to process: 1119
2025-09-30 17:02:27,960 - INFO - Will process up to 25 accounts this session
2025-09-30 17:02:27,960 - INFO - 
Logging in as fretin98...
2025-09-30 17:02:27,960 - INFO - https://i.instagram.com/api/v1/launcher/sync/
2025-09-30 17:02:28,965 - INFO - fretin98 [200] POST https://i.instagram.com/api/v1/launcher/sync/ (269.0.0.18.75, OnePlus 6T Dev)
2025-09-30 17:02:29,422 - INFO - https://i.instagram.com/api/v1/accounts/login/
2025-09-30 17:02:35,741 - INFO - fretin98 [200] POST https://i.instagram.com/api/v1/accounts/login/ (269.0.0.18.75, OnePlus 6T Dev)
2025-09-30 17:02:36,744 - INFO - https://i.instagram.com/api/v1/feed/reels_tray/
2025-09-30 17:02:36,953 - INFO - fretin98 [400] POST https://i.instagram.com/api/v1/feed/reels_tray/ (269.0.0.18.75, OnePlus 6T Dev)
2025-09-30 17:02:37,957 - INFO - https://i.instagram.com/api/v1/challenge/
2025-09-30 17:02:38,224 - INFO - fretin98 [400] GET https://i.instagram.com/api/v1/challenge/ (269.0.0.18.75, OnePlus 6T Dev)
2025-09-30 17:02:54,851 - INFO - https://i.instagram.com/api/v1/feed/reels_tray/
2025-09-30 17:02:54,994 - INFO - fretin98 [400] POST https://i.instagram.com/api/v1/feed/reels_tray/ (269.0.0.18.75, OnePlus 6T Dev)
2025-09-30 17:02:54,995 - ERROR - ❌ Login failed: challenge_required
