2025-09-30 18:29:30,272 - INFO - ============================================================
2025-09-30 18:29:30,272 - INFO - Instagram Scraper with Instagrapi Starting
2025-09-30 18:29:30,272 - INFO - ============================================================
2025-09-30 18:29:30,272 - INFO - Loading existing data...
2025-09-30 18:29:30,274 - INFO - Loaded 1406 accounts from queue
2025-09-30 18:29:30,275 - INFO - 
Account Categories:
2025-09-30 18:29:30,275 - INFO -   unprocessed: 0 accounts (0.0%)
2025-09-30 18:29:30,275 - INFO -   incomplete: 42 accounts (3.0%)
2025-09-30 18:29:30,275 - INFO -   rate_limited: 1077 accounts (76.6%)
2025-09-30 18:29:30,275 - INFO -   complete: 149 accounts (10.6%)
2025-09-30 18:29:30,275 - INFO -   skipped: 97 accounts (6.9%)
2025-09-30 18:29:30,275 - INFO -   empty: 41 accounts (2.9%)
2025-09-30 18:29:30,275 - INFO - 
Total accounts to process: 1119
2025-09-30 18:29:30,275 - INFO - Will process up to 25 accounts this session
2025-09-30 18:29:30,275 - INFO - 
Logging in as fretin98...
2025-09-30 18:29:30,275 - INFO - https://i.instagram.com/api/v1/launcher/sync/
2025-09-30 18:29:30,955 - INFO - fretin98 [200] POST https://i.instagram.com/api/v1/launcher/sync/ (269.0.0.18.75, OnePlus 6T Dev)
2025-09-30 18:29:31,342 - INFO - https://i.instagram.com/api/v1/accounts/login/
2025-09-30 18:29:36,728 - INFO - fretin98 [200] POST https://i.instagram.com/api/v1/accounts/login/ (269.0.0.18.75, OnePlus 6T Dev)
2025-09-30 18:29:37,734 - INFO - https://i.instagram.com/api/v1/feed/reels_tray/
2025-09-30 18:29:37,944 - INFO - fretin98 [400] POST https://i.instagram.com/api/v1/feed/reels_tray/ (269.0.0.18.75, OnePlus 6T Dev)
2025-09-30 18:29:38,945 - INFO - https://i.instagram.com/api/v1/challenge/
2025-09-30 18:29:39,229 - INFO - fretin98 [400] GET https://i.instagram.com/api/v1/challenge/ (269.0.0.18.75, OnePlus 6T Dev)
2025-09-30 18:29:56,150 - INFO - https://i.instagram.com/api/v1/feed/reels_tray/
2025-09-30 18:29:56,345 - INFO - fretin98 [400] POST https://i.instagram.com/api/v1/feed/reels_tray/ (269.0.0.18.75, OnePlus 6T Dev)
2025-09-30 18:29:56,346 - ERROR - ❌ Login failed: challenge_required
