2025-09-30 17:35:09,222 - INFO - ============================================================
2025-09-30 17:35:09,222 - INFO - Instagram Scraper with Instagrapi Starting
2025-09-30 17:35:09,222 - INFO - ============================================================
2025-09-30 17:35:09,222 - INFO - Loading existing data...
2025-09-30 17:35:09,224 - INFO - Loaded 1406 accounts from queue
2025-09-30 17:35:09,224 - INFO - 
Account Categories:
2025-09-30 17:35:09,224 - INFO -   unprocessed: 0 accounts (0.0%)
2025-09-30 17:35:09,224 - INFO -   incomplete: 42 accounts (3.0%)
2025-09-30 17:35:09,224 - INFO -   rate_limited: 1077 accounts (76.6%)
2025-09-30 17:35:09,224 - INFO -   complete: 149 accounts (10.6%)
2025-09-30 17:35:09,224 - INFO -   skipped: 97 accounts (6.9%)
2025-09-30 17:35:09,224 - INFO -   empty: 41 accounts (2.9%)
2025-09-30 17:35:09,224 - INFO - 
Total accounts to process: 1119
2025-09-30 17:35:09,224 - INFO - Will process up to 25 accounts this session
2025-09-30 17:35:09,224 - INFO - 
Logging in as fretin98...
2025-09-30 17:35:09,224 - INFO - https://i.instagram.com/api/v1/launcher/sync/
2025-09-30 17:35:09,981 - INFO - fretin98 [200] POST https://i.instagram.com/api/v1/launcher/sync/ (269.0.0.18.75, OnePlus 6T Dev)
2025-09-30 17:35:10,322 - INFO - https://i.instagram.com/api/v1/accounts/login/
2025-09-30 17:35:15,767 - INFO - fretin98 [200] POST https://i.instagram.com/api/v1/accounts/login/ (269.0.0.18.75, OnePlus 6T Dev)
2025-09-30 17:35:16,771 - INFO - https://i.instagram.com/api/v1/feed/reels_tray/
2025-09-30 17:35:16,960 - INFO - fretin98 [400] POST https://i.instagram.com/api/v1/feed/reels_tray/ (269.0.0.18.75, OnePlus 6T Dev)
2025-09-30 17:35:17,970 - INFO - https://i.instagram.com/api/v1/challenge/
2025-09-30 17:35:18,327 - INFO - fretin98 [400] GET https://i.instagram.com/api/v1/challenge/ (269.0.0.18.75, OnePlus 6T Dev)
2025-09-30 17:35:34,891 - INFO - https://i.instagram.com/api/v1/feed/reels_tray/
2025-09-30 17:35:35,067 - INFO - fretin98 [400] POST https://i.instagram.com/api/v1/feed/reels_tray/ (269.0.0.18.75, OnePlus 6T Dev)
2025-09-30 17:35:35,068 - ERROR - ❌ Login failed: challenge_required
