2025-09-30 18:45:50,374 - INFO - ============================================================
2025-09-30 18:45:50,374 - INFO - Instagram Scraper with Instagrapi Starting
2025-09-30 18:45:50,374 - INFO - ============================================================
2025-09-30 18:45:50,374 - INFO - Loading existing data...
2025-09-30 18:45:50,376 - INFO - Loaded 1406 accounts from queue
2025-09-30 18:45:50,377 - INFO - 
Account Categories:
2025-09-30 18:45:50,377 - INFO -   unprocessed: 0 accounts (0.0%)
2025-09-30 18:45:50,377 - INFO -   incomplete: 42 accounts (3.0%)
2025-09-30 18:45:50,377 - INFO -   rate_limited: 1077 accounts (76.6%)
2025-09-30 18:45:50,377 - INFO -   complete: 149 accounts (10.6%)
2025-09-30 18:45:50,377 - INFO -   skipped: 97 accounts (6.9%)
2025-09-30 18:45:50,377 - INFO -   empty: 41 accounts (2.9%)
2025-09-30 18:45:50,377 - INFO - 
Total accounts to process: 1119
2025-09-30 18:45:50,377 - INFO - Will process up to 25 accounts this session
2025-09-30 18:45:50,377 - INFO - 
Logging in as fretin98...
2025-09-30 18:45:50,377 - INFO - https://i.instagram.com/api/v1/launcher/sync/
2025-09-30 18:45:51,334 - INFO - fretin98 [200] POST https://i.instagram.com/api/v1/launcher/sync/ (269.0.0.18.75, OnePlus 6T Dev)
2025-09-30 18:45:51,745 - INFO - https://i.instagram.com/api/v1/accounts/login/
2025-09-30 18:45:56,494 - INFO - fretin98 [200] POST https://i.instagram.com/api/v1/accounts/login/ (269.0.0.18.75, OnePlus 6T Dev)
2025-09-30 18:45:57,499 - INFO - https://i.instagram.com/api/v1/feed/reels_tray/
2025-09-30 18:45:57,722 - INFO - fretin98 [400] POST https://i.instagram.com/api/v1/feed/reels_tray/ (269.0.0.18.75, OnePlus 6T Dev)
2025-09-30 18:45:58,733 - INFO - https://i.instagram.com/api/v1/challenge/
2025-09-30 18:45:59,028 - INFO - fretin98 [400] GET https://i.instagram.com/api/v1/challenge/ (269.0.0.18.75, OnePlus 6T Dev)
2025-09-30 18:46:15,672 - INFO - https://i.instagram.com/api/v1/feed/reels_tray/
2025-09-30 18:46:15,842 - INFO - fretin98 [400] POST https://i.instagram.com/api/v1/feed/reels_tray/ (269.0.0.18.75, OnePlus 6T Dev)
2025-09-30 18:46:15,842 - ERROR - ❌ Login failed: challenge_required
