2025-09-30 13:52:50,880 - INFO - ============================================================
2025-09-30 13:52:50,880 - INFO - Instagram Scraper with Instagrapi Starting
2025-09-30 13:52:50,880 - INFO - ============================================================
2025-09-30 13:52:50,880 - INFO - Loading existing data...
2025-09-30 13:52:50,882 - INFO - Loaded 1406 accounts from queue
2025-09-30 13:52:50,882 - INFO - 
Account Categories:
2025-09-30 13:52:50,882 - INFO -   unprocessed: 0 accounts (0.0%)
2025-09-30 13:52:50,882 - INFO -   incomplete: 36 accounts (2.6%)
2025-09-30 13:52:50,882 - INFO -   rate_limited: 1194 accounts (84.9%)
2025-09-30 13:52:50,882 - INFO -   complete: 43 accounts (3.1%)
2025-09-30 13:52:50,882 - INFO -   skipped: 97 accounts (6.9%)
2025-09-30 13:52:50,882 - INFO -   empty: 36 accounts (2.6%)
2025-09-30 13:52:50,882 - INFO - 
Total accounts to process: 1230
2025-09-30 13:52:50,882 - INFO - Will process up to 25 accounts this session
2025-09-30 13:52:50,882 - INFO - 
Logging in as fretin98...
2025-09-30 13:52:50,882 - INFO - https://i.instagram.com/api/v1/launcher/sync/
2025-09-30 13:52:51,512 - INFO - fretin98 [200] POST https://i.instagram.com/api/v1/launcher/sync/ (269.0.0.18.75, OnePlus 6T Dev)
2025-09-30 13:52:51,895 - INFO - https://i.instagram.com/api/v1/accounts/login/
2025-09-30 13:52:56,321 - INFO - fretin98 [200] POST https://i.instagram.com/api/v1/accounts/login/ (269.0.0.18.75, OnePlus 6T Dev)
2025-09-30 13:52:57,326 - INFO - https://i.instagram.com/api/v1/feed/reels_tray/
2025-09-30 13:52:57,516 - INFO - fretin98 [400] POST https://i.instagram.com/api/v1/feed/reels_tray/ (269.0.0.18.75, OnePlus 6T Dev)
2025-09-30 13:52:58,522 - INFO - https://i.instagram.com/api/v1/challenge/
2025-09-30 13:52:58,807 - INFO - fretin98 [200] GET https://i.instagram.com/api/v1/challenge/ (269.0.0.18.75, OnePlus 6T Dev)
2025-09-30 13:52:59,809 - INFO - https://i.instagram.com/api/v1/challenge/
2025-09-30 13:53:00,961 - INFO - fretin98 [200] POST https://i.instagram.com/api/v1/challenge/ (269.0.0.18.75, OnePlus 6T Dev)
2025-09-30 13:53:01,971 - INFO - https://i.instagram.com/api/v1/feed/reels_tray/
2025-09-30 13:53:03,005 - INFO - fretin98 [200] POST https://i.instagram.com/api/v1/feed/reels_tray/ (269.0.0.18.75, OnePlus 6T Dev)
2025-09-30 13:53:04,017 - INFO - https://i.instagram.com/api/v1/feed/timeline/
2025-09-30 13:53:05,685 - INFO - fretin98 [200] POST https://i.instagram.com/api/v1/feed/timeline/ (269.0.0.18.75, OnePlus 6T Dev)
2025-09-30 13:53:05,687 - INFO - ✅ Login successful!
2025-09-30 13:53:05,687 - INFO - 
[1/25] Processing 66ari_
2025-09-30 13:53:05,687 - INFO - 
============================================================
2025-09-30 13:53:05,687 - INFO - Processing account: 66ari_
2025-09-30 13:53:05,687 - INFO - ============================================================
2025-09-30 13:53:05,687 - INFO - Fetching user info for 66ari_...
2025-09-30 13:53:08,168 - INFO - [None] [200] GET https://www.instagram.com/api/v1/users/web_profile_info/?username=66ari_
2025-09-30 13:53:08,170 - ERROR - extract_user_gql() got an unexpected keyword argument 'update_headers'
Traceback (most recent call last):
  File "/opt/miniconda3/lib/python3.11/site-packages/instagrapi/mixins/user.py", line 203, in user_info_by_username
    user = self.user_info_by_username_gql(username)
           ^^^^^^^^^^^^^^^^^^^^^^^^^^^^^^^^^^^^^^^^
  File "/opt/miniconda3/lib/python3.11/site-packages/instagrapi/mixins/user.py", line 155, in user_info_by_username_gql
    data = extract_user_gql(json.loads(self.public_request(f'https://www.instagram.com/api/v1/users/web_profile_info/?username={username}', headers=temporary_public_headers))['data']['user'], update_headers=update_headers)
           ^^^^^^^^^^^^^^^^^^^^^^^^^^^^^^^^^^^^^^^^^^^^^^^^^^^^^^^^^^^^^^^^^^^^^^^^^^^^^^^^^^^^^^^^^^^^^^^^^^^^^^^^^^^^^^^^^^^^^^^^^^^^^^^^^^^^^^^^^^^^^^^^^^^^^^^^^^^^^^^^^^^^^^^^^^^^^^^^^^^^^^^^^^^^^^^^^^^^^^^^^^^^^^^^^^^
TypeError: extract_user_gql() got an unexpected keyword argument 'update_headers'
2025-09-30 13:53:09,181 - INFO - https://i.instagram.com/api/v1/users/66ari_/usernameinfo/
2025-09-30 13:53:09,691 - INFO - fretin98 [200] GET https://i.instagram.com/api/v1/users/66ari_/usernameinfo/ (269.0.0.18.75, OnePlus 6T Dev)
2025-09-30 13:53:09,695 - INFO - Account stats: 1,807 followers, 551 following
2025-09-30 13:53:09,695 - INFO - Fetching following list for 66ari_...
2025-09-30 13:53:10,701 - INFO - https://i.instagram.com/api/v1/friendships/409862867/following/
2025-09-30 13:53:12,770 - INFO - fretin98 [200] GET https://i.instagram.com/api/v1/friendships/409862867/following/?max_id=&count=200&rank_token=1073026362_dadaa4b0-3f48-4d4d-a373-e2c22043d5c3&search_surface=follow_list_page&query=&enable_groups=true (269.0.0.18.75, OnePlus 6T Dev)
2025-09-30 13:53:13,785 - INFO - https://i.instagram.com/api/v1/friendships/409862867/following/
2025-09-30 13:53:15,101 - INFO - fretin98 [200] GET https://i.instagram.com/api/v1/friendships/409862867/following/?max_id=QVFEYk5JbGdUcnhEa3hwQVd6anJvVl9xZEI5RGVJMnY4akJKcEtDeXB4Y3lRaHBDUUllNnU5RTVoZmJhZHFwZ01CeWp3c3BFTW51RGtta1lqVnRrTnJwZA%3D%3D&count=200&rank_token=1073026362_dadaa4b0-3f48-4d4d-a373-e2c22043d5c3&search_surface=follow_list_page&query=&enable_groups=true (269.0.0.18.75, OnePlus 6T Dev)
2025-09-30 13:53:16,114 - INFO - https://i.instagram.com/api/v1/friendships/409862867/following/
2025-09-30 13:53:17,143 - INFO - fretin98 [200] GET https://i.instagram.com/api/v1/friendships/409862867/following/?max_id=QVFDSGk5S2xNZFJiZWlNWUJ0cnJTUXVSU3kzcGRWM3pMVlhLU3NiUzFkNHViR2M5M1l3QVFsT3dwelNGaXc0MUIzMm1ZWDlfTXdhTXVhRm1HeVlHVjJwRQ%3D%3D&count=200&rank_token=1073026362_dadaa4b0-3f48-4d4d-a373-e2c22043d5c3&search_surface=follow_list_page&query=&enable_groups=true (269.0.0.18.75, OnePlus 6T Dev)
2025-09-30 13:53:17,149 - INFO - ✅ Successfully retrieved 550 following accounts
2025-09-30 13:53:17,168 - INFO - Saved data to instagram_data/scraping_progress.json
2025-09-30 13:53:17,169 - INFO - Waiting 10 seconds before next account...
2025-09-30 13:53:27,179 - INFO - 
[2/25] Processing 77yuanjy77
2025-09-30 13:53:27,179 - INFO - 
============================================================
2025-09-30 13:53:27,180 - INFO - Processing account: 77yuanjy77
2025-09-30 13:53:27,180 - INFO - ============================================================
2025-09-30 13:53:27,180 - INFO - Fetching user info for 77yuanjy77...
2025-09-30 13:53:28,386 - INFO - [None] [200] GET https://www.instagram.com/api/v1/users/web_profile_info/?username=77yuanjy77
2025-09-30 13:53:28,386 - ERROR - extract_user_gql() got an unexpected keyword argument 'update_headers'
Traceback (most recent call last):
  File "/opt/miniconda3/lib/python3.11/site-packages/instagrapi/mixins/user.py", line 203, in user_info_by_username
    user = self.user_info_by_username_gql(username)
           ^^^^^^^^^^^^^^^^^^^^^^^^^^^^^^^^^^^^^^^^
  File "/opt/miniconda3/lib/python3.11/site-packages/instagrapi/mixins/user.py", line 155, in user_info_by_username_gql
    data = extract_user_gql(json.loads(self.public_request(f'https://www.instagram.com/api/v1/users/web_profile_info/?username={username}', headers=temporary_public_headers))['data']['user'], update_headers=update_headers)
           ^^^^^^^^^^^^^^^^^^^^^^^^^^^^^^^^^^^^^^^^^^^^^^^^^^^^^^^^^^^^^^^^^^^^^^^^^^^^^^^^^^^^^^^^^^^^^^^^^^^^^^^^^^^^^^^^^^^^^^^^^^^^^^^^^^^^^^^^^^^^^^^^^^^^^^^^^^^^^^^^^^^^^^^^^^^^^^^^^^^^^^^^^^^^^^^^^^^^^^^^^^^^^^^^^^^
TypeError: extract_user_gql() got an unexpected keyword argument 'update_headers'
2025-09-30 13:53:29,397 - INFO - https://i.instagram.com/api/v1/users/77yuanjy77/usernameinfo/
2025-09-30 13:53:29,934 - INFO - fretin98 [200] GET https://i.instagram.com/api/v1/users/77yuanjy77/usernameinfo/ (269.0.0.18.75, OnePlus 6T Dev)
2025-09-30 13:53:29,935 - INFO - Account stats: 196 followers, 280 following
2025-09-30 13:53:29,935 - INFO - Fetching following list for 77yuanjy77...
2025-09-30 13:53:30,945 - INFO - https://i.instagram.com/api/v1/friendships/5930299620/following/
2025-09-30 13:53:32,414 - INFO - fretin98 [200] GET https://i.instagram.com/api/v1/friendships/5930299620/following/?max_id=&count=200&rank_token=1073026362_dadaa4b0-3f48-4d4d-a373-e2c22043d5c3&search_surface=follow_list_page&query=&enable_groups=true (269.0.0.18.75, OnePlus 6T Dev)
2025-09-30 13:53:33,420 - INFO - https://i.instagram.com/api/v1/friendships/5930299620/following/
2025-09-30 13:53:35,248 - INFO - fretin98 [200] GET https://i.instagram.com/api/v1/friendships/5930299620/following/?max_id=QVFENXh5Y3JtbjNPUXA4X0p6ZUhFSDJtbm9QMF9sS2RQSFhpQUc0VEJRZFdVVGFTSGl6QjluSHY4d0dPTzJTempuN09VTXhqMGU4YXpYOWFNQmlzTDNZMQ%3D%3D&count=200&rank_token=1073026362_dadaa4b0-3f48-4d4d-a373-e2c22043d5c3&search_surface=follow_list_page&query=&enable_groups=true (269.0.0.18.75, OnePlus 6T Dev)
2025-09-30 13:53:35,253 - INFO - ✅ Successfully retrieved 278 following accounts
2025-09-30 13:53:35,273 - INFO - Saved data to instagram_data/scraping_progress.json
2025-09-30 13:53:35,273 - INFO - Waiting 10 seconds before next account...
2025-09-30 13:53:45,283 - INFO - 
[3/25] Processing 7soulsdeep
2025-09-30 13:53:45,285 - INFO - 
============================================================
2025-09-30 13:53:45,285 - INFO - Processing account: 7soulsdeep
2025-09-30 13:53:45,285 - INFO - ============================================================
2025-09-30 13:53:45,286 - INFO - Fetching user info for 7soulsdeep...
2025-09-30 13:53:48,597 - INFO - [None] [200] GET https://www.instagram.com/api/v1/users/web_profile_info/?username=7soulsdeep
2025-09-30 13:53:48,603 - ERROR - extract_user_gql() got an unexpected keyword argument 'update_headers'
Traceback (most recent call last):
  File "/opt/miniconda3/lib/python3.11/site-packages/instagrapi/mixins/user.py", line 203, in user_info_by_username
    user = self.user_info_by_username_gql(username)
           ^^^^^^^^^^^^^^^^^^^^^^^^^^^^^^^^^^^^^^^^
  File "/opt/miniconda3/lib/python3.11/site-packages/instagrapi/mixins/user.py", line 155, in user_info_by_username_gql
    data = extract_user_gql(json.loads(self.public_request(f'https://www.instagram.com/api/v1/users/web_profile_info/?username={username}', headers=temporary_public_headers))['data']['user'], update_headers=update_headers)
           ^^^^^^^^^^^^^^^^^^^^^^^^^^^^^^^^^^^^^^^^^^^^^^^^^^^^^^^^^^^^^^^^^^^^^^^^^^^^^^^^^^^^^^^^^^^^^^^^^^^^^^^^^^^^^^^^^^^^^^^^^^^^^^^^^^^^^^^^^^^^^^^^^^^^^^^^^^^^^^^^^^^^^^^^^^^^^^^^^^^^^^^^^^^^^^^^^^^^^^^^^^^^^^^^^^^
TypeError: extract_user_gql() got an unexpected keyword argument 'update_headers'
2025-09-30 13:53:49,607 - INFO - https://i.instagram.com/api/v1/users/7soulsdeep/usernameinfo/
2025-09-30 13:53:50,108 - INFO - fretin98 [200] GET https://i.instagram.com/api/v1/users/7soulsdeep/usernameinfo/ (269.0.0.18.75, OnePlus 6T Dev)
2025-09-30 13:53:50,110 - INFO - Account stats: 93,743 followers, 132 following
2025-09-30 13:53:50,110 - INFO - Fetching following list for 7soulsdeep...
2025-09-30 13:53:51,114 - INFO - https://i.instagram.com/api/v1/friendships/314430123/following/
2025-09-30 13:53:52,565 - INFO - fretin98 [200] GET https://i.instagram.com/api/v1/friendships/314430123/following/?max_id=&count=200&rank_token=1073026362_dadaa4b0-3f48-4d4d-a373-e2c22043d5c3&search_surface=follow_list_page&query=&enable_groups=true (269.0.0.18.75, OnePlus 6T Dev)
2025-09-30 13:53:52,568 - INFO - ✅ Successfully retrieved 133 following accounts
2025-09-30 13:53:52,579 - INFO - Saved data to instagram_data/scraping_progress.json
2025-09-30 13:53:52,579 - INFO - Waiting 10 seconds before next account...
2025-09-30 13:54:02,589 - INFO - 
[4/25] Processing ____sailing
2025-09-30 13:54:02,590 - INFO - 
============================================================
2025-09-30 13:54:02,590 - INFO - Processing account: ____sailing
2025-09-30 13:54:02,590 - INFO - ============================================================
2025-09-30 13:54:02,591 - INFO - Fetching user info for ____sailing...
2025-09-30 13:54:03,749 - INFO - [None] [404] GET https://www.instagram.com/api/v1/users/web_profile_info/?username=____sailing
2025-09-30 13:54:04,751 - INFO - https://i.instagram.com/api/v1/users/____sailing/usernameinfo/
2025-09-30 13:54:04,918 - INFO - fretin98 [404] GET https://i.instagram.com/api/v1/users/____sailing/usernameinfo/ (269.0.0.18.75, OnePlus 6T Dev)
2025-09-30 13:54:04,919 - WARNING - Status 404: Endpoint /v1/users/____sailing/usernameinfo/ does not exist
2025-09-30 13:54:04,920 - WARNING - User ____sailing not found - may be private or deleted
2025-09-30 13:54:04,920 - INFO - Waiting 10 seconds before next account...
2025-09-30 13:54:14,929 - INFO - 
[5/25] Processing __moonily
2025-09-30 13:54:14,930 - INFO - 
============================================================
2025-09-30 13:54:14,930 - INFO - Processing account: __moonily
2025-09-30 13:54:14,930 - INFO - ============================================================
2025-09-30 13:54:14,931 - INFO - Fetching user info for __moonily...
2025-09-30 13:54:16,323 - INFO - [None] [200] GET https://www.instagram.com/api/v1/users/web_profile_info/?username=__moonily
2025-09-30 13:54:16,323 - ERROR - extract_user_gql() got an unexpected keyword argument 'update_headers'
Traceback (most recent call last):
  File "/opt/miniconda3/lib/python3.11/site-packages/instagrapi/mixins/user.py", line 203, in user_info_by_username
    user = self.user_info_by_username_gql(username)
           ^^^^^^^^^^^^^^^^^^^^^^^^^^^^^^^^^^^^^^^^
  File "/opt/miniconda3/lib/python3.11/site-packages/instagrapi/mixins/user.py", line 155, in user_info_by_username_gql
    data = extract_user_gql(json.loads(self.public_request(f'https://www.instagram.com/api/v1/users/web_profile_info/?username={username}', headers=temporary_public_headers))['data']['user'], update_headers=update_headers)
           ^^^^^^^^^^^^^^^^^^^^^^^^^^^^^^^^^^^^^^^^^^^^^^^^^^^^^^^^^^^^^^^^^^^^^^^^^^^^^^^^^^^^^^^^^^^^^^^^^^^^^^^^^^^^^^^^^^^^^^^^^^^^^^^^^^^^^^^^^^^^^^^^^^^^^^^^^^^^^^^^^^^^^^^^^^^^^^^^^^^^^^^^^^^^^^^^^^^^^^^^^^^^^^^^^^^
TypeError: extract_user_gql() got an unexpected keyword argument 'update_headers'
2025-09-30 13:54:17,334 - INFO - https://i.instagram.com/api/v1/users/__moonily/usernameinfo/
2025-09-30 13:54:17,860 - INFO - fretin98 [200] GET https://i.instagram.com/api/v1/users/__moonily/usernameinfo/ (269.0.0.18.75, OnePlus 6T Dev)
2025-09-30 13:54:17,861 - INFO - Account stats: 370 followers, 297 following
2025-09-30 13:54:17,861 - INFO - Fetching following list for __moonily...
2025-09-30 13:54:18,870 - INFO - https://i.instagram.com/api/v1/friendships/35305294256/following/
2025-09-30 13:54:20,523 - INFO - fretin98 [200] GET https://i.instagram.com/api/v1/friendships/35305294256/following/?max_id=&count=200&rank_token=1073026362_dadaa4b0-3f48-4d4d-a373-e2c22043d5c3&search_surface=follow_list_page&query=&enable_groups=true (269.0.0.18.75, OnePlus 6T Dev)
2025-09-30 13:54:21,530 - INFO - https://i.instagram.com/api/v1/friendships/35305294256/following/
2025-09-30 13:54:22,416 - INFO - fretin98 [200] GET https://i.instagram.com/api/v1/friendships/35305294256/following/?max_id=QVFBMnpkMnRHR0I3Y0RqTkpMNl9leGZMcGJTZzNiWjhaUzBFaVJHVTBBMnhHQWFLSmFjdGhsbXAzODluckxDaGtKMzdhUVc2cUZSZ1VqSFQzUm5kc1FucQ%3D%3D&count=200&rank_token=1073026362_dadaa4b0-3f48-4d4d-a373-e2c22043d5c3&search_surface=follow_list_page&query=&enable_groups=true (269.0.0.18.75, OnePlus 6T Dev)
2025-09-30 13:54:22,420 - INFO - ✅ Successfully retrieved 297 following accounts
2025-09-30 13:54:22,433 - INFO - Saved data to instagram_data/scraping_progress.json
2025-09-30 13:54:22,433 - INFO - Waiting 10 seconds before next account...
2025-09-30 13:54:32,439 - INFO - 
[6/25] Processing __xinyiyang
2025-09-30 13:54:32,439 - INFO - 
============================================================
2025-09-30 13:54:32,440 - INFO - Processing account: __xinyiyang
2025-09-30 13:54:32,440 - INFO - ============================================================
2025-09-30 13:54:32,440 - INFO - Fetching user info for __xinyiyang...
2025-09-30 13:54:33,921 - INFO - [None] [200] GET https://www.instagram.com/api/v1/users/web_profile_info/?username=__xinyiyang
2025-09-30 13:54:33,921 - ERROR - extract_user_gql() got an unexpected keyword argument 'update_headers'
Traceback (most recent call last):
  File "/opt/miniconda3/lib/python3.11/site-packages/instagrapi/mixins/user.py", line 203, in user_info_by_username
    user = self.user_info_by_username_gql(username)
           ^^^^^^^^^^^^^^^^^^^^^^^^^^^^^^^^^^^^^^^^
  File "/opt/miniconda3/lib/python3.11/site-packages/instagrapi/mixins/user.py", line 155, in user_info_by_username_gql
    data = extract_user_gql(json.loads(self.public_request(f'https://www.instagram.com/api/v1/users/web_profile_info/?username={username}', headers=temporary_public_headers))['data']['user'], update_headers=update_headers)
           ^^^^^^^^^^^^^^^^^^^^^^^^^^^^^^^^^^^^^^^^^^^^^^^^^^^^^^^^^^^^^^^^^^^^^^^^^^^^^^^^^^^^^^^^^^^^^^^^^^^^^^^^^^^^^^^^^^^^^^^^^^^^^^^^^^^^^^^^^^^^^^^^^^^^^^^^^^^^^^^^^^^^^^^^^^^^^^^^^^^^^^^^^^^^^^^^^^^^^^^^^^^^^^^^^^^
TypeError: extract_user_gql() got an unexpected keyword argument 'update_headers'
2025-09-30 13:54:34,932 - INFO - https://i.instagram.com/api/v1/users/__xinyiyang/usernameinfo/
2025-09-30 13:54:35,485 - INFO - fretin98 [200] GET https://i.instagram.com/api/v1/users/__xinyiyang/usernameinfo/ (269.0.0.18.75, OnePlus 6T Dev)
2025-09-30 13:54:35,486 - INFO - Account stats: 298 followers, 350 following
2025-09-30 13:54:35,486 - INFO - Fetching following list for __xinyiyang...
2025-09-30 13:54:36,497 - INFO - https://i.instagram.com/api/v1/friendships/3532620937/following/
2025-09-30 13:54:38,174 - INFO - fretin98 [200] GET https://i.instagram.com/api/v1/friendships/3532620937/following/?max_id=&count=200&rank_token=1073026362_dadaa4b0-3f48-4d4d-a373-e2c22043d5c3&search_surface=follow_list_page&query=&enable_groups=true (269.0.0.18.75, OnePlus 6T Dev)
2025-09-30 13:54:39,191 - INFO - https://i.instagram.com/api/v1/friendships/3532620937/following/
2025-09-30 13:54:40,264 - INFO - fretin98 [200] GET https://i.instagram.com/api/v1/friendships/3532620937/following/?max_id=QVFEeWZVYTM3T3hyakxRX0lpM2pnYXhPYm83YUVwem8xM0R5OFJ6SEN3dklLb0pOUmNpcFdBVFY4SXJha2k0YkdpSGY0SzhmeF9HMmVyRWJuNUsyTFlqWQ%3D%3D&count=200&rank_token=1073026362_dadaa4b0-3f48-4d4d-a373-e2c22043d5c3&search_surface=follow_list_page&query=&enable_groups=true (269.0.0.18.75, OnePlus 6T Dev)
2025-09-30 13:54:40,270 - INFO - ✅ Successfully retrieved 350 following accounts
2025-09-30 13:54:40,289 - INFO - Saved data to instagram_data/scraping_progress.json
2025-09-30 13:54:40,289 - INFO - Waiting 10 seconds before next account...
2025-09-30 13:54:50,293 - INFO - 
[7/25] Processing __zhjw
2025-09-30 13:54:50,293 - INFO - 
============================================================
2025-09-30 13:54:50,293 - INFO - Processing account: __zhjw
2025-09-30 13:54:50,293 - INFO - ============================================================
2025-09-30 13:54:50,293 - INFO - Fetching user info for __zhjw...
2025-09-30 13:54:51,755 - INFO - [None] [200] GET https://www.instagram.com/api/v1/users/web_profile_info/?username=__zhjw
2025-09-30 13:54:51,756 - ERROR - extract_user_gql() got an unexpected keyword argument 'update_headers'
Traceback (most recent call last):
  File "/opt/miniconda3/lib/python3.11/site-packages/instagrapi/mixins/user.py", line 203, in user_info_by_username
    user = self.user_info_by_username_gql(username)
           ^^^^^^^^^^^^^^^^^^^^^^^^^^^^^^^^^^^^^^^^
  File "/opt/miniconda3/lib/python3.11/site-packages/instagrapi/mixins/user.py", line 155, in user_info_by_username_gql
    data = extract_user_gql(json.loads(self.public_request(f'https://www.instagram.com/api/v1/users/web_profile_info/?username={username}', headers=temporary_public_headers))['data']['user'], update_headers=update_headers)
           ^^^^^^^^^^^^^^^^^^^^^^^^^^^^^^^^^^^^^^^^^^^^^^^^^^^^^^^^^^^^^^^^^^^^^^^^^^^^^^^^^^^^^^^^^^^^^^^^^^^^^^^^^^^^^^^^^^^^^^^^^^^^^^^^^^^^^^^^^^^^^^^^^^^^^^^^^^^^^^^^^^^^^^^^^^^^^^^^^^^^^^^^^^^^^^^^^^^^^^^^^^^^^^^^^^^
TypeError: extract_user_gql() got an unexpected keyword argument 'update_headers'
2025-09-30 13:54:52,767 - INFO - https://i.instagram.com/api/v1/users/__zhjw/usernameinfo/
2025-09-30 13:54:53,391 - INFO - fretin98 [200] GET https://i.instagram.com/api/v1/users/__zhjw/usernameinfo/ (269.0.0.18.75, OnePlus 6T Dev)
2025-09-30 13:54:53,392 - INFO - Account stats: 317 followers, 307 following
2025-09-30 13:54:53,393 - INFO - Fetching following list for __zhjw...
2025-09-30 13:54:54,397 - INFO - https://i.instagram.com/api/v1/friendships/2233583993/following/
2025-09-30 13:54:55,749 - INFO - fretin98 [200] GET https://i.instagram.com/api/v1/friendships/2233583993/following/?max_id=&count=200&rank_token=1073026362_dadaa4b0-3f48-4d4d-a373-e2c22043d5c3&search_surface=follow_list_page&query=&enable_groups=true (269.0.0.18.75, OnePlus 6T Dev)
2025-09-30 13:54:56,758 - INFO - https://i.instagram.com/api/v1/friendships/2233583993/following/
2025-09-30 13:54:57,629 - INFO - fretin98 [200] GET https://i.instagram.com/api/v1/friendships/2233583993/following/?max_id=QVFDZk9mYlpRT0s2dXBFWmZnSkNTaUZodFBQMEp0NTdfZjg0dXdYWUZKWEdGYTZsWTVJNkQzVG9qaXBTWTdYYXNSXy1EWUVTRXJOdERyWGhMblM0MHRzZQ%3D%3D&count=200&rank_token=1073026362_dadaa4b0-3f48-4d4d-a373-e2c22043d5c3&search_surface=follow_list_page&query=&enable_groups=true (269.0.0.18.75, OnePlus 6T Dev)
2025-09-30 13:54:57,632 - INFO - ✅ Successfully retrieved 308 following accounts
2025-09-30 13:54:57,643 - INFO - Saved data to instagram_data/scraping_progress.json
2025-09-30 13:54:57,643 - INFO - Waiting 10 seconds before next account...
2025-09-30 13:55:07,653 - INFO - 
[8/25] Processing __zkrr
2025-09-30 13:55:07,654 - INFO - 
============================================================
2025-09-30 13:55:07,654 - INFO - Processing account: __zkrr
2025-09-30 13:55:07,654 - INFO - ============================================================
2025-09-30 13:55:07,654 - INFO - Fetching user info for __zkrr...
2025-09-30 13:55:09,349 - INFO - [None] [200] GET https://www.instagram.com/api/v1/users/web_profile_info/?username=__zkrr
2025-09-30 13:55:09,351 - ERROR - extract_user_gql() got an unexpected keyword argument 'update_headers'
Traceback (most recent call last):
  File "/opt/miniconda3/lib/python3.11/site-packages/instagrapi/mixins/user.py", line 203, in user_info_by_username
    user = self.user_info_by_username_gql(username)
           ^^^^^^^^^^^^^^^^^^^^^^^^^^^^^^^^^^^^^^^^
  File "/opt/miniconda3/lib/python3.11/site-packages/instagrapi/mixins/user.py", line 155, in user_info_by_username_gql
    data = extract_user_gql(json.loads(self.public_request(f'https://www.instagram.com/api/v1/users/web_profile_info/?username={username}', headers=temporary_public_headers))['data']['user'], update_headers=update_headers)
           ^^^^^^^^^^^^^^^^^^^^^^^^^^^^^^^^^^^^^^^^^^^^^^^^^^^^^^^^^^^^^^^^^^^^^^^^^^^^^^^^^^^^^^^^^^^^^^^^^^^^^^^^^^^^^^^^^^^^^^^^^^^^^^^^^^^^^^^^^^^^^^^^^^^^^^^^^^^^^^^^^^^^^^^^^^^^^^^^^^^^^^^^^^^^^^^^^^^^^^^^^^^^^^^^^^^
TypeError: extract_user_gql() got an unexpected keyword argument 'update_headers'
2025-09-30 13:55:10,353 - INFO - https://i.instagram.com/api/v1/users/__zkrr/usernameinfo/
2025-09-30 13:55:10,956 - INFO - fretin98 [200] GET https://i.instagram.com/api/v1/users/__zkrr/usernameinfo/ (269.0.0.18.75, OnePlus 6T Dev)
2025-09-30 13:55:10,957 - INFO - Account stats: 782 followers, 465 following
2025-09-30 13:55:10,957 - INFO - Fetching following list for __zkrr...
2025-09-30 13:55:11,968 - INFO - https://i.instagram.com/api/v1/friendships/5525924120/following/
2025-09-30 13:55:13,299 - INFO - fretin98 [200] GET https://i.instagram.com/api/v1/friendships/5525924120/following/?max_id=&count=200&rank_token=1073026362_dadaa4b0-3f48-4d4d-a373-e2c22043d5c3&search_surface=follow_list_page&query=&enable_groups=true (269.0.0.18.75, OnePlus 6T Dev)
2025-09-30 13:55:14,314 - INFO - https://i.instagram.com/api/v1/friendships/5525924120/following/
2025-09-30 13:55:14,542 - INFO - fretin98 [401] GET https://i.instagram.com/api/v1/friendships/5525924120/following/?max_id=QVFEbHk0VUZONmtmQkh0QlI3TWw5cHp5WHNIblB5cDl4WjBTMGFrcnhUYy16X082NmlIaEFibnN4ZXRpOUgteFVHdVlOamtBQ3JSZ2VxWEZ4Y3RHeVJTdw%3D%3D&count=200&rank_token=1073026362_dadaa4b0-3f48-4d4d-a373-e2c22043d5c3&search_surface=follow_list_page&query=&enable_groups=true (269.0.0.18.75, OnePlus 6T Dev)
2025-09-30 13:55:14,542 - WARNING - Rate limit hit for __zkrr: Please wait a few minutes before you try again.
2025-09-30 13:55:14,564 - INFO - Saved data to instagram_data/scraping_progress.json
2025-09-30 13:55:14,564 - INFO - Waiting 10 seconds before next account...
2025-09-30 13:55:24,574 - INFO - 
[9/25] Processing _a_zhuang
2025-09-30 13:55:24,574 - INFO - 
============================================================
2025-09-30 13:55:24,574 - INFO - Processing account: _a_zhuang
2025-09-30 13:55:24,574 - INFO - ============================================================
2025-09-30 13:55:24,575 - INFO - Fetching user info for _a_zhuang...
2025-09-30 13:55:26,264 - INFO - [None] [200] GET https://www.instagram.com/api/v1/users/web_profile_info/?username=_a_zhuang
2025-09-30 13:55:26,266 - ERROR - extract_user_gql() got an unexpected keyword argument 'update_headers'
Traceback (most recent call last):
  File "/opt/miniconda3/lib/python3.11/site-packages/instagrapi/mixins/user.py", line 203, in user_info_by_username
    user = self.user_info_by_username_gql(username)
           ^^^^^^^^^^^^^^^^^^^^^^^^^^^^^^^^^^^^^^^^
  File "/opt/miniconda3/lib/python3.11/site-packages/instagrapi/mixins/user.py", line 155, in user_info_by_username_gql
    data = extract_user_gql(json.loads(self.public_request(f'https://www.instagram.com/api/v1/users/web_profile_info/?username={username}', headers=temporary_public_headers))['data']['user'], update_headers=update_headers)
           ^^^^^^^^^^^^^^^^^^^^^^^^^^^^^^^^^^^^^^^^^^^^^^^^^^^^^^^^^^^^^^^^^^^^^^^^^^^^^^^^^^^^^^^^^^^^^^^^^^^^^^^^^^^^^^^^^^^^^^^^^^^^^^^^^^^^^^^^^^^^^^^^^^^^^^^^^^^^^^^^^^^^^^^^^^^^^^^^^^^^^^^^^^^^^^^^^^^^^^^^^^^^^^^^^^^
TypeError: extract_user_gql() got an unexpected keyword argument 'update_headers'
2025-09-30 13:55:27,270 - INFO - https://i.instagram.com/api/v1/users/_a_zhuang/usernameinfo/
2025-09-30 13:55:27,482 - INFO - fretin98 [403] GET https://i.instagram.com/api/v1/users/_a_zhuang/usernameinfo/ (269.0.0.18.75, OnePlus 6T Dev)
2025-09-30 13:55:27,483 - ERROR - Unexpected error processing _a_zhuang: login_required
2025-09-30 13:55:27,489 - INFO - Waiting 10 seconds before next account...
2025-09-30 13:55:37,499 - INFO - 
[10/25] Processing _artofkim_
2025-09-30 13:55:37,500 - INFO - 
============================================================
2025-09-30 13:55:37,501 - INFO - Processing account: _artofkim_
2025-09-30 13:55:37,502 - INFO - ============================================================
2025-09-30 13:55:37,503 - INFO - Fetching user info for _artofkim_...
2025-09-30 13:55:38,665 - INFO - [None] [200] GET https://www.instagram.com/api/v1/users/web_profile_info/?username=_artofkim_
2025-09-30 13:55:38,666 - ERROR - 'data'
Traceback (most recent call last):
  File "/opt/miniconda3/lib/python3.11/site-packages/instagrapi/mixins/user.py", line 203, in user_info_by_username
    user = self.user_info_by_username_gql(username)
           ^^^^^^^^^^^^^^^^^^^^^^^^^^^^^^^^^^^^^^^^
  File "/opt/miniconda3/lib/python3.11/site-packages/instagrapi/mixins/user.py", line 155, in user_info_by_username_gql
    data = extract_user_gql(json.loads(self.public_request(f'https://www.instagram.com/api/v1/users/web_profile_info/?username={username}', headers=temporary_public_headers))['data']['user'], update_headers=update_headers)
                            ~~~~~~~~~~~~~~~~~~~~~~~~~~~~~~~~~~~~~~~~~~~~~~~~~~~~~~~~~~~~~~~~~~~~~~~~~~~~~~~~~~~~~~~~~~~~~~~~~~~~~~~~~~~~~~~~~~~~~~~~~~~~~~~~~~~~~~~~~~~~~~~~~~^^^^^^^^
KeyError: 'data'
2025-09-30 13:55:39,670 - INFO - https://i.instagram.com/api/v1/users/_artofkim_/usernameinfo/
2025-09-30 13:55:39,985 - INFO - fretin98 [403] GET https://i.instagram.com/api/v1/users/_artofkim_/usernameinfo/ (269.0.0.18.75, OnePlus 6T Dev)
2025-09-30 13:55:39,986 - ERROR - Unexpected error processing _artofkim_: login_required
2025-09-30 13:55:39,988 - INFO - Waiting 10 seconds before next account...
2025-09-30 13:55:49,990 - INFO - 
[11/25] Processing _chenxi_xu_
2025-09-30 13:55:49,990 - INFO - 
============================================================
2025-09-30 13:55:49,990 - INFO - Processing account: _chenxi_xu_
2025-09-30 13:55:49,990 - INFO - ============================================================
2025-09-30 13:55:49,990 - INFO - Fetching user info for _chenxi_xu_...
2025-09-30 13:55:51,270 - INFO - [None] [200] GET https://www.instagram.com/api/v1/users/web_profile_info/?username=_chenxi_xu_
2025-09-30 13:55:51,271 - ERROR - extract_user_gql() got an unexpected keyword argument 'update_headers'
Traceback (most recent call last):
  File "/opt/miniconda3/lib/python3.11/site-packages/instagrapi/mixins/user.py", line 203, in user_info_by_username
    user = self.user_info_by_username_gql(username)
           ^^^^^^^^^^^^^^^^^^^^^^^^^^^^^^^^^^^^^^^^
  File "/opt/miniconda3/lib/python3.11/site-packages/instagrapi/mixins/user.py", line 155, in user_info_by_username_gql
    data = extract_user_gql(json.loads(self.public_request(f'https://www.instagram.com/api/v1/users/web_profile_info/?username={username}', headers=temporary_public_headers))['data']['user'], update_headers=update_headers)
           ^^^^^^^^^^^^^^^^^^^^^^^^^^^^^^^^^^^^^^^^^^^^^^^^^^^^^^^^^^^^^^^^^^^^^^^^^^^^^^^^^^^^^^^^^^^^^^^^^^^^^^^^^^^^^^^^^^^^^^^^^^^^^^^^^^^^^^^^^^^^^^^^^^^^^^^^^^^^^^^^^^^^^^^^^^^^^^^^^^^^^^^^^^^^^^^^^^^^^^^^^^^^^^^^^^^
TypeError: extract_user_gql() got an unexpected keyword argument 'update_headers'
2025-09-30 13:55:52,280 - INFO - https://i.instagram.com/api/v1/users/_chenxi_xu_/usernameinfo/
2025-09-30 13:55:52,424 - INFO - fretin98 [403] GET https://i.instagram.com/api/v1/users/_chenxi_xu_/usernameinfo/ (269.0.0.18.75, OnePlus 6T Dev)
2025-09-30 13:55:52,425 - ERROR - Unexpected error processing _chenxi_xu_: login_required
2025-09-30 13:55:52,427 - INFO - Waiting 10 seconds before next account...
2025-09-30 13:56:02,429 - INFO - 
[12/25] Processing _elizabeth_7814
2025-09-30 13:56:02,429 - INFO - 
============================================================
2025-09-30 13:56:02,430 - INFO - Processing account: _elizabeth_7814
2025-09-30 13:56:02,430 - INFO - ============================================================
2025-09-30 13:56:02,430 - INFO - Fetching user info for _elizabeth_7814...
2025-09-30 13:56:03,742 - INFO - [None] [200] GET https://www.instagram.com/api/v1/users/web_profile_info/?username=_elizabeth_7814
2025-09-30 13:56:03,743 - ERROR - extract_user_gql() got an unexpected keyword argument 'update_headers'
Traceback (most recent call last):
  File "/opt/miniconda3/lib/python3.11/site-packages/instagrapi/mixins/user.py", line 203, in user_info_by_username
    user = self.user_info_by_username_gql(username)
           ^^^^^^^^^^^^^^^^^^^^^^^^^^^^^^^^^^^^^^^^
  File "/opt/miniconda3/lib/python3.11/site-packages/instagrapi/mixins/user.py", line 155, in user_info_by_username_gql
    data = extract_user_gql(json.loads(self.public_request(f'https://www.instagram.com/api/v1/users/web_profile_info/?username={username}', headers=temporary_public_headers))['data']['user'], update_headers=update_headers)
           ^^^^^^^^^^^^^^^^^^^^^^^^^^^^^^^^^^^^^^^^^^^^^^^^^^^^^^^^^^^^^^^^^^^^^^^^^^^^^^^^^^^^^^^^^^^^^^^^^^^^^^^^^^^^^^^^^^^^^^^^^^^^^^^^^^^^^^^^^^^^^^^^^^^^^^^^^^^^^^^^^^^^^^^^^^^^^^^^^^^^^^^^^^^^^^^^^^^^^^^^^^^^^^^^^^^
TypeError: extract_user_gql() got an unexpected keyword argument 'update_headers'
2025-09-30 13:56:04,747 - INFO - https://i.instagram.com/api/v1/users/_elizabeth_7814/usernameinfo/
2025-09-30 13:56:04,892 - INFO - fretin98 [403] GET https://i.instagram.com/api/v1/users/_elizabeth_7814/usernameinfo/ (269.0.0.18.75, OnePlus 6T Dev)
2025-09-30 13:56:04,893 - ERROR - Unexpected error processing _elizabeth_7814: login_required
2025-09-30 13:56:04,894 - INFO - Waiting 10 seconds before next account...
2025-09-30 13:56:14,904 - INFO - 
[13/25] Processing _keith_hayes
2025-09-30 13:56:14,906 - INFO - 
============================================================
2025-09-30 13:56:14,906 - INFO - Processing account: _keith_hayes
2025-09-30 13:56:14,906 - INFO - ============================================================
2025-09-30 13:56:14,907 - INFO - Fetching user info for _keith_hayes...
2025-09-30 13:56:16,339 - INFO - [None] [200] GET https://www.instagram.com/api/v1/users/web_profile_info/?username=_keith_hayes
2025-09-30 13:56:16,340 - ERROR - extract_user_gql() got an unexpected keyword argument 'update_headers'
Traceback (most recent call last):
  File "/opt/miniconda3/lib/python3.11/site-packages/instagrapi/mixins/user.py", line 203, in user_info_by_username
    user = self.user_info_by_username_gql(username)
           ^^^^^^^^^^^^^^^^^^^^^^^^^^^^^^^^^^^^^^^^
  File "/opt/miniconda3/lib/python3.11/site-packages/instagrapi/mixins/user.py", line 155, in user_info_by_username_gql
    data = extract_user_gql(json.loads(self.public_request(f'https://www.instagram.com/api/v1/users/web_profile_info/?username={username}', headers=temporary_public_headers))['data']['user'], update_headers=update_headers)
           ^^^^^^^^^^^^^^^^^^^^^^^^^^^^^^^^^^^^^^^^^^^^^^^^^^^^^^^^^^^^^^^^^^^^^^^^^^^^^^^^^^^^^^^^^^^^^^^^^^^^^^^^^^^^^^^^^^^^^^^^^^^^^^^^^^^^^^^^^^^^^^^^^^^^^^^^^^^^^^^^^^^^^^^^^^^^^^^^^^^^^^^^^^^^^^^^^^^^^^^^^^^^^^^^^^^
TypeError: extract_user_gql() got an unexpected keyword argument 'update_headers'
2025-09-30 13:56:17,351 - INFO - https://i.instagram.com/api/v1/users/_keith_hayes/usernameinfo/
2025-09-30 13:56:17,498 - INFO - fretin98 [403] GET https://i.instagram.com/api/v1/users/_keith_hayes/usernameinfo/ (269.0.0.18.75, OnePlus 6T Dev)
2025-09-30 13:56:17,498 - ERROR - Unexpected error processing _keith_hayes: login_required
2025-09-30 13:56:17,501 - INFO - Waiting 10 seconds before next account...
2025-09-30 13:56:27,502 - INFO - 
[14/25] Processing _lyndsyyyy_
2025-09-30 13:56:27,503 - INFO - 
============================================================
2025-09-30 13:56:27,503 - INFO - Processing account: _lyndsyyyy_
2025-09-30 13:56:27,503 - INFO - ============================================================
2025-09-30 13:56:27,503 - INFO - Fetching user info for _lyndsyyyy_...
2025-09-30 13:56:29,963 - INFO - [None] [200] GET https://www.instagram.com/api/v1/users/web_profile_info/?username=_lyndsyyyy_
2025-09-30 13:56:29,967 - ERROR - extract_user_gql() got an unexpected keyword argument 'update_headers'
Traceback (most recent call last):
  File "/opt/miniconda3/lib/python3.11/site-packages/instagrapi/mixins/user.py", line 203, in user_info_by_username
    user = self.user_info_by_username_gql(username)
           ^^^^^^^^^^^^^^^^^^^^^^^^^^^^^^^^^^^^^^^^
  File "/opt/miniconda3/lib/python3.11/site-packages/instagrapi/mixins/user.py", line 155, in user_info_by_username_gql
    data = extract_user_gql(json.loads(self.public_request(f'https://www.instagram.com/api/v1/users/web_profile_info/?username={username}', headers=temporary_public_headers))['data']['user'], update_headers=update_headers)
           ^^^^^^^^^^^^^^^^^^^^^^^^^^^^^^^^^^^^^^^^^^^^^^^^^^^^^^^^^^^^^^^^^^^^^^^^^^^^^^^^^^^^^^^^^^^^^^^^^^^^^^^^^^^^^^^^^^^^^^^^^^^^^^^^^^^^^^^^^^^^^^^^^^^^^^^^^^^^^^^^^^^^^^^^^^^^^^^^^^^^^^^^^^^^^^^^^^^^^^^^^^^^^^^^^^^
TypeError: extract_user_gql() got an unexpected keyword argument 'update_headers'
2025-09-30 13:56:30,969 - INFO - https://i.instagram.com/api/v1/users/_lyndsyyyy_/usernameinfo/
2025-09-30 13:56:31,154 - INFO - fretin98 [403] GET https://i.instagram.com/api/v1/users/_lyndsyyyy_/usernameinfo/ (269.0.0.18.75, OnePlus 6T Dev)
2025-09-30 13:56:31,154 - ERROR - Unexpected error processing _lyndsyyyy_: login_required
2025-09-30 13:56:31,156 - INFO - Waiting 10 seconds before next account...
2025-09-30 13:56:41,166 - INFO - 
[15/25] Processing _myk010
2025-09-30 13:56:41,167 - INFO - 
============================================================
2025-09-30 13:56:41,167 - INFO - Processing account: _myk010
2025-09-30 13:56:41,167 - INFO - ============================================================
2025-09-30 13:56:41,167 - INFO - Fetching user info for _myk010...
2025-09-30 13:56:42,347 - INFO - [None] [404] GET https://www.instagram.com/api/v1/users/web_profile_info/?username=_myk010
2025-09-30 13:56:43,355 - INFO - https://i.instagram.com/api/v1/users/_myk010/usernameinfo/
2025-09-30 13:56:43,507 - INFO - fretin98 [403] GET https://i.instagram.com/api/v1/users/_myk010/usernameinfo/ (269.0.0.18.75, OnePlus 6T Dev)
2025-09-30 13:56:43,508 - ERROR - Unexpected error processing _myk010: login_required
2025-09-30 13:56:43,512 - INFO - Waiting 10 seconds before next account...
2025-09-30 13:56:53,521 - INFO - 
[16/25] Processing _panyan98
2025-09-30 13:56:53,522 - INFO - 
============================================================
2025-09-30 13:56:53,522 - INFO - Processing account: _panyan98
2025-09-30 13:56:53,522 - INFO - ============================================================
2025-09-30 13:56:53,522 - INFO - Fetching user info for _panyan98...
2025-09-30 13:56:55,122 - INFO - [None] [200] GET https://www.instagram.com/api/v1/users/web_profile_info/?username=_panyan98
2025-09-30 13:56:55,125 - ERROR - extract_user_gql() got an unexpected keyword argument 'update_headers'
Traceback (most recent call last):
  File "/opt/miniconda3/lib/python3.11/site-packages/instagrapi/mixins/user.py", line 203, in user_info_by_username
    user = self.user_info_by_username_gql(username)
           ^^^^^^^^^^^^^^^^^^^^^^^^^^^^^^^^^^^^^^^^
  File "/opt/miniconda3/lib/python3.11/site-packages/instagrapi/mixins/user.py", line 155, in user_info_by_username_gql
    data = extract_user_gql(json.loads(self.public_request(f'https://www.instagram.com/api/v1/users/web_profile_info/?username={username}', headers=temporary_public_headers))['data']['user'], update_headers=update_headers)
           ^^^^^^^^^^^^^^^^^^^^^^^^^^^^^^^^^^^^^^^^^^^^^^^^^^^^^^^^^^^^^^^^^^^^^^^^^^^^^^^^^^^^^^^^^^^^^^^^^^^^^^^^^^^^^^^^^^^^^^^^^^^^^^^^^^^^^^^^^^^^^^^^^^^^^^^^^^^^^^^^^^^^^^^^^^^^^^^^^^^^^^^^^^^^^^^^^^^^^^^^^^^^^^^^^^^
TypeError: extract_user_gql() got an unexpected keyword argument 'update_headers'
2025-09-30 13:56:56,134 - INFO - https://i.instagram.com/api/v1/users/_panyan98/usernameinfo/
2025-09-30 13:56:56,319 - INFO - fretin98 [403] GET https://i.instagram.com/api/v1/users/_panyan98/usernameinfo/ (269.0.0.18.75, OnePlus 6T Dev)
2025-09-30 13:56:56,320 - ERROR - Unexpected error processing _panyan98: login_required
2025-09-30 13:56:56,322 - INFO - Waiting 10 seconds before next account...
2025-09-30 13:57:06,324 - INFO - 
[17/25] Processing _skeshaw
2025-09-30 13:57:06,325 - INFO - 
============================================================
2025-09-30 13:57:06,325 - INFO - Processing account: _skeshaw
2025-09-30 13:57:06,325 - INFO - ============================================================
2025-09-30 13:57:06,325 - INFO - Fetching user info for _skeshaw...
2025-09-30 13:57:07,550 - INFO - [None] [200] GET https://www.instagram.com/api/v1/users/web_profile_info/?username=_skeshaw
2025-09-30 13:57:07,550 - ERROR - extract_user_gql() got an unexpected keyword argument 'update_headers'
Traceback (most recent call last):
  File "/opt/miniconda3/lib/python3.11/site-packages/instagrapi/mixins/user.py", line 203, in user_info_by_username
    user = self.user_info_by_username_gql(username)
           ^^^^^^^^^^^^^^^^^^^^^^^^^^^^^^^^^^^^^^^^
  File "/opt/miniconda3/lib/python3.11/site-packages/instagrapi/mixins/user.py", line 155, in user_info_by_username_gql
    data = extract_user_gql(json.loads(self.public_request(f'https://www.instagram.com/api/v1/users/web_profile_info/?username={username}', headers=temporary_public_headers))['data']['user'], update_headers=update_headers)
           ^^^^^^^^^^^^^^^^^^^^^^^^^^^^^^^^^^^^^^^^^^^^^^^^^^^^^^^^^^^^^^^^^^^^^^^^^^^^^^^^^^^^^^^^^^^^^^^^^^^^^^^^^^^^^^^^^^^^^^^^^^^^^^^^^^^^^^^^^^^^^^^^^^^^^^^^^^^^^^^^^^^^^^^^^^^^^^^^^^^^^^^^^^^^^^^^^^^^^^^^^^^^^^^^^^^
TypeError: extract_user_gql() got an unexpected keyword argument 'update_headers'
2025-09-30 13:57:08,561 - INFO - https://i.instagram.com/api/v1/users/_skeshaw/usernameinfo/
2025-09-30 13:57:08,791 - INFO - fretin98 [403] GET https://i.instagram.com/api/v1/users/_skeshaw/usernameinfo/ (269.0.0.18.75, OnePlus 6T Dev)
2025-09-30 13:57:08,792 - ERROR - Unexpected error processing _skeshaw: login_required
2025-09-30 13:57:08,793 - INFO - Waiting 10 seconds before next account...
2025-09-30 13:57:18,797 - INFO - 
[18/25] Processing _sophia_hastings
2025-09-30 13:57:18,797 - INFO - 
============================================================
2025-09-30 13:57:18,797 - INFO - Processing account: _sophia_hastings
2025-09-30 13:57:18,798 - INFO - ============================================================
2025-09-30 13:57:18,798 - INFO - Fetching user info for _sophia_hastings...
2025-09-30 13:57:20,339 - INFO - [None] [200] GET https://www.instagram.com/api/v1/users/web_profile_info/?username=_sophia_hastings
2025-09-30 13:57:20,341 - ERROR - extract_user_gql() got an unexpected keyword argument 'update_headers'
Traceback (most recent call last):
  File "/opt/miniconda3/lib/python3.11/site-packages/instagrapi/mixins/user.py", line 203, in user_info_by_username
    user = self.user_info_by_username_gql(username)
           ^^^^^^^^^^^^^^^^^^^^^^^^^^^^^^^^^^^^^^^^
  File "/opt/miniconda3/lib/python3.11/site-packages/instagrapi/mixins/user.py", line 155, in user_info_by_username_gql
    data = extract_user_gql(json.loads(self.public_request(f'https://www.instagram.com/api/v1/users/web_profile_info/?username={username}', headers=temporary_public_headers))['data']['user'], update_headers=update_headers)
           ^^^^^^^^^^^^^^^^^^^^^^^^^^^^^^^^^^^^^^^^^^^^^^^^^^^^^^^^^^^^^^^^^^^^^^^^^^^^^^^^^^^^^^^^^^^^^^^^^^^^^^^^^^^^^^^^^^^^^^^^^^^^^^^^^^^^^^^^^^^^^^^^^^^^^^^^^^^^^^^^^^^^^^^^^^^^^^^^^^^^^^^^^^^^^^^^^^^^^^^^^^^^^^^^^^^
TypeError: extract_user_gql() got an unexpected keyword argument 'update_headers'
2025-09-30 13:57:21,344 - INFO - https://i.instagram.com/api/v1/users/_sophia_hastings/usernameinfo/
2025-09-30 13:57:21,492 - INFO - fretin98 [403] GET https://i.instagram.com/api/v1/users/_sophia_hastings/usernameinfo/ (269.0.0.18.75, OnePlus 6T Dev)
2025-09-30 13:57:21,493 - ERROR - Unexpected error processing _sophia_hastings: login_required
2025-09-30 13:57:21,495 - INFO - Waiting 10 seconds before next account...
2025-09-30 13:57:31,497 - INFO - 
[19/25] Processing _the_tristan
2025-09-30 13:57:31,497 - INFO - 
============================================================
2025-09-30 13:57:31,497 - INFO - Processing account: _the_tristan
2025-09-30 13:57:31,497 - INFO - ============================================================
2025-09-30 13:57:31,498 - INFO - Fetching user info for _the_tristan...
2025-09-30 13:57:33,128 - INFO - [None] [200] GET https://www.instagram.com/api/v1/users/web_profile_info/?username=_the_tristan
2025-09-30 13:57:33,128 - ERROR - extract_user_gql() got an unexpected keyword argument 'update_headers'
Traceback (most recent call last):
  File "/opt/miniconda3/lib/python3.11/site-packages/instagrapi/mixins/user.py", line 203, in user_info_by_username
    user = self.user_info_by_username_gql(username)
           ^^^^^^^^^^^^^^^^^^^^^^^^^^^^^^^^^^^^^^^^
  File "/opt/miniconda3/lib/python3.11/site-packages/instagrapi/mixins/user.py", line 155, in user_info_by_username_gql
    data = extract_user_gql(json.loads(self.public_request(f'https://www.instagram.com/api/v1/users/web_profile_info/?username={username}', headers=temporary_public_headers))['data']['user'], update_headers=update_headers)
           ^^^^^^^^^^^^^^^^^^^^^^^^^^^^^^^^^^^^^^^^^^^^^^^^^^^^^^^^^^^^^^^^^^^^^^^^^^^^^^^^^^^^^^^^^^^^^^^^^^^^^^^^^^^^^^^^^^^^^^^^^^^^^^^^^^^^^^^^^^^^^^^^^^^^^^^^^^^^^^^^^^^^^^^^^^^^^^^^^^^^^^^^^^^^^^^^^^^^^^^^^^^^^^^^^^^
TypeError: extract_user_gql() got an unexpected keyword argument 'update_headers'
2025-09-30 13:57:34,135 - INFO - https://i.instagram.com/api/v1/users/_the_tristan/usernameinfo/
2025-09-30 13:57:34,286 - INFO - fretin98 [403] GET https://i.instagram.com/api/v1/users/_the_tristan/usernameinfo/ (269.0.0.18.75, OnePlus 6T Dev)
2025-09-30 13:57:34,286 - ERROR - Unexpected error processing _the_tristan: login_required
2025-09-30 13:57:34,288 - INFO - Waiting 10 seconds before next account...
2025-09-30 13:57:44,291 - INFO - 
[20/25] Processing _tinbrain_
2025-09-30 13:57:44,291 - INFO - 
============================================================
2025-09-30 13:57:44,292 - INFO - Processing account: _tinbrain_
2025-09-30 13:57:44,292 - INFO - ============================================================
2025-09-30 13:57:44,292 - INFO - Fetching user info for _tinbrain_...
2025-09-30 13:57:46,650 - INFO - [None] [200] GET https://www.instagram.com/api/v1/users/web_profile_info/?username=_tinbrain_
2025-09-30 13:57:46,652 - ERROR - extract_user_gql() got an unexpected keyword argument 'update_headers'
Traceback (most recent call last):
  File "/opt/miniconda3/lib/python3.11/site-packages/instagrapi/mixins/user.py", line 203, in user_info_by_username
    user = self.user_info_by_username_gql(username)
           ^^^^^^^^^^^^^^^^^^^^^^^^^^^^^^^^^^^^^^^^
  File "/opt/miniconda3/lib/python3.11/site-packages/instagrapi/mixins/user.py", line 155, in user_info_by_username_gql
    data = extract_user_gql(json.loads(self.public_request(f'https://www.instagram.com/api/v1/users/web_profile_info/?username={username}', headers=temporary_public_headers))['data']['user'], update_headers=update_headers)
           ^^^^^^^^^^^^^^^^^^^^^^^^^^^^^^^^^^^^^^^^^^^^^^^^^^^^^^^^^^^^^^^^^^^^^^^^^^^^^^^^^^^^^^^^^^^^^^^^^^^^^^^^^^^^^^^^^^^^^^^^^^^^^^^^^^^^^^^^^^^^^^^^^^^^^^^^^^^^^^^^^^^^^^^^^^^^^^^^^^^^^^^^^^^^^^^^^^^^^^^^^^^^^^^^^^^
TypeError: extract_user_gql() got an unexpected keyword argument 'update_headers'
2025-09-30 13:57:47,662 - INFO - https://i.instagram.com/api/v1/users/_tinbrain_/usernameinfo/
2025-09-30 13:57:47,809 - INFO - fretin98 [403] GET https://i.instagram.com/api/v1/users/_tinbrain_/usernameinfo/ (269.0.0.18.75, OnePlus 6T Dev)
2025-09-30 13:57:47,809 - ERROR - Unexpected error processing _tinbrain_: login_required
2025-09-30 13:57:47,809 - INFO - Waiting 10 seconds before next account...
2025-09-30 13:57:57,819 - INFO - 
[21/25] Processing _wtt_ella
2025-09-30 13:57:57,820 - INFO - 
============================================================
2025-09-30 13:57:57,820 - INFO - Processing account: _wtt_ella
2025-09-30 13:57:57,820 - INFO - ============================================================
2025-09-30 13:57:57,820 - INFO - Fetching user info for _wtt_ella...
2025-09-30 13:58:00,171 - INFO - [None] [200] GET https://www.instagram.com/api/v1/users/web_profile_info/?username=_wtt_ella
2025-09-30 13:58:00,172 - ERROR - extract_user_gql() got an unexpected keyword argument 'update_headers'
Traceback (most recent call last):
  File "/opt/miniconda3/lib/python3.11/site-packages/instagrapi/mixins/user.py", line 203, in user_info_by_username
    user = self.user_info_by_username_gql(username)
           ^^^^^^^^^^^^^^^^^^^^^^^^^^^^^^^^^^^^^^^^
  File "/opt/miniconda3/lib/python3.11/site-packages/instagrapi/mixins/user.py", line 155, in user_info_by_username_gql
    data = extract_user_gql(json.loads(self.public_request(f'https://www.instagram.com/api/v1/users/web_profile_info/?username={username}', headers=temporary_public_headers))['data']['user'], update_headers=update_headers)
           ^^^^^^^^^^^^^^^^^^^^^^^^^^^^^^^^^^^^^^^^^^^^^^^^^^^^^^^^^^^^^^^^^^^^^^^^^^^^^^^^^^^^^^^^^^^^^^^^^^^^^^^^^^^^^^^^^^^^^^^^^^^^^^^^^^^^^^^^^^^^^^^^^^^^^^^^^^^^^^^^^^^^^^^^^^^^^^^^^^^^^^^^^^^^^^^^^^^^^^^^^^^^^^^^^^^
TypeError: extract_user_gql() got an unexpected keyword argument 'update_headers'
2025-09-30 13:58:01,178 - INFO - https://i.instagram.com/api/v1/users/_wtt_ella/usernameinfo/
2025-09-30 13:58:01,354 - INFO - fretin98 [403] GET https://i.instagram.com/api/v1/users/_wtt_ella/usernameinfo/ (269.0.0.18.75, OnePlus 6T Dev)
2025-09-30 13:58:01,354 - ERROR - Unexpected error processing _wtt_ella: login_required
2025-09-30 13:58:01,355 - INFO - Waiting 10 seconds before next account...
2025-09-30 13:58:11,365 - INFO - 
[22/25] Processing _yueqigu9
2025-09-30 13:58:11,365 - INFO - 
============================================================
2025-09-30 13:58:11,365 - INFO - Processing account: _yueqigu9
2025-09-30 13:58:11,366 - INFO - ============================================================
2025-09-30 13:58:11,367 - INFO - Fetching user info for _yueqigu9...
2025-09-30 13:58:12,586 - INFO - [None] [200] GET https://www.instagram.com/api/v1/users/web_profile_info/?username=_yueqigu9
2025-09-30 13:58:12,586 - ERROR - extract_user_gql() got an unexpected keyword argument 'update_headers'
Traceback (most recent call last):
  File "/opt/miniconda3/lib/python3.11/site-packages/instagrapi/mixins/user.py", line 203, in user_info_by_username
    user = self.user_info_by_username_gql(username)
           ^^^^^^^^^^^^^^^^^^^^^^^^^^^^^^^^^^^^^^^^
  File "/opt/miniconda3/lib/python3.11/site-packages/instagrapi/mixins/user.py", line 155, in user_info_by_username_gql
    data = extract_user_gql(json.loads(self.public_request(f'https://www.instagram.com/api/v1/users/web_profile_info/?username={username}', headers=temporary_public_headers))['data']['user'], update_headers=update_headers)
           ^^^^^^^^^^^^^^^^^^^^^^^^^^^^^^^^^^^^^^^^^^^^^^^^^^^^^^^^^^^^^^^^^^^^^^^^^^^^^^^^^^^^^^^^^^^^^^^^^^^^^^^^^^^^^^^^^^^^^^^^^^^^^^^^^^^^^^^^^^^^^^^^^^^^^^^^^^^^^^^^^^^^^^^^^^^^^^^^^^^^^^^^^^^^^^^^^^^^^^^^^^^^^^^^^^^
TypeError: extract_user_gql() got an unexpected keyword argument 'update_headers'
2025-09-30 13:58:13,597 - INFO - https://i.instagram.com/api/v1/users/_yueqigu9/usernameinfo/
2025-09-30 13:58:13,735 - INFO - fretin98 [403] GET https://i.instagram.com/api/v1/users/_yueqigu9/usernameinfo/ (269.0.0.18.75, OnePlus 6T Dev)
2025-09-30 13:58:13,735 - ERROR - Unexpected error processing _yueqigu9: login_required
2025-09-30 13:58:13,736 - INFO - Waiting 10 seconds before next account...
2025-09-30 13:58:23,746 - INFO - 
[23/25] Processing a.ymt28
2025-09-30 13:58:23,747 - INFO - 
============================================================
2025-09-30 13:58:23,747 - INFO - Processing account: a.ymt28
2025-09-30 13:58:23,747 - INFO - ============================================================
2025-09-30 13:58:23,747 - INFO - Fetching user info for a.ymt28...
2025-09-30 13:58:25,157 - INFO - [None] [200] GET https://www.instagram.com/api/v1/users/web_profile_info/?username=a.ymt28
2025-09-30 13:58:25,157 - ERROR - extract_user_gql() got an unexpected keyword argument 'update_headers'
Traceback (most recent call last):
  File "/opt/miniconda3/lib/python3.11/site-packages/instagrapi/mixins/user.py", line 203, in user_info_by_username
    user = self.user_info_by_username_gql(username)
           ^^^^^^^^^^^^^^^^^^^^^^^^^^^^^^^^^^^^^^^^
  File "/opt/miniconda3/lib/python3.11/site-packages/instagrapi/mixins/user.py", line 155, in user_info_by_username_gql
    data = extract_user_gql(json.loads(self.public_request(f'https://www.instagram.com/api/v1/users/web_profile_info/?username={username}', headers=temporary_public_headers))['data']['user'], update_headers=update_headers)
           ^^^^^^^^^^^^^^^^^^^^^^^^^^^^^^^^^^^^^^^^^^^^^^^^^^^^^^^^^^^^^^^^^^^^^^^^^^^^^^^^^^^^^^^^^^^^^^^^^^^^^^^^^^^^^^^^^^^^^^^^^^^^^^^^^^^^^^^^^^^^^^^^^^^^^^^^^^^^^^^^^^^^^^^^^^^^^^^^^^^^^^^^^^^^^^^^^^^^^^^^^^^^^^^^^^^
TypeError: extract_user_gql() got an unexpected keyword argument 'update_headers'
2025-09-30 13:58:26,166 - INFO - https://i.instagram.com/api/v1/users/a.ymt28/usernameinfo/
2025-09-30 13:58:26,406 - INFO - fretin98 [403] GET https://i.instagram.com/api/v1/users/a.ymt28/usernameinfo/ (269.0.0.18.75, OnePlus 6T Dev)
2025-09-30 13:58:26,406 - ERROR - Unexpected error processing a.ymt28: login_required
2025-09-30 13:58:26,408 - INFO - Waiting 10 seconds before next account...
2025-09-30 13:58:36,414 - INFO - 
[24/25] Processing a_toi_omega_
2025-09-30 13:58:36,414 - INFO - 
============================================================
2025-09-30 13:58:36,415 - INFO - Processing account: a_toi_omega_
2025-09-30 13:58:36,415 - INFO - ============================================================
2025-09-30 13:58:36,415 - INFO - Fetching user info for a_toi_omega_...
2025-09-30 13:58:37,658 - INFO - [None] [404] GET https://www.instagram.com/api/v1/users/web_profile_info/?username=a_toi_omega_
2025-09-30 13:58:38,659 - INFO - https://i.instagram.com/api/v1/users/a_toi_omega_/usernameinfo/
2025-09-30 13:58:38,878 - INFO - fretin98 [403] GET https://i.instagram.com/api/v1/users/a_toi_omega_/usernameinfo/ (269.0.0.18.75, OnePlus 6T Dev)
2025-09-30 13:58:38,879 - ERROR - Unexpected error processing a_toi_omega_: login_required
2025-09-30 13:58:38,880 - INFO - Waiting 10 seconds before next account...
2025-09-30 13:58:48,885 - INFO - 
[25/25] Processing aanqi_cc
2025-09-30 13:58:48,886 - INFO - 
============================================================
2025-09-30 13:58:48,887 - INFO - Processing account: aanqi_cc
2025-09-30 13:58:48,887 - INFO - ============================================================
2025-09-30 13:58:48,887 - INFO - Fetching user info for aanqi_cc...
2025-09-30 13:58:50,688 - INFO - [None] [200] GET https://www.instagram.com/api/v1/users/web_profile_info/?username=aanqi_cc
2025-09-30 13:58:50,689 - ERROR - extract_user_gql() got an unexpected keyword argument 'update_headers'
Traceback (most recent call last):
  File "/opt/miniconda3/lib/python3.11/site-packages/instagrapi/mixins/user.py", line 203, in user_info_by_username
    user = self.user_info_by_username_gql(username)
           ^^^^^^^^^^^^^^^^^^^^^^^^^^^^^^^^^^^^^^^^
  File "/opt/miniconda3/lib/python3.11/site-packages/instagrapi/mixins/user.py", line 155, in user_info_by_username_gql
    data = extract_user_gql(json.loads(self.public_request(f'https://www.instagram.com/api/v1/users/web_profile_info/?username={username}', headers=temporary_public_headers))['data']['user'], update_headers=update_headers)
           ^^^^^^^^^^^^^^^^^^^^^^^^^^^^^^^^^^^^^^^^^^^^^^^^^^^^^^^^^^^^^^^^^^^^^^^^^^^^^^^^^^^^^^^^^^^^^^^^^^^^^^^^^^^^^^^^^^^^^^^^^^^^^^^^^^^^^^^^^^^^^^^^^^^^^^^^^^^^^^^^^^^^^^^^^^^^^^^^^^^^^^^^^^^^^^^^^^^^^^^^^^^^^^^^^^^
TypeError: extract_user_gql() got an unexpected keyword argument 'update_headers'
2025-09-30 13:58:51,699 - INFO - https://i.instagram.com/api/v1/users/aanqi_cc/usernameinfo/
2025-09-30 13:58:51,855 - INFO - fretin98 [403] GET https://i.instagram.com/api/v1/users/aanqi_cc/usernameinfo/ (269.0.0.18.75, OnePlus 6T Dev)
2025-09-30 13:58:51,856 - ERROR - Unexpected error processing aanqi_cc: login_required
2025-09-30 13:58:51,858 - INFO - Waiting 10 seconds before next account...
2025-09-30 13:59:01,869 - INFO - Saved data to instagram_data/daily_sessions.json
2025-09-30 13:59:01,871 - INFO - 
============================================================
2025-09-30 13:59:01,871 - INFO - SCRAPING SESSION COMPLETE
2025-09-30 13:59:01,872 - INFO - ============================================================
2025-09-30 13:59:01,872 - INFO - Processed: 25 accounts
2025-09-30 13:59:01,872 - INFO - Successful: 23 accounts
2025-09-30 13:59:01,872 - INFO - Errors: 2 accounts
2025-09-30 13:59:01,873 - INFO - Remaining in queue: 1205
2025-09-30 13:59:01,875 - INFO - 
Updated Account Status:
2025-09-30 13:59:01,876 - INFO -   unprocessed: 0 accounts (0.0%)
2025-09-30 13:59:01,876 - INFO -   incomplete: 37 accounts (2.6%)
2025-09-30 13:59:01,876 - INFO -   rate_limited: 1186 accounts (84.4%)
2025-09-30 13:59:01,876 - INFO -   complete: 49 accounts (3.5%)
2025-09-30 13:59:01,876 - INFO -   skipped: 97 accounts (6.9%)
2025-09-30 13:59:01,876 - INFO -   empty: 37 accounts (2.6%)
2025-09-30 13:59:01,877 - INFO - 
============================================================
