2025-09-30 18:56:42,600 - INFO - ============================================================
2025-09-30 18:56:42,600 - INFO - Instagram Scraper with Instagrapi Starting
2025-09-30 18:56:42,600 - INFO - ============================================================
2025-09-30 18:56:42,600 - INFO - Loading existing data...
2025-09-30 18:56:42,602 - INFO - Loaded 1406 accounts from queue
2025-09-30 18:56:42,602 - INFO - 
Account Categories:
2025-09-30 18:56:42,602 - INFO -   unprocessed: 0 accounts (0.0%)
2025-09-30 18:56:42,602 - INFO -   incomplete: 42 accounts (3.0%)
2025-09-30 18:56:42,603 - INFO -   rate_limited: 1077 accounts (76.6%)
2025-09-30 18:56:42,603 - INFO -   complete: 149 accounts (10.6%)
2025-09-30 18:56:42,603 - INFO -   skipped: 97 accounts (6.9%)
2025-09-30 18:56:42,603 - INFO -   empty: 41 accounts (2.9%)
2025-09-30 18:56:42,603 - INFO - 
Total accounts to process: 1119
2025-09-30 18:56:42,603 - INFO - Will process up to 25 accounts this session
2025-09-30 18:56:42,603 - INFO - 
Logging in as fretin98...
2025-09-30 18:56:42,603 - INFO - https://i.instagram.com/api/v1/launcher/sync/
2025-09-30 18:56:43,361 - INFO - fretin98 [200] POST https://i.instagram.com/api/v1/launcher/sync/ (269.0.0.18.75, OnePlus 6T Dev)
2025-09-30 18:56:43,765 - INFO - https://i.instagram.com/api/v1/accounts/login/
2025-09-30 18:56:48,445 - INFO - fretin98 [200] POST https://i.instagram.com/api/v1/accounts/login/ (269.0.0.18.75, OnePlus 6T Dev)
2025-09-30 18:56:49,446 - INFO - https://i.instagram.com/api/v1/feed/reels_tray/
2025-09-30 18:56:49,644 - INFO - fretin98 [400] POST https://i.instagram.com/api/v1/feed/reels_tray/ (269.0.0.18.75, OnePlus 6T Dev)
2025-09-30 18:56:50,647 - INFO - https://i.instagram.com/api/v1/challenge/
2025-09-30 18:56:50,939 - INFO - fretin98 [400] GET https://i.instagram.com/api/v1/challenge/ (269.0.0.18.75, OnePlus 6T Dev)
2025-09-30 18:57:07,542 - INFO - https://i.instagram.com/api/v1/feed/reels_tray/
2025-09-30 18:57:08,176 - INFO - fretin98 [400] POST https://i.instagram.com/api/v1/feed/reels_tray/ (269.0.0.18.75, OnePlus 6T Dev)
2025-09-30 18:57:08,177 - ERROR - ❌ Login failed: challenge_required
