2025-09-30 18:34:56,925 - INFO - ============================================================
2025-09-30 18:34:56,925 - INFO - Instagram Scraper with Instagrapi Starting
2025-09-30 18:34:56,925 - INFO - ============================================================
2025-09-30 18:34:56,925 - INFO - Loading existing data...
2025-09-30 18:34:56,927 - INFO - Loaded 1406 accounts from queue
2025-09-30 18:34:56,927 - INFO - 
Account Categories:
2025-09-30 18:34:56,927 - INFO -   unprocessed: 0 accounts (0.0%)
2025-09-30 18:34:56,927 - INFO -   incomplete: 42 accounts (3.0%)
2025-09-30 18:34:56,927 - INFO -   rate_limited: 1077 accounts (76.6%)
2025-09-30 18:34:56,927 - INFO -   complete: 149 accounts (10.6%)
2025-09-30 18:34:56,927 - INFO -   skipped: 97 accounts (6.9%)
2025-09-30 18:34:56,927 - INFO -   empty: 41 accounts (2.9%)
2025-09-30 18:34:56,927 - INFO - 
Total accounts to process: 1119
2025-09-30 18:34:56,927 - INFO - Will process up to 25 accounts this session
2025-09-30 18:34:56,927 - INFO - 
Logging in as fretin98...
2025-09-30 18:34:56,928 - INFO - https://i.instagram.com/api/v1/launcher/sync/
2025-09-30 18:34:57,601 - INFO - fretin98 [200] POST https://i.instagram.com/api/v1/launcher/sync/ (269.0.0.18.75, OnePlus 6T Dev)
2025-09-30 18:34:58,010 - INFO - https://i.instagram.com/api/v1/accounts/login/
2025-09-30 18:35:04,507 - INFO - fretin98 [200] POST https://i.instagram.com/api/v1/accounts/login/ (269.0.0.18.75, OnePlus 6T Dev)
2025-09-30 18:35:05,516 - INFO - https://i.instagram.com/api/v1/feed/reels_tray/
2025-09-30 18:35:05,726 - INFO - fretin98 [400] POST https://i.instagram.com/api/v1/feed/reels_tray/ (269.0.0.18.75, OnePlus 6T Dev)
2025-09-30 18:35:06,730 - INFO - https://i.instagram.com/api/v1/challenge/
2025-09-30 18:35:07,111 - INFO - fretin98 [400] GET https://i.instagram.com/api/v1/challenge/ (269.0.0.18.75, OnePlus 6T Dev)
2025-09-30 18:35:23,730 - INFO - https://i.instagram.com/api/v1/feed/reels_tray/
2025-09-30 18:35:23,884 - INFO - fretin98 [400] POST https://i.instagram.com/api/v1/feed/reels_tray/ (269.0.0.18.75, OnePlus 6T Dev)
2025-09-30 18:35:23,884 - ERROR - ❌ Login failed: challenge_required
