2025-09-30 13:30:31,938 - INFO - ============================================================
2025-09-30 13:30:31,938 - INFO - Instagram Scraper with Instagrapi Starting
2025-09-30 13:30:31,938 - INFO - ============================================================
2025-09-30 13:30:31,938 - INFO - Loading existing data...
2025-09-30 13:30:31,940 - INFO - Loaded 1406 accounts from queue
2025-09-30 13:30:31,940 - INFO - 
Account Categories:
2025-09-30 13:30:31,940 - INFO -   unprocessed: 0 accounts (0.0%)
2025-09-30 13:30:31,940 - INFO -   incomplete: 35 accounts (2.5%)
2025-09-30 13:30:31,941 - INFO -   rate_limited: 1199 accounts (85.3%)
2025-09-30 13:30:31,941 - INFO -   complete: 39 accounts (2.8%)
2025-09-30 13:30:31,941 - INFO -   skipped: 97 accounts (6.9%)
2025-09-30 13:30:31,941 - INFO -   empty: 36 accounts (2.6%)
2025-09-30 13:30:31,941 - INFO - 
Total accounts to process: 1234
2025-09-30 13:30:31,941 - INFO - Will process up to 25 accounts this session
2025-09-30 13:30:31,941 - INFO - 
Logging in as fretin98...
2025-09-30 13:30:31,941 - INFO - https://i.instagram.com/api/v1/launcher/sync/
2025-09-30 13:30:32,534 - INFO - fretin98 [200] POST https://i.instagram.com/api/v1/launcher/sync/ (269.0.0.18.75, OnePlus 6T Dev)
2025-09-30 13:30:32,906 - INFO - https://i.instagram.com/api/v1/accounts/login/
2025-09-30 13:30:37,783 - INFO - fretin98 [200] POST https://i.instagram.com/api/v1/accounts/login/ (269.0.0.18.75, OnePlus 6T Dev)
2025-09-30 13:30:38,788 - INFO - https://i.instagram.com/api/v1/feed/reels_tray/
2025-09-30 13:30:38,985 - INFO - fretin98 [400] POST https://i.instagram.com/api/v1/feed/reels_tray/ (269.0.0.18.75, OnePlus 6T Dev)
2025-09-30 13:30:39,990 - INFO - https://i.instagram.com/api/v1/challenge/
2025-09-30 13:30:40,341 - INFO - fretin98 [400] GET https://i.instagram.com/api/v1/challenge/ (269.0.0.18.75, OnePlus 6T Dev)
2025-09-30 13:30:56,839 - INFO - https://i.instagram.com/api/v1/feed/reels_tray/
2025-09-30 13:30:56,983 - INFO - fretin98 [400] POST https://i.instagram.com/api/v1/feed/reels_tray/ (269.0.0.18.75, OnePlus 6T Dev)
2025-09-30 13:30:56,983 - ERROR - ❌ Login failed: challenge_required
